Component: ARM Compiler 5.06 update 7 (build 960) Tool: armlink [4d3601]

==============================================================================

Section Cross References

    startup_stm32f407xx.o(STACK) refers (Special) to heapauxi.o(.text) for __use_two_region_memory
    startup_stm32f407xx.o(HEAP) refers (Special) to heapauxi.o(.text) for __use_two_region_memory
    startup_stm32f407xx.o(RESET) refers (Special) to heapauxi.o(.text) for __use_two_region_memory
    startup_stm32f407xx.o(RESET) refers to startup_stm32f407xx.o(STACK) for __initial_sp
    startup_stm32f407xx.o(RESET) refers to startup_stm32f407xx.o(.text) for Reset_Handler
    startup_stm32f407xx.o(RESET) refers to stm32f4xx_it.o(i.NMI_Handler) for NMI_Handler
    startup_stm32f407xx.o(RESET) refers to stm32f4xx_it.o(i.HardFault_Handler) for HardFault_Handler
    startup_stm32f407xx.o(RESET) refers to stm32f4xx_it.o(i.MemManage_Handler) for MemManage_Handler
    startup_stm32f407xx.o(RESET) refers to stm32f4xx_it.o(i.BusFault_Handler) for BusFault_Handler
    startup_stm32f407xx.o(RESET) refers to stm32f4xx_it.o(i.UsageFault_Handler) for UsageFault_Handler
    startup_stm32f407xx.o(RESET) refers to port.o(.emb_text) for SVC_Handler
    startup_stm32f407xx.o(RESET) refers to stm32f4xx_it.o(i.DebugMon_Handler) for DebugMon_Handler
    startup_stm32f407xx.o(RESET) refers to port.o(i.SysTick_Handler) for SysTick_Handler
    startup_stm32f407xx.o(RESET) refers to stm32f4xx_it.o(i.EXTI3_IRQHandler) for EXTI3_IRQHandler
    startup_stm32f407xx.o(RESET) refers to stm32f4xx_it.o(i.EXTI4_IRQHandler) for EXTI4_IRQHandler
    startup_stm32f407xx.o(RESET) refers to stm32f4xx_it.o(i.DMA1_Stream1_IRQHandler) for DMA1_Stream1_IRQHandler
    startup_stm32f407xx.o(RESET) refers to stm32f4xx_it.o(i.CAN1_TX_IRQHandler) for CAN1_TX_IRQHandler
    startup_stm32f407xx.o(RESET) refers to stm32f4xx_it.o(i.CAN1_RX0_IRQHandler) for CAN1_RX0_IRQHandler
    startup_stm32f407xx.o(RESET) refers to stm32f4xx_it.o(i.EXTI9_5_IRQHandler) for EXTI9_5_IRQHandler
    startup_stm32f407xx.o(RESET) refers to stm32f4xx_it.o(i.TIM2_IRQHandler) for TIM2_IRQHandler
    startup_stm32f407xx.o(RESET) refers to stm32f4xx_it.o(i.USART1_IRQHandler) for USART1_IRQHandler
    startup_stm32f407xx.o(RESET) refers to stm32f4xx_it.o(i.DMA2_Stream0_IRQHandler) for DMA2_Stream0_IRQHandler
    startup_stm32f407xx.o(RESET) refers to stm32f4xx_it.o(i.DMA2_Stream1_IRQHandler) for DMA2_Stream1_IRQHandler
    startup_stm32f407xx.o(RESET) refers to stm32f4xx_it.o(i.DMA2_Stream2_IRQHandler) for DMA2_Stream2_IRQHandler
    startup_stm32f407xx.o(RESET) refers to stm32f4xx_it.o(i.DMA2_Stream3_IRQHandler) for DMA2_Stream3_IRQHandler
    startup_stm32f407xx.o(RESET) refers to stm32f4xx_it.o(i.CAN2_TX_IRQHandler) for CAN2_TX_IRQHandler
    startup_stm32f407xx.o(RESET) refers to stm32f4xx_it.o(i.CAN2_RX1_IRQHandler) for CAN2_RX1_IRQHandler
    startup_stm32f407xx.o(RESET) refers to stm32f4xx_it.o(i.OTG_FS_IRQHandler) for OTG_FS_IRQHandler
    startup_stm32f407xx.o(RESET) refers to stm32f4xx_it.o(i.DMA2_Stream6_IRQHandler) for DMA2_Stream6_IRQHandler
    startup_stm32f407xx.o(RESET) refers to stm32f4xx_it.o(i.DMA2_Stream7_IRQHandler) for DMA2_Stream7_IRQHandler
    startup_stm32f407xx.o(RESET) refers to referee_usart_task.o(i.USART6_IRQHandler) for USART6_IRQHandler
    startup_stm32f407xx.o(.text) refers (Special) to heapauxi.o(.text) for __use_two_region_memory
    startup_stm32f407xx.o(.text) refers to system_stm32f4xx.o(i.SystemInit) for SystemInit
    startup_stm32f407xx.o(.text) refers to __main.o(!!!main) for __main
    startup_stm32f407xx.o(.text) refers to startup_stm32f407xx.o(HEAP) for Heap_Mem
    startup_stm32f407xx.o(.text) refers to startup_stm32f407xx.o(STACK) for Stack_Mem
    main.o(i.HAL_TIM_PeriodElapsedCallback) refers to stm32f4xx_hal.o(i.HAL_IncTick) for HAL_IncTick
    main.o(i.SystemClock_Config) refers to rt_memclr_w.o(.text) for __aeabi_memclr4
    main.o(i.SystemClock_Config) refers to stm32f4xx_hal_rcc.o(i.HAL_RCC_OscConfig) for HAL_RCC_OscConfig
    main.o(i.SystemClock_Config) refers to main.o(i.Error_Handler) for Error_Handler
    main.o(i.SystemClock_Config) refers to stm32f4xx_hal_rcc.o(i.HAL_RCC_ClockConfig) for HAL_RCC_ClockConfig
    main.o(i.main) refers to stm32f4xx_hal.o(i.HAL_Init) for HAL_Init
    main.o(i.main) refers to main.o(i.SystemClock_Config) for SystemClock_Config
    main.o(i.main) refers to gpio.o(i.MX_GPIO_Init) for MX_GPIO_Init
    main.o(i.main) refers to dma.o(i.MX_DMA_Init) for MX_DMA_Init
    main.o(i.main) refers to spi.o(i.MX_SPI1_Init) for MX_SPI1_Init
    main.o(i.main) refers to tim.o(i.MX_TIM10_Init) for MX_TIM10_Init
    main.o(i.main) refers to can.o(i.MX_CAN1_Init) for MX_CAN1_Init
    main.o(i.main) refers to can.o(i.MX_CAN2_Init) for MX_CAN2_Init
    main.o(i.main) refers to usart.o(i.MX_USART3_UART_Init) for MX_USART3_UART_Init
    main.o(i.main) refers to usart.o(i.MX_USART6_UART_Init) for MX_USART6_UART_Init
[...]
    trajectory_1m_3                          0x2000a30a   Data          15  steering_ui.o(.bss)
    trajectory_1m_4                          0x2000a319   Data          15  steering_ui.o(.bss)
    chassis_crash_left                       0x2000a328   Data          15  steering_ui.o(.bss)
    chassis_crash_right                      0x2000a337   Data          15  steering_ui.o(.bss)
    state_1                                  0x2000a346   Data          45  steering_ui.o(.bss)
    state_2                                  0x2000a373   Data          45  steering_ui.o(.bss)
    state_3                                  0x2000a3a0   Data          45  steering_ui.o(.bss)
    state_4                                  0x2000a3cd   Data          45  steering_ui.o(.bss)
    state_5                                  0x2000a3fa   Data          45  steering_ui.o(.bss)
    chassis_1                                0x2000a427   Data          15  steering_ui.o(.bss)
    chassis_2                                0x2000a436   Data          15  steering_ui.o(.bss)
    chassis_3                                0x2000a445   Data          15  steering_ui.o(.bss)
    chassis_4                                0x2000a454   Data          15  steering_ui.o(.bss)
    chassis_5                                0x2000a463   Data          15  steering_ui.o(.bss)
    chassis_6                                0x2000a472   Data          15  steering_ui.o(.bss)
    vision_1                                 0x2000a481   Data          15  steering_ui.o(.bss)
    vision_2                                 0x2000a490   Data          15  steering_ui.o(.bss)
    vision_3                                 0x2000a49f   Data          15  steering_ui.o(.bss)
    vision_4                                 0x2000a4ae   Data          15  steering_ui.o(.bss)
    vision_5                                 0x2000a4bd   Data          15  steering_ui.o(.bss)
    vision_6                                 0x2000a4cc   Data          15  steering_ui.o(.bss)
    vision_7                                 0x2000a4db   Data          15  steering_ui.o(.bss)
    shoot_1                                  0x2000a4ea   Data          15  steering_ui.o(.bss)
    shoot_2                                  0x2000a4f9   Data          15  steering_ui.o(.bss)
    shoot_3                                  0x2000a508   Data          15  steering_ui.o(.bss)
    shoot_4                                  0x2000a517   Data          15  steering_ui.o(.bss)
    shoot_5                                  0x2000a526   Data          15  steering_ui.o(.bss)
    supercap_1                               0x2000a535   Data          15  steering_ui.o(.bss)
    supercap_2                               0x2000a544   Data          15  steering_ui.o(.bss)
    supercap_3                               0x2000a553   Data          15  steering_ui.o(.bss)
    supercap_4                               0x2000a562   Data          15  steering_ui.o(.bss)
    bullet_1                                 0x2000a571   Data          15  steering_ui.o(.bss)
    bullet_2                                 0x2000a580   Data          15  steering_ui.o(.bss)
    bullet_3                                 0x2000a58f   Data          15  steering_ui.o(.bss)
    bullet_4                                 0x2000a59e   Data          15  steering_ui.o(.bss)
    target_1                                 0x2000a5ad   Data          15  steering_ui.o(.bss)
    target_2                                 0x2000a5bc   Data          15  steering_ui.o(.bss)
    target_3                                 0x2000a5cb   Data          15  steering_ui.o(.bss)
    target_4                                 0x2000a5da   Data          15  steering_ui.o(.bss)
    target_5                                 0x2000a5e9   Data          15  steering_ui.o(.bss)
    target_6                                 0x2000a5f8   Data          15  steering_ui.o(.bss)
    target_7                                 0x2000a607   Data          15  steering_ui.o(.bss)
    target_8                                 0x2000a616   Data          15  steering_ui.o(.bss)
    SC_Outline_Arc_1                         0x2000a625   Data          15  steering_ui.o(.bss)
    SC_Outline_Arc_2                         0x2000a634   Data          15  steering_ui.o(.bss)
    SC_Outline_Line_1                        0x2000a643   Data          15  steering_ui.o(.bss)
    SC_Outline_Line_2                        0x2000a652   Data          15  steering_ui.o(.bss)
    SC_Vol_Arc                               0x2000a661   Data          15  steering_ui.o(.bss)
    Pitch_Angle_1                            0x2000a670   Data          15  steering_ui.o(.bss)
    energy_1                                 0x2000a67f   Data          15  steering_ui.o(.bss)
    __libspace_start                         0x2000a690   Data          96  libspace.o(.bss)
    __temporary_stack_top$libspace           0x2000a6f0   Data           0  libspace.o(.bss)



==============================================================================

Memory Map of the image

  Image Entry point : 0x08000189

  Load Region LR_IROM1 (Base: 0x08000000, Size: 0x000178ac, Max: 0x00100000, ABSOLUTE, COMPRESSED[0x00017294])

    Execution Region ER_IROM1 (Exec base: 0x08000000, Load base: 0x08000000, Size: 0x00017190, Max: 0x00100000, ABSOLUTE)

    Exec Addr    Load Addr    Size         Type   Attr      Idx    E Section Name        Object

    0x08000000   0x08000000   0x00000188   Data   RO            3    RESET               startup_stm32f407xx.o
    0x08000188   0x08000188   0x00000008   Code   RO        10974  * !!!main             c_w.l(__main.o)
    0x08000190   0x08000190   0x00000034   Code   RO        11439    !!!scatter          c_w.l(__scatter.o)
    0x080001c4   0x080001c4   0x0000005a   Code   RO        11437    !!dczerorl2         c_w.l(__dczerorl2.o)
    0x0800021e   0x0800021e   0x00000002   PAD
    0x08000220   0x08000220   0x0000001c   Code   RO        11441    !!handler_zi        c_w.l(__scatter_zi.o)
    0x0800023c   0x0800023c   0x00000002   Code   RO        11374    .ARM.Collect$$libinit$$00000000  c_w.l(libinit.o)
    0x0800023e   0x0800023e   0x00000004   Code   RO        11167    .ARM.Collect$$libinit$$00000001  c_w.l(libinit2.o)
    0x08000242   0x08000242   0x00000000   Code   RO        11170    .ARM.Collect$$libinit$$00000004  c_w.l(libinit2.o)
    0x08000242   0x08000242   0x00000008   Code   RO        11171    .ARM.Collect$$libinit$$00000005  c_w.l(libinit2.o)
    0x0800024a   0x0800024a   0x00000000   Code   RO        11173    .ARM.Collect$$libinit$$0000000A  c_w.l(libinit2.o)
    0x0800024a   0x0800024a   0x00000000   Code   RO        11175    .ARM.Collect$$libinit$$0000000C  c_w.l(libinit2.o)
    0x0800024a   0x0800024a   0x00000000   Code   RO        11177    .ARM.Collect$$libinit$$0000000E  c_w.l(libinit2.o)
    0x0800024a   0x0800024a   0x00000000   Code   RO        11180    .ARM.Collect$$libinit$$00000011  c_w.l(libinit2.o)
    0x0800024a   0x0800024a   0x00000000   Code   RO        11182    .ARM.Collect$$libinit$$00000013  c_w.l(libinit2.o)
    0x0800024a   0x0800024a   0x00000000   Code   RO        11184    .ARM.Collect$$libinit$$00000015  c_w.l(libinit2.o)
    0x0800024a   0x0800024a   0x00000000   Code   RO        11186    .ARM.Collect$$libinit$$00000017  c_w.l(libinit2.o)
    0x0800024a   0x0800024a   0x00000000   Code   RO        11188    .ARM.Collect$$libinit$$00000019  c_w.l(libinit2.o)
    0x0800024a   0x0800024a   0x00000000   Code   RO        11190    .ARM.Collect$$libinit$$0000001B  c_w.l(libinit2.o)
    0x0800024a   0x0800024a   0x00000000   Code   RO        11192    .ARM.Collect$$libinit$$0000001D  c_w.l(libinit2.o)
    0x0800024a   0x0800024a   0x00000000   Code   RO        11194    .ARM.Collect$$libinit$$0000001F  c_w.l(libinit2.o)
    0x0800024a   0x0800024a   0x00000000   Code   RO        11196    .ARM.Collect$$libinit$$00000021  c_w.l(libinit2.o)
    0x0800024a   0x0800024a   0x00000000   Code   RO        11198    .ARM.Collect$$libinit$$00000023  c_w.l(libinit2.o)
    0x0800024a   0x0800024a   0x00000000   Code   RO        11200    .ARM.Collect$$libinit$$00000025  c_w.l(libinit2.o)
    0x0800024a   0x0800024a   0x00000000   Code   RO        11204    .ARM.Collect$$libinit$$0000002C  c_w.l(libinit2.o)
    0x0800024a   0x0800024a   0x00000000   Code   RO        11206    .ARM.Collect$$libinit$$0000002E  c_w.l(libinit2.o)
    0x0800024a   0x0800024a   0x00000000   Code   RO        11208    .ARM.Collect$$libinit$$00000030  c_w.l(libinit2.o)
    0x0800024a   0x0800024a   0x00000000   Code   RO        11210    .ARM.Collect$$libinit$$00000032  c_w.l(libinit2.o)
    0x0800024a   0x0800024a   0x00000002   Code   RO        11211    .ARM.Collect$$libinit$$00000033  c_w.l(libinit2.o)
    0x0800024c   0x0800024c   0x00000002   Code   RO        11434    .ARM.Collect$$libshutdown$$00000000  c_w.l(libshutdown.o)
    0x0800024e   0x0800024e   0x00000000   Code   RO        11390    .ARM.Collect$$libshutdown$$00000002  c_w.l(libshutdown2.o)
    0x0800024e   0x0800024e   0x00000000   Code   RO        11392    .ARM.Collect$$libshutdown$$00000004  c_w.l(libshutdown2.o)
    0x0800024e   0x0800024e   0x00000000   Code   RO        11394    .ARM.Collect$$libshutdown$$00000006  c_w.l(libshutdown2.o)
    0x0800024e   0x0800024e   0x00000000   Code   RO        11397    .ARM.Collect$$libshutdown$$00000009  c_w.l(libshutdown2.o)
    0x0800024e   0x0800024e   0x00000000   Code   RO        11400    .ARM.Collect$$libshutdown$$0000000C  c_w.l(libshutdown2.o)
    0x0800024e   0x0800024e   0x00000000   Code   RO        11402    .ARM.Collect$$libshutdown$$0000000E  c_w.l(libshutdown2.o)
    0x0800024e   0x0800024e   0x00000000   Code   RO        11405    .ARM.Collect$$libshutdown$$00000011  c_w.l(libshutdown2.o)
    0x0800024e   0x0800024e   0x00000002   Code   RO        11406    .ARM.Collect$$libshutdown$$00000012  c_w.l(libshutdown2.o)
    0x08000250   0x08000250   0x00000000   Code   RO        11124    .ARM.Collect$$rtentry$$00000000  c_w.l(__rtentry.o)
    0x08000250   0x08000250   0x00000000   Code   RO        11294    .ARM.Collect$$rtentry$$00000002  c_w.l(__rtentry2.o)
    0x08000250   0x08000250   0x00000006   Code   RO        11306    .ARM.Collect$$rtentry$$00000004  c_w.l(__rtentry4.o)
    0x08000256   0x08000256   0x00000000   Code   RO        11296    .ARM.Collect$$rtentry$$00000009  c_w.l(__rtentry2.o)
    0x08000256   0x08000256   0x00000004   Code   RO        11297    .ARM.Collect$$rtentry$$0000000A  c_w.l(__rtentry2.o)
    0x0800025a   0x0800025a   0x00000000   Code   RO        11299    .ARM.Collect$$rtentry$$0000000C  c_w.l(__rtentry2.o)
    0x0800025a   0x0800025a   0x00000008   Code   RO        11300    .ARM.Collect$$rtentry$$0000000D  c_w.l(__rtentry2.o)
    0x08000262   0x08000262   0x00000002   Code   RO        11377    .ARM.Collect$$rtexit$$00000000  c_w.l(rtexit.o)
    0x08000264   0x08000264   0x00000000   Code   RO        11410    .ARM.Collect$$rtexit$$00000002  c_w.l(rtexit2.o)
    0x08000264   0x08000264   0x00000004   Code   RO        11411    .ARM.Collect$$rtexit$$00000003  c_w.l(rtexit2.o)
    0x08000268   0x08000268   0x00000006   Code   RO        11412    .ARM.Collect$$rtexit$$00000004  c_w.l(rtexit2.o)
    0x0800026e   0x0800026e   0x00000002   PAD
    0x08000270   0x08000270   0x000000be   Code   RO         6933    .emb_text           port.o
    0x0800032e   0x0800032e   0x00000002   PAD
    0x08000330   0x08000330   0x00000000   Code   RO        11317    .emb_text           c_w.l(maybetermalloc1.o)
    0x08000330   0x08000330   0x00000040   Code   RO            4    .text               startup_stm32f407xx.o
    0x08000370   0x08000370   0x00000078   Code   RO        10555    .text               arm_cortexM4lf_math.lib(arm_cos_f32.o)
    0x080003e8   0x080003e8   0x00000094   Code   RO        10605    .text               arm_cortexM4lf_math.lib(arm_sin_f32.o)
    0x0800047c   0x0800047c   0x00000108   Code   RO        10629    .text               arm_cortexM4lf_math.lib(arm_mat_add_f32.o)
    0x08000584   0x08000584   0x00000008   Code   RO        10653    .text               arm_cortexM4lf_math.lib(arm_mat_init_f32.o)
    0x0800058c   0x0800058c   0x00000530   Code   RO        10677    .text               arm_cortexM4lf_math.lib(arm_mat_inverse_f32.o)
    0x08000abc   0x08000abc   0x0000013c   Code   RO        10701    .text               arm_cortexM4lf_math.lib(arm_mat_mult_f32.o)
    0x08000bf8   0x08000bf8   0x00000108   Code   RO        10725    .text               arm_cortexM4lf_math.lib(arm_mat_sub_f32.o)
    0x08000d00   0x08000d00   0x00000114   Code   RO        10749    .text               arm_cortexM4lf_math.lib(arm_mat_trans_f32.o)
    0x08000e14   0x08000e14   0x0000005e   Code   RO        10858    .text               c_w.l(h1_alloc.o)
    0x08000e72   0x08000e72   0x0000004e   Code   RO        10860    .text               c_w.l(h1_free.o)
    0x08000ec0   0x08000ec0   0x000000ee   Code   RO        10916    .text               c_w.l(lludivv7m.o)
    0x08000fae   0x08000fae   0x0000008a   Code   RO        10960    .text               c_w.l(rt_memcpy_v6.o)
    0x08001038   0x08001038   0x00000064   Code   RO        10962    .text               c_w.l(rt_memcpy_w.o)
    0x0800109c   0x0800109c   0x00000010   Code   RO        10966    .text               c_w.l(aeabi_memset.o)
    0x080010ac   0x080010ac   0x00000044   Code   RO        10968    .text               c_w.l(rt_memclr.o)
    0x080010f0   0x080010f0   0x0000004e   Code   RO        10970    .text               c_w.l(rt_memclr_w.o)
    0x0800113e   0x0800113e   0x00000006   Code   RO        10972    .text               c_w.l(heapauxi.o)
    0x08001144   0x08001144   0x00000008   Code   RO        11132    .text               c_w.l(rt_heap_descriptor_intlibspace.o)
    0x0800114c   0x0800114c   0x00000004   Code   RO        11134    .text               c_w.l(hguard.o)
    0x08001150   0x08001150   0x0000008a   Code   RO        11136    .text               c_w.l(init_alloc.o)
    0x080011da   0x080011da   0x0000000e   Code   RO        11140    .text               c_w.l(h1_init.o)
    0x080011e8   0x080011e8   0x00000016   Code   RO        11154    .text               c_w.l(_rserrno.o)
    0x080011fe   0x080011fe   0x00000002   PAD
    0x08001200   0x08001200   0x00000008   Code   RO        11290    .text               c_w.l(libspace.o)
    0x08001208   0x08001208   0x00000008   Code   RO        11313    .text               c_w.l(rt_errno_addr_intlibspace.o)
    0x08001210   0x08001210   0x00000034   Code   RO        11319    .text               c_w.l(h1_extend.o)
    0x08001244   0x08001244   0x00000030   Code   RO        11323    .text               c_w.l(_fptrap.o)
    0x08001274   0x08001274   0x0000000e   Code   RO        11327    .text               c_w.l(defsig_rtmem_outer.o)
    0x08001282   0x08001282   0x00000002   Code   RO        11346    .text               c_w.l(use_no_semi.o)
    0x08001284   0x08001284   0x00000000   Code   RO        11348    .text               c_w.l(indicate_semi.o)
    0x08001284   0x08001284   0x0000004a   Code   RO        11349    .text               c_w.l(sys_stackheap_outer.o)
    0x080012ce   0x080012ce   0x00000012   Code   RO        11355    .text               c_w.l(exit.o)
    0x080012e0   0x080012e0   0x0000000a   Code   RO        11357    .text               c_w.l(defsig_exit.o)
    0x080012ea   0x080012ea   0x0000000e   Code   RO        11359    .text               c_w.l(defsig_fpe_outer.o)
    0x080012f8   0x080012f8   0x00000050   Code   RO        11363    .text               c_w.l(defsig_rtmem_inner.o)
    0x08001348   0x08001348   0x0000000c   Code   RO        11375    .text               c_w.l(sys_exit.o)
    0x08001354   0x08001354   0x00000032   Code   RO        11385    .text               c_w.l(defsig_general.o)
    0x08001386   0x08001386   0x00000002   PAD
    0x08001388   0x08001388   0x000000ac   Code   RO        11387    .text               c_w.l(defsig_fpe_inner.o)
    0x08001434   0x08001434   0x0000000e   Code   RO        11407    .text               c_w.l(sys_wrch.o)
    0x08001442   0x08001442   0x000000cc   Code   RO         9805    i.Arc_Draw          nautilus_ui.o
    0x0800150e   0x0800150e   0x00000002   PAD
    0x08001510   0x08001510   0x00000014   Code   RO         7520    i.BMI088_ACCEL_NS_H  bmi088middleware.o
    0x08001524   0x08001524   0x00000014   Code   RO         7521    i.BMI088_ACCEL_NS_L  bmi088middleware.o
    0x08001538   0x08001538   0x00000014   Code   RO         7522    i.BMI088_GYRO_NS_H  bmi088middleware.o
    0x0800154c   0x0800154c   0x00000014   Code   RO         7523    i.BMI088_GYRO_NS_L  bmi088middleware.o
    0x08001560   0x08001560   0x0000027c   Code   RO         7439    i.BMI088_Read       bmi088driver.o
    0x080017dc   0x080017dc   0x00000098   Code   RO         7440    i.BMI088_init       bmi088driver.o
    0x08001874   0x08001874   0x00000026   Code   RO         7441    i.BMI088_read_muli_reg  bmi088driver.o
    0x0800189a   0x0800189a   0x00000018   Code   RO         7442    i.BMI088_read_single_reg  bmi088driver.o
    0x080018b2   0x080018b2   0x00000002   PAD
    0x080018b4   0x080018b4   0x00000024   Code   RO         7524    i.BMI088_read_write_byte  bmi088middleware.o
    0x080018d8   0x080018d8   0x00000014   Code   RO         7443    i.BMI088_write_single_reg  bmi088driver.o
    0x080018ec   0x080018ec   0x0000015a   Code   RO         9245    i.BodyFrameToEarthFrame  ins_task.o
    0x08001a46   0x08001a46   0x00000004   Code   RO         1208    i.BusFault_Handler  stm32f4xx_it.o
    0x08001a4a   0x08001a4a   0x00000002   PAD
    0x08001a4c   0x08001a4c   0x00000010   Code   RO         1209    i.CAN1_RX0_IRQHandler  stm32f4xx_it.o
    0x08001a5c   0x08001a5c   0x00000010   Code   RO         1210    i.CAN1_TX_IRQHandler  stm32f4xx_it.o
    0x08001a6c   0x08001a6c   0x00000010   Code   RO         1211    i.CAN2_RX1_IRQHandler  stm32f4xx_it.o
    0x08001a7c   0x08001a7c   0x00000010   Code   RO         1212    i.CAN2_TX_IRQHandler  stm32f4xx_it.o
    0x08001a8c   0x08001a8c   0x00000540   Code   RO         7444    i.Calibrate_MPU_Offset  bmi088driver.o
    0x08001fcc   0x08001fcc   0x000000c6   Code   RO         9806    i.Char_Draw         nautilus_ui.o
    0x08002092   0x08002092   0x0000000c   Code   RO          309    i.DETECT_task       freertos.o
    0x0800209e   0x0800209e   0x00000002   PAD
    0x080020a0   0x080020a0   0x00000010   Code   RO         1213    i.DMA1_Stream1_IRQHandler  stm32f4xx_it.o
    0x080020b0   0x080020b0   0x00000010   Code   RO         1214    i.DMA2_Stream0_IRQHandler  stm32f4xx_it.o
    0x080020c0   0x080020c0   0x00000010   Code   RO         1215    i.DMA2_Stream1_IRQHandler  stm32f4xx_it.o
    0x080020d0   0x080020d0   0x00000010   Code   RO         1216    i.DMA2_Stream2_IRQHandler  stm32f4xx_it.o
    0x080020e0   0x080020e0   0x00000010   Code   RO         1217    i.DMA2_Stream3_IRQHandler  stm32f4xx_it.o
    0x080020f0   0x080020f0   0x00000010   Code   RO         1218    i.DMA2_Stream6_IRQHandler  stm32f4xx_it.o
    0x08002100   0x08002100   0x00000010   Code   RO         1219    i.DMA2_Stream7_IRQHandler  stm32f4xx_it.o
    0x08002110   0x08002110   0x00000034   Code   RO         3522    i.DMA_CalcBaseAndBitshift  stm32f4xx_hal_dma.o
    0x08002144   0x08002144   0x000000aa   Code   RO         3523    i.DMA_CheckFifoParam  stm32f4xx_hal_dma.o
    0x080021ee   0x080021ee   0x0000002c   Code   RO         3524    i.DMA_SetConfig     stm32f4xx_hal_dma.o
    0x0800221a   0x0800221a   0x00000002   PAD
    0x0800221c   0x0800221c   0x00000030   Code   RO         7699    i.DWT_CNT_Update    bsp_dwt.o
    0x0800224c   0x0800224c   0x0000003c   Code   RO         7700    i.DWT_Delay         bsp_dwt.o
    0x08002288   0x08002288   0x0000004c   Code   RO         7701    i.DWT_GetDeltaT     bsp_dwt.o
    0x080022d4   0x080022d4   0x00000054   Code   RO         7704    i.DWT_GetTimeline_s  bsp_dwt.o
    0x08002328   0x08002328   0x00000074   Code   RO         7706    i.DWT_Init          bsp_dwt.o
    0x0800239c   0x0800239c   0x000000d0   Code   RO         7707    i.DWT_SysTimeUpdate  bsp_dwt.o
    0x0800246c   0x0800246c   0x00000002   Code   RO         1220    i.DebugMon_Handler  stm32f4xx_it.o
    0x0800246e   0x0800246e   0x0000000a   Code   RO         1221    i.EXTI3_IRQHandler  stm32f4xx_it.o
    0x08002478   0x08002478   0x0000000a   Code   RO         1222    i.EXTI4_IRQHandler  stm32f4xx_it.o
    0x08002482   0x08002482   0x0000000a   Code   RO         1223    i.EXTI9_5_IRQHandler  stm32f4xx_it.o
    0x0800248c   0x0800248c   0x0000015a   Code   RO         9246    i.EarthFrameToBodyFrame  ins_task.o
    0x080025e6   0x080025e6   0x00000006   Code   RO           13    i.Error_Handler     main.o
    0x080025ec   0x080025ec   0x00000028   Code   RO         9353    i.Error_Yaw         send_current_task.o
    0x08002614   0x08002614   0x0000007e   Code   RO         8219    i.FTSMC_init        smc.o
    0x08002692   0x08002692   0x00000002   PAD
    0x08002694   0x08002694   0x000000b8   Code   RO         9809    i.Float_Draw        nautilus_ui.o
    0x0800274c   0x0800274c   0x00000084   Code   RO         9248    i.Get_Angle_accel   ins_task.o
    0x080027d0   0x080027d0   0x0000002a   Code   RO         4219    i.HAL_CAN_ActivateNotification  stm32f4xx_hal_can.o
    0x080027fa   0x080027fa   0x0000014a   Code   RO         4220    i.HAL_CAN_AddTxMessage  stm32f4xx_hal_can.o
    0x08002944   0x08002944   0x00000120   Code   RO         4221    i.HAL_CAN_ConfigFilter  stm32f4xx_hal_can.o
    0x08002a64   0x08002a64   0x00000002   Code   RO         4224    i.HAL_CAN_ErrorCallback  stm32f4xx_hal_can.o
    0x08002a66   0x08002a66   0x00000194   Code   RO         4227    i.HAL_CAN_GetRxMessage  stm32f4xx_hal_can.o
    0x08002bfa   0x08002bfa   0x0000024e   Code   RO         4231    i.HAL_CAN_IRQHandler  stm32f4xx_hal_can.o
    0x08002e48   0x08002e48   0x00000174   Code   RO         4232    i.HAL_CAN_Init      stm32f4xx_hal_can.o
    0x08002fbc   0x08002fbc   0x00000180   Code   RO          430    i.HAL_CAN_MspInit   can.o
    0x0800313c   0x0800313c   0x00000002   Code   RO         4239    i.HAL_CAN_RxFifo0FullCallback  stm32f4xx_hal_can.o
    0x0800313e   0x0800313e   0x00000002   PAD
    0x08003140   0x08003140   0x0000022c   Code   RO         7803    i.HAL_CAN_RxFifo0MsgPendingCallback  can_receive.o
    0x0800336c   0x0800336c   0x00000002   Code   RO         4241    i.HAL_CAN_RxFifo1FullCallback  stm32f4xx_hal_can.o
    0x0800336e   0x0800336e   0x00000002   PAD
    0x08003370   0x08003370   0x00000088   Code   RO         7804    i.HAL_CAN_RxFifo1MsgPendingCallback  can_receive.o
    0x080033f8   0x080033f8   0x00000002   Code   RO         4243    i.HAL_CAN_SleepCallback  stm32f4xx_hal_can.o
    0x080033fa   0x080033fa   0x0000005e   Code   RO         4244    i.HAL_CAN_Start     stm32f4xx_hal_can.o
    0x08003458   0x08003458   0x00000002   Code   RO         4246    i.HAL_CAN_TxMailbox0AbortCallback  stm32f4xx_hal_can.o
    0x0800345a   0x0800345a   0x00000002   Code   RO         4247    i.HAL_CAN_TxMailbox0CompleteCallback  stm32f4xx_hal_can.o
    0x0800345c   0x0800345c   0x00000002   Code   RO         4248    i.HAL_CAN_TxMailbox1AbortCallback  stm32f4xx_hal_can.o
    0x0800345e   0x0800345e   0x00000002   Code   RO         4249    i.HAL_CAN_TxMailbox1CompleteCallback  stm32f4xx_hal_can.o
    0x08003460   0x08003460   0x00000002   Code   RO         4250    i.HAL_CAN_TxMailbox2AbortCallback  stm32f4xx_hal_can.o
    0x08003462   0x08003462   0x00000002   Code   RO         4251    i.HAL_CAN_TxMailbox2CompleteCallback  stm32f4xx_hal_can.o
    0x08003464   0x08003464   0x00000002   Code   RO         4253    i.HAL_CAN_WakeUpFromRxMsgCallback  stm32f4xx_hal_can.o
    0x08003466   0x08003466   0x000000ac   Code   RO         3525    i.HAL_DMA_Abort     stm32f4xx_hal_dma.o
    0x08003512   0x08003512   0x00000028   Code   RO         3526    i.HAL_DMA_Abort_IT  stm32f4xx_hal_dma.o
    0x0800353a   0x0800353a   0x00000006   Code   RO         3528    i.HAL_DMA_GetError  stm32f4xx_hal_dma.o
    0x08003540   0x08003540   0x00000240   Code   RO         3530    i.HAL_DMA_IRQHandler  stm32f4xx_hal_dma.o
    0x08003780   0x08003780   0x000000ec   Code   RO         3531    i.HAL_DMA_Init      stm32f4xx_hal_dma.o
    0x0800386c   0x0800386c   0x00000092   Code   RO         3535    i.HAL_DMA_Start_IT  stm32f4xx_hal_dma.o
    0x080038fe   0x080038fe   0x00000002   PAD
    0x08003900   0x08003900   0x00000028   Code   RO         3967    i.HAL_Delay         stm32f4xx_hal.o
    0x08003928   0x08003928   0x00000002   Code   RO         3416    i.HAL_GPIO_EXTI_Callback  stm32f4xx_hal_gpio.o
    0x0800392a   0x0800392a   0x00000002   PAD
    0x0800392c   0x0800392c   0x0000001c   Code   RO         3417    i.HAL_GPIO_EXTI_IRQHandler  stm32f4xx_hal_gpio.o
    0x08003948   0x08003948   0x000001f4   Code   RO         3418    i.HAL_GPIO_Init     stm32f4xx_hal_gpio.o
    0x08003b3c   0x08003b3c   0x0000000c   Code   RO         3422    i.HAL_GPIO_WritePin  stm32f4xx_hal_gpio.o
    0x08003b48   0x08003b48   0x0000000c   Code   RO         3973    i.HAL_GetTick       stm32f4xx_hal.o
    0x08003b54   0x08003b54   0x00000018   Code   RO         3979    i.HAL_IncTick       stm32f4xx_hal.o
    0x08003b6c   0x08003b6c   0x0000003c   Code   RO         3980    i.HAL_Init          stm32f4xx_hal.o
    0x08003ba8   0x08003ba8   0x000000b4   Code   RO         1399    i.HAL_InitTick      stm32f4xx_hal_timebase_tim.o
    0x08003c5c   0x08003c5c   0x00000054   Code   RO         1375    i.HAL_MspInit       stm32f4xx_hal_msp.o
    0x08003cb0   0x08003cb0   0x00000028   Code   RO         3810    i.HAL_NVIC_EnableIRQ  stm32f4xx_hal_cortex.o
    0x08003cd8   0x08003cd8   0x0000007c   Code   RO         3816    i.HAL_NVIC_SetPriority  stm32f4xx_hal_cortex.o
    0x08003d54   0x08003d54   0x00000028   Code   RO         3817    i.HAL_NVIC_SetPriorityGrouping  stm32f4xx_hal_cortex.o
    0x08003d7c   0x08003d7c   0x00000002   Code   RO         2666    i.HAL_PCDEx_LPM_Callback  stm32f4xx_hal_pcd_ex.o
    0x08003d7e   0x08003d7e   0x0000000e   Code   RO          854    i.HAL_PCD_ConnectCallback  usbd_conf.o
    0x08003d8c   0x08003d8c   0x00000020   Code   RO          855    i.HAL_PCD_DataInStageCallback  usbd_conf.o
    0x08003dac   0x08003dac   0x00000020   Code   RO          856    i.HAL_PCD_DataOutStageCallback  usbd_conf.o
    0x08003dcc   0x08003dcc   0x0000000e   Code   RO          857    i.HAL_PCD_DisconnectCallback  usbd_conf.o
    0x08003dda   0x08003dda   0x00000042   Code   RO         2431    i.HAL_PCD_EP_Abort  stm32f4xx_hal_pcd.o
    0x08003e1c   0x08003e1c   0x0000007c   Code   RO         2433    i.HAL_PCD_EP_ClrStall  stm32f4xx_hal_pcd.o
    0x08003e98   0x08003e98   0x0000008e   Code   RO         2436    i.HAL_PCD_EP_Open   stm32f4xx_hal_pcd.o
    0x08003f26   0x08003f26   0x00000046   Code   RO         2437    i.HAL_PCD_EP_Receive  stm32f4xx_hal_pcd.o
    0x08003f6c   0x08003f6c   0x0000008a   Code   RO         2438    i.HAL_PCD_EP_SetStall  stm32f4xx_hal_pcd.o
    0x08003ff6   0x08003ff6   0x00000048   Code   RO         2439    i.HAL_PCD_EP_Transmit  stm32f4xx_hal_pcd.o
    0x0800403e   0x0800403e   0x000006ca   Code   RO         2441    i.HAL_PCD_IRQHandler  stm32f4xx_hal_pcd.o
    0x08004708   0x08004708   0x00000012   Code   RO          858    i.HAL_PCD_ISOINIncompleteCallback  usbd_conf.o
    0x0800471a   0x0800471a   0x00000012   Code   RO          859    i.HAL_PCD_ISOOUTIncompleteCallback  usbd_conf.o
    0x0800472c   0x0800472c   0x00000030   Code   RO          862    i.HAL_PCD_ResetCallback  usbd_conf.o
    0x0800475c   0x0800475c   0x0000000e   Code   RO          863    i.HAL_PCD_ResumeCallback  usbd_conf.o
    0x0800476a   0x0800476a   0x0000000e   Code   RO          864    i.HAL_PCD_SOFCallback  usbd_conf.o
    0x08004778   0x08004778   0x00000034   Code   RO         2450    i.HAL_PCD_SetAddress  stm32f4xx_hal_pcd.o
    0x080047ac   0x080047ac   0x00000012   Code   RO          865    i.HAL_PCD_SetupStageCallback  usbd_conf.o
    0x080047be   0x080047be   0x00000002   PAD
    0x080047c0   0x080047c0   0x00000034   Code   RO          866    i.HAL_PCD_SuspendCallback  usbd_conf.o
    0x080047f4   0x080047f4   0x000001a0   Code   RO         3124    i.HAL_RCCEx_PeriphCLKConfig  stm32f4xx_hal_rcc_ex.o
    0x08004994   0x08004994   0x00000184   Code   RO         3019    i.HAL_RCC_ClockConfig  stm32f4xx_hal_rcc.o
    0x08004b18   0x08004b18   0x00000044   Code   RO         3023    i.HAL_RCC_GetClockConfig  stm32f4xx_hal_rcc.o
    0x08004b5c   0x08004b5c   0x0000000c   Code   RO         3024    i.HAL_RCC_GetHCLKFreq  stm32f4xx_hal_rcc.o
    0x08004b68   0x08004b68   0x00000020   Code   RO         3026    i.HAL_RCC_GetPCLK1Freq  stm32f4xx_hal_rcc.o
    0x08004b88   0x08004b88   0x00000020   Code   RO         3027    i.HAL_RCC_GetPCLK2Freq  stm32f4xx_hal_rcc.o
    0x08004ba8   0x08004ba8   0x000000b0   Code   RO         3028    i.HAL_RCC_GetSysClockFreq  stm32f4xx_hal_rcc.o
    0x08004c58   0x08004c58   0x0000049c   Code   RO         3031    i.HAL_RCC_OscConfig  stm32f4xx_hal_rcc.o
    0x080050f4   0x080050f4   0x000000b4   Code   RO         4465    i.HAL_RTC_Init      stm32f4xx_hal_rtc.o
    0x080051a8   0x080051a8   0x00000040   Code   RO          503    i.HAL_RTC_MspInit   rtc.o
    0x080051e8   0x080051e8   0x00000038   Code   RO         4473    i.HAL_RTC_WaitForSynchro  stm32f4xx_hal_rtc.o
    0x08005220   0x08005220   0x000000c8   Code   RO         4865    i.HAL_SPI_Init      stm32f4xx_hal_spi.o
    0x080052e8   0x080052e8   0x00000158   Code   RO          545    i.HAL_SPI_MspInit   spi.o
    0x08005440   0x08005440   0x00000248   Code   RO         4874    i.HAL_SPI_TransmitReceive  stm32f4xx_hal_spi.o
    0x08005688   0x08005688   0x00000002   Code   RO         2155    i.HAL_TIMEx_BreakCallback  stm32f4xx_hal_tim_ex.o
    0x0800568a   0x0800568a   0x00000002   Code   RO         2156    i.HAL_TIMEx_CommutCallback  stm32f4xx_hal_tim_ex.o
    0x0800568c   0x0800568c   0x00000066   Code   RO         1440    i.HAL_TIM_Base_Init  stm32f4xx_hal_tim.o
    0x080056f2   0x080056f2   0x00000002   PAD
    0x080056f4   0x080056f4   0x00000034   Code   RO          587    i.HAL_TIM_Base_MspInit  tim.o
    0x08005728   0x08005728   0x000000a8   Code   RO         1445    i.HAL_TIM_Base_Start_IT  stm32f4xx_hal_tim.o
    0x080057d0   0x080057d0   0x00000002   Code   RO         1474    i.HAL_TIM_IC_CaptureCallback  stm32f4xx_hal_tim.o
    0x080057d2   0x080057d2   0x0000016c   Code   RO         1488    i.HAL_TIM_IRQHandler  stm32f4xx_hal_tim.o
    0x0800593e   0x0800593e   0x00000002   PAD
    0x08005940   0x08005940   0x00000064   Code   RO          588    i.HAL_TIM_MspPostInit  tim.o
    0x080059a4   0x080059a4   0x00000002   Code   RO         1491    i.HAL_TIM_OC_DelayElapsedCallback  stm32f4xx_hal_tim.o
    0x080059a6   0x080059a6   0x00000104   Code   RO         1512    i.HAL_TIM_PWM_ConfigChannel  stm32f4xx_hal_tim.o
    0x08005aaa   0x08005aaa   0x00000066   Code   RO         1515    i.HAL_TIM_PWM_Init  stm32f4xx_hal_tim.o
    0x08005b10   0x08005b10   0x00000002   Code   RO         1517    i.HAL_TIM_PWM_MspInit  stm32f4xx_hal_tim.o
    0x08005b12   0x08005b12   0x00000002   Code   RO         1518    i.HAL_TIM_PWM_PulseFinishedCallback  stm32f4xx_hal_tim.o
    0x08005b14   0x08005b14   0x0000010c   Code   RO         1520    i.HAL_TIM_PWM_Start  stm32f4xx_hal_tim.o
    0x08005c20   0x08005c20   0x00000012   Code   RO           14    i.HAL_TIM_PeriodElapsedCallback  main.o
    0x08005c32   0x08005c32   0x00000002   Code   RO         1531    i.HAL_TIM_TriggerCallback  stm32f4xx_hal_tim.o
    0x08005c34   0x08005c34   0x00000002   Code   RO         5188    i.HAL_UARTEx_RxEventCallback  stm32f4xx_hal_uart.o
    0x08005c36   0x08005c36   0x000000c4   Code   RO         5191    i.HAL_UART_AbortReceive  stm32f4xx_hal_uart.o
    0x08005cfa   0x08005cfa   0x00000002   Code   RO         5202    i.HAL_UART_ErrorCallback  stm32f4xx_hal_uart.o
    0x08005cfc   0x08005cfc   0x00000308   Code   RO         5205    i.HAL_UART_IRQHandler  stm32f4xx_hal_uart.o
    0x08006004   0x08006004   0x00000076   Code   RO         5206    i.HAL_UART_Init     stm32f4xx_hal_uart.o
    0x0800607a   0x0800607a   0x00000002   PAD
    0x0800607c   0x0800607c   0x00000348   Code   RO          635    i.HAL_UART_MspInit  usart.o
    0x080063c4   0x080063c4   0x0000002c   Code   RO         5210    i.HAL_UART_Receive_DMA  stm32f4xx_hal_uart.o
    0x080063f0   0x080063f0   0x00000002   Code   RO         5212    i.HAL_UART_RxCpltCallback  stm32f4xx_hal_uart.o
    0x080063f2   0x080063f2   0x00000002   Code   RO         5213    i.HAL_UART_RxHalfCpltCallback  stm32f4xx_hal_uart.o
    0x080063f4   0x080063f4   0x0000009c   Code   RO         5215    i.HAL_UART_Transmit_DMA  stm32f4xx_hal_uart.o
    0x08006490   0x08006490   0x00000018   Code   RO         9810    i.HAL_UART_TxCpltCallback  nautilus_ui.o
    0x080064a8   0x080064a8   0x00000002   Code   RO         5218    i.HAL_UART_TxHalfCpltCallback  stm32f4xx_hal_uart.o
    0x080064aa   0x080064aa   0x00000002   PAD
    0x080064ac   0x080064ac   0x00000130   Code   RO         7013    i.H_K_R_Adjustment  kalman_filter.o
    0x080065dc   0x080065dc   0x00000004   Code   RO         1224    i.HardFault_Handler  stm32f4xx_it.o
    0x080065e0   0x080065e0   0x00000130   Code   RO         8061    i.Head1_data_Handle  bsp_transmit.o
    0x08006710   0x08006710   0x00000374   Code   RO         9249    i.IMU_Param_Correction  ins_task.o
    0x08006a84   0x08006a84   0x00000238   Code   RO         7235    i.IMU_QuaternionEKF_F_Linearization_P_Fading  quaternionekf.o
    0x08006cbc   0x08006cbc   0x00000130   Code   RO         7236    i.IMU_QuaternionEKF_Init  quaternionekf.o
    0x08006dec   0x08006dec   0x00000034   Code   RO         7237    i.IMU_QuaternionEKF_Observe  quaternionekf.o
    0x08006e20   0x08006e20   0x00000128   Code   RO         7238    i.IMU_QuaternionEKF_SetH  quaternionekf.o
    0x08006f48   0x08006f48   0x00000634   Code   RO         7239    i.IMU_QuaternionEKF_Update  quaternionekf.o
    0x0800757c   0x0800757c   0x00000508   Code   RO         7240    i.IMU_QuaternionEKF_xhatUpdate  quaternionekf.o
    0x08007a84   0x08007a84   0x00000074   Code   RO         9250    i.IMU_Temperature_Ctrl  ins_task.o
    0x08007af8   0x08007af8   0x000000d8   Code   RO         9251    i.INS_Init          ins_task.o
    0x08007bd0   0x08007bd0   0x00000294   Code   RO         9252    i.INS_Task          ins_task.o
    0x08007e64   0x08007e64   0x000000a8   Code   RO         9811    i.Int32_Draw        nautilus_ui.o
    0x08007f0c   0x08007f0c   0x00000040   Code   RO         7960    i.KalmanCreate      kalman.o
    0x08007f4c   0x08007f4c   0x00000086   Code   RO         7961    i.KalmanFilter      kalman.o
    0x08007fd2   0x08007fd2   0x00000002   PAD
    0x08007fd4   0x08007fd4   0x0000070c   Code   RO         7014    i.Kalman_Filter_Init  kalman_filter.o
    0x080086e0   0x080086e0   0x00000050   Code   RO         7015    i.Kalman_Filter_Measure  kalman_filter.o
    0x08008730   0x08008730   0x00000068   Code   RO         7016    i.Kalman_Filter_P_Update  kalman_filter.o
    0x08008798   0x08008798   0x00000068   Code   RO         7017    i.Kalman_Filter_PminusUpdate  kalman_filter.o
    0x08008800   0x08008800   0x000000d2   Code   RO         7018    i.Kalman_Filter_SetK  kalman_filter.o
    0x080088d2   0x080088d2   0x00000002   PAD
    0x080088d4   0x080088d4   0x00000128   Code   RO         7019    i.Kalman_Filter_Update  kalman_filter.o
    0x080089fc   0x080089fc   0x0000007c   Code   RO         7020    i.Kalman_Filter_xhatMinusUpdate  kalman_filter.o
    0x08008a78   0x08008a78   0x00000086   Code   RO         7021    i.Kalman_Filter_xhatUpdate  kalman_filter.o
    0x08008afe   0x08008afe   0x000000c4   Code   RO         9812    i.Line_Draw         nautilus_ui.o
    0x08008bc2   0x08008bc2   0x00000002   PAD
    0x08008bc4   0x08008bc4   0x00000048   Code   RO          431    i.MX_CAN1_Init      can.o
    0x08008c0c   0x08008c0c   0x00000048   Code   RO          432    i.MX_CAN2_Init      can.o
    0x08008c54   0x08008c54   0x000000b8   Code   RO          478    i.MX_DMA_Init       dma.o
    0x08008d0c   0x08008d0c   0x00000124   Code   RO          310    i.MX_FREERTOS_Init  freertos.o
    0x08008e30   0x08008e30   0x0000028c   Code   RO          285    i.MX_GPIO_Init      gpio.o
    0x080090bc   0x080090bc   0x00000034   Code   RO          504    i.MX_RTC_Init       rtc.o
    0x080090f0   0x080090f0   0x00000048   Code   RO          546    i.MX_SPI1_Init      spi.o
    0x08009138   0x08009138   0x0000006c   Code   RO          589    i.MX_TIM10_Init     tim.o
    0x080091a4   0x080091a4   0x00000054   Code   RO          636    i.MX_USART1_UART_Init  usart.o
    0x080091f8   0x080091f8   0x0000003c   Code   RO          637    i.MX_USART3_UART_Init  usart.o
    0x08009234   0x08009234   0x00000038   Code   RO          638    i.MX_USART6_UART_Init  usart.o
    0x0800926c   0x0800926c   0x00000004   Code   RO         1225    i.MemManage_Handler  stm32f4xx_it.o
    0x08009270   0x08009270   0x00000004   Code   RO         1226    i.NMI_Handler       stm32f4xx_it.o
    0x08009274   0x08009274   0x0000024c   Code   RO         7095    i.OLS_Derivative    user_lib.o
    0x080094c0   0x080094c0   0x00000058   Code   RO         7096    i.OLS_Init          user_lib.o
    0x08009518   0x08009518   0x00000010   Code   RO         1227    i.OTG_FS_IRQHandler  stm32f4xx_it.o
    0x08009528   0x08009528   0x00000064   Code   RO         2457    i.PCD_EP_OutSetupPacket_int  stm32f4xx_hal_pcd.o
    0x0800958c   0x0800958c   0x00000144   Code   RO         2458    i.PCD_EP_OutXfrComplete_int  stm32f4xx_hal_pcd.o
    0x080096d0   0x080096d0   0x000000b6   Code   RO         2459    i.PCD_WriteEmptyTxFifo  stm32f4xx_hal_pcd.o
    0x08009786   0x08009786   0x000002d0   Code   RO         7309    i.PID_Calculate     controller.o
    0x08009a56   0x08009a56   0x00000002   PAD
    0x08009a58   0x08009a58   0x000000bc   Code   RO         7310    i.PID_Init          controller.o
    0x08009b14   0x08009b14   0x000001c0   Code   RO         8016    i.PID_calc          pid.o
    0x08009cd4   0x08009cd4   0x00000044   Code   RO         8017    i.PID_init          pid.o
    0x08009d18   0x08009d18   0x00000080   Code   RO         8876    i.PowerState_up     chassis_power.o
    0x08009d98   0x08009d98   0x00000040   Code   RO         8769    i.REFEREE_Task      referee_usart_task.o
    0x08009dd8   0x08009dd8   0x0000004a   Code   RO         4476    i.RTC_EnterInitMode  stm32f4xx_hal_rtc.o
    0x08009e22   0x08009e22   0x0000002e   Code   RO         4477    i.RTC_ExitInitMode  stm32f4xx_hal_rtc.o
    0x08009e50   0x08009e50   0x000000c8   Code   RO         9813    i.Rectangle_Draw    nautilus_ui.o
    0x08009f18   0x08009f18   0x00000018   Code   RO         8682    i.Report_IF_ArmorBooster_work  referee.o
    0x08009f30   0x08009f30   0x00000018   Code   RO         8683    i.Report_IF_Chassis_work  referee.o
    0x08009f48   0x08009f48   0x00000018   Code   RO         8684    i.Report_IF_Gimbal_work  referee.o
    0x08009f60   0x08009f60   0x00000088   Code   RO         4903    i.SPI_EndRxTxTransaction  stm32f4xx_hal_spi.o
    0x08009fe8   0x08009fe8   0x000000d8   Code   RO         4908    i.SPI_WaitFlagStateUntilTimeout  stm32f4xx_hal_spi.o
    0x0800a0c0   0x0800a0c0   0x00000012   Code   RO          312    i.StartINSTask      freertos.o
    0x0800a0d2   0x0800a0d2   0x0000000a   Code   RO         9039    i.StartVOFATask     vofa.o
    0x0800a0dc   0x0800a0dc   0x00000034   Code   RO         6934    i.SysTick_Handler   port.o
    0x0800a110   0x0800a110   0x000000b4   Code   RO           15    i.SystemClock_Config  main.o
    0x0800a1c4   0x0800a1c4   0x00000014   Code   RO         5550    i.SystemInit        system_stm32f4xx.o
    0x0800a1d8   0x0800a1d8   0x00000010   Code   RO         1228    i.TIM2_IRQHandler   stm32f4xx_it.o
    0x0800a1e8   0x0800a1e8   0x000000e0   Code   RO         1533    i.TIM_Base_SetConfig  stm32f4xx_hal_tim.o
    0x0800a2c8   0x0800a2c8   0x00000022   Code   RO         1534    i.TIM_CCxChannelCmd  stm32f4xx_hal_tim.o
    0x0800a2ea   0x0800a2ea   0x00000002   PAD
    0x0800a2ec   0x0800a2ec   0x00000070   Code   RO         1546    i.TIM_OC1_SetConfig  stm32f4xx_hal_tim.o
    0x0800a35c   0x0800a35c   0x0000007c   Code   RO         1547    i.TIM_OC2_SetConfig  stm32f4xx_hal_tim.o
    0x0800a3d8   0x0800a3d8   0x00000078   Code   RO         1548    i.TIM_OC3_SetConfig  stm32f4xx_hal_tim.o
    0x0800a450   0x0800a450   0x00000054   Code   RO         1549    i.TIM_OC4_SetConfig  stm32f4xx_hal_tim.o
    0x0800a4a4   0x0800a4a4   0x0000003a   Code   RO         7776    i.TIM_Set_PWM       bsp_pwm.o
    0x0800a4de   0x0800a4de   0x00000002   PAD
    0x0800a4e0   0x0800a4e0   0x00000040   Code   RO         8062    i.Transmit_Data_Task  bsp_transmit.o
    0x0800a520   0x0800a520   0x00000012   Code   RO         5219    i.UART_DMAAbortOnError  stm32f4xx_hal_uart.o
    0x0800a532   0x0800a532   0x00000050   Code   RO         5220    i.UART_DMAError     stm32f4xx_hal_uart.o
    0x0800a582   0x0800a582   0x000000b4   Code   RO         5221    i.UART_DMAReceiveCplt  stm32f4xx_hal_uart.o
    0x0800a636   0x0800a636   0x00000024   Code   RO         5223    i.UART_DMARxHalfCplt  stm32f4xx_hal_uart.o
    0x0800a65a   0x0800a65a   0x00000058   Code   RO         5225    i.UART_DMATransmitCplt  stm32f4xx_hal_uart.o
    0x0800a6b2   0x0800a6b2   0x0000000e   Code   RO         5227    i.UART_DMATxHalfCplt  stm32f4xx_hal_uart.o
    0x0800a6c0   0x0800a6c0   0x0000006c   Code   RO         5229    i.UART_EndRxTransfer  stm32f4xx_hal_uart.o
    0x0800a72c   0x0800a72c   0x00000020   Code   RO         5230    i.UART_EndTransmit_IT  stm32f4xx_hal_uart.o
    0x0800a74c   0x0800a74c   0x00000026   Code   RO         5231    i.UART_EndTxTransfer  stm32f4xx_hal_uart.o
    0x0800a772   0x0800a772   0x000000fc   Code   RO         5232    i.UART_Receive_IT   stm32f4xx_hal_uart.o
    0x0800a86e   0x0800a86e   0x00000002   PAD
    0x0800a870   0x0800a870   0x0000022c   Code   RO         5233    i.UART_SetConfig    stm32f4xx_hal_uart.o
    0x0800aa9c   0x0800aa9c   0x000000d8   Code   RO         5234    i.UART_Start_Receive_DMA  stm32f4xx_hal_uart.o
    0x0800ab74   0x0800ab74   0x00000060   Code   RO         5236    i.UART_Transmit_IT  stm32f4xx_hal_uart.o
    0x0800abd4   0x0800abd4   0x00000104   Code   RO         9914    i.UI_Cap_add        steering_ui.o
    0x0800acd8   0x0800acd8   0x000000f4   Code   RO         9915    i.UI_Cap_update     steering_ui.o
    0x0800adcc   0x0800adcc   0x00000024   Code   RO         9916    i.UI_ID_Set         steering_ui.o
    0x0800adf0   0x0800adf0   0x00000044   Code   RO         9917    i.UI_Pitch_add      steering_ui.o
    0x0800ae34   0x0800ae34   0x00000128   Code   RO         9918    i.UI_Pitch_update   steering_ui.o
    0x0800af5c   0x0800af5c   0x000000bc   Code   RO         9815    i.UI_SendChars      nautilus_ui.o
    0x0800b018   0x0800b018   0x0000029c   Code   RO         9816    i.UI_SendGraph      nautilus_ui.o
    0x0800b2b4   0x0800b2b4   0x00000594   Code   RO         9919    i.UI_Task           steering_ui.o
    0x0800b848   0x0800b848   0x000000c0   Code   RO         9920    i.UI_bullet_add     steering_ui.o
    0x0800b908   0x0800b908   0x00000138   Code   RO         9922    i.UI_chassis_add    steering_ui.o
    0x0800ba40   0x0800ba40   0x00000074   Code   RO         9923    i.UI_chassis_crash_add  steering_ui.o
    0x0800bab4   0x0800bab4   0x0000059c   Code   RO         9924    i.UI_chassis_update  steering_ui.o
    0x0800c050   0x0800c050   0x00000038   Code   RO         9925    i.UI_energy_add     steering_ui.o
    0x0800c088   0x0800c088   0x00000100   Code   RO         9927    i.UI_shoot_add      steering_ui.o
    0x0800c188   0x0800c188   0x00000150   Code   RO         9928    i.UI_shoot_update   steering_ui.o
    0x0800c2d8   0x0800c2d8   0x00000124   Code   RO         9929    i.UI_state_add      steering_ui.o
    0x0800c3fc   0x0800c3fc   0x0000027c   Code   RO         9930    i.UI_state_update   steering_ui.o
    0x0800c678   0x0800c678   0x000000d4   Code   RO         9931    i.UI_supercap_add   steering_ui.o
    0x0800c74c   0x0800c74c   0x0000018c   Code   RO         9933    i.UI_target_add     steering_ui.o
    0x0800c8d8   0x0800c8d8   0x00000188   Code   RO         9935    i.UI_trajectory_add  steering_ui.o
    0x0800ca60   0x0800ca60   0x00000434   Code   RO         9936    i.UI_trajectory_update  steering_ui.o
    0x0800ce94   0x0800ce94   0x0000016c   Code   RO         9937    i.UI_vision_add     steering_ui.o
    0x0800d000   0x0800d000   0x0000038c   Code   RO         9938    i.UI_vision_update  steering_ui.o
    0x0800d38c   0x0800d38c   0x000000a8   Code   RO         1229    i.USART1_IRQHandler  stm32f4xx_it.o
    0x0800d434   0x0800d434   0x00000124   Code   RO         8770    i.USART6_IRQHandler  referee_usart_task.o
    0x0800d558   0x0800d558   0x00000170   Code   RO         8063    i.USART_Data_Handle  bsp_transmit.o
    0x0800d6c8   0x0800d6c8   0x00000078   Code   RO         8064    i.USART_Data_Send   bsp_transmit.o
    0x0800d740   0x0800d740   0x00000058   Code   RO         8065    i.USART_Data_init   bsp_transmit.o
    0x0800d798   0x0800d798   0x00000014   Code   RO        10129    i.USBD_ClrClassConfig  usbd_core.o
    0x0800d7ac   0x0800d7ac   0x00000026   Code   RO        10291    i.USBD_ClrFeature   usbd_ctlreq.o
    0x0800d7d2   0x0800d7d2   0x00000004   Code   RO        10130    i.USBD_CoreFindEP   usbd_core.o
    0x0800d7d6   0x0800d7d6   0x00000004   Code   RO        10131    i.USBD_CoreFindIF   usbd_core.o
    0x0800d7da   0x0800d7da   0x00000010   Code   RO        10389    i.USBD_CtlContinueRx  usbd_ioreq.o
    0x0800d7ea   0x0800d7ea   0x00000010   Code   RO        10390    i.USBD_CtlContinueSendData  usbd_ioreq.o
    0x0800d7fa   0x0800d7fa   0x00000018   Code   RO        10292    i.USBD_CtlError     usbd_ctlreq.o
    0x0800d812   0x0800d812   0x00000016   Code   RO        10392    i.USBD_CtlReceiveStatus  usbd_ioreq.o
    0x0800d828   0x0800d828   0x0000001c   Code   RO        10393    i.USBD_CtlSendData  usbd_ioreq.o
    0x0800d844   0x0800d844   0x00000016   Code   RO        10394    i.USBD_CtlSendStatus  usbd_ioreq.o
    0x0800d85a   0x0800d85a   0x00000034   Code   RO        10293    i.USBD_GetConfig    usbd_ctlreq.o
    0x0800d88e   0x0800d88e   0x000001b4   Code   RO        10294    i.USBD_GetDescriptor  usbd_ctlreq.o
    0x0800da42   0x0800da42   0x00000036   Code   RO        10296    i.USBD_GetStatus    usbd_ctlreq.o
    0x0800da78   0x0800da78   0x0000002c   Code   RO          867    i.USBD_Get_USB_Status  usbd_conf.o
    0x0800daa4   0x0800daa4   0x00000026   Code   RO          868    i.USBD_LL_ClearStallEP  usbd_conf.o
    0x0800daca   0x0800daca   0x000000e2   Code   RO        10136    i.USBD_LL_DataInStage  usbd_core.o
    0x0800dbac   0x0800dbac   0x000000d0   Code   RO        10137    i.USBD_LL_DataOutStage  usbd_core.o
    0x0800dc7c   0x0800dc7c   0x00000004   Code   RO        10138    i.USBD_LL_DevConnected  usbd_core.o
    0x0800dc80   0x0800dc80   0x00000020   Code   RO        10139    i.USBD_LL_DevDisconnected  usbd_core.o
    0x0800dca0   0x0800dca0   0x00000038   Code   RO          875    i.USBD_LL_IsStallEP  usbd_conf.o
    0x0800dcd8   0x0800dcd8   0x0000002a   Code   RO        10140    i.USBD_LL_IsoINIncomplete  usbd_core.o
    0x0800dd02   0x0800dd02   0x0000002a   Code   RO        10141    i.USBD_LL_IsoOUTIncomplete  usbd_core.o
    0x0800dd2c   0x0800dd2c   0x00000030   Code   RO          876    i.USBD_LL_OpenEP    usbd_conf.o
    0x0800dd5c   0x0800dd5c   0x00000030   Code   RO          877    i.USBD_LL_PrepareReceive  usbd_conf.o
    0x0800dd8c   0x0800dd8c   0x00000062   Code   RO        10142    i.USBD_LL_Reset     usbd_core.o
    0x0800ddee   0x0800ddee   0x00000014   Code   RO        10143    i.USBD_LL_Resume    usbd_core.o
    0x0800de02   0x0800de02   0x0000001a   Code   RO        10144    i.USBD_LL_SOF       usbd_core.o
    0x0800de1c   0x0800de1c   0x00000006   Code   RO        10145    i.USBD_LL_SetSpeed  usbd_core.o
    0x0800de22   0x0800de22   0x00000026   Code   RO          878    i.USBD_LL_SetUSBAddress  usbd_conf.o
    0x0800de48   0x0800de48   0x00000064   Code   RO        10146    i.USBD_LL_SetupStage  usbd_core.o
    0x0800deac   0x0800deac   0x00000026   Code   RO          879    i.USBD_LL_StallEP   usbd_conf.o
    0x0800ded2   0x0800ded2   0x0000001a   Code   RO        10147    i.USBD_LL_Suspend   usbd_core.o
    0x0800deec   0x0800deec   0x00000030   Code   RO          882    i.USBD_LL_Transmit  usbd_conf.o
    0x0800df1c   0x0800df1c   0x00000032   Code   RO        10298    i.USBD_ParseSetupRequest  usbd_ctlreq.o
    0x0800df4e   0x0800df4e   0x00000004   Code   RO        10149    i.USBD_RunTestMode  usbd_core.o
    0x0800df52   0x0800df52   0x00000058   Code   RO        10299    i.USBD_SetAddress   usbd_ctlreq.o
    0x0800dfaa   0x0800dfaa   0x00000014   Code   RO        10150    i.USBD_SetClassConfig  usbd_core.o
    0x0800dfbe   0x0800dfbe   0x00000002   PAD
    0x0800dfc0   0x0800dfc0   0x000000dc   Code   RO        10300    i.USBD_SetConfig    usbd_ctlreq.o
    0x0800e09c   0x0800e09c   0x00000024   Code   RO        10301    i.USBD_SetFeature   usbd_ctlreq.o
    0x0800e0c0   0x0800e0c0   0x00000076   Code   RO        10302    i.USBD_StdDevReq    usbd_ctlreq.o
    0x0800e136   0x0800e136   0x00000234   Code   RO        10303    i.USBD_StdEPReq     usbd_ctlreq.o
    0x0800e36a   0x0800e36a   0x0000008e   Code   RO        10304    i.USBD_StdItfReq    usbd_ctlreq.o
    0x0800e3f8   0x0800e3f8   0x000000d0   Code   RO         2708    i.USB_ActivateEndpoint  stm32f4xx_ll_usb.o
    0x0800e4c8   0x0800e4c8   0x00000028   Code   RO         2710    i.USB_ActivateSetup  stm32f4xx_ll_usb.o
    0x0800e4f0   0x0800e4f0   0x00000070   Code   RO         2723    i.USB_EP0_OutStart  stm32f4xx_ll_usb.o
    0x0800e560   0x0800e560   0x0000008e   Code   RO         2724    i.USB_EPClearStall  stm32f4xx_ll_usb.o
    0x0800e5ee   0x0800e5ee   0x0000009a   Code   RO         2725    i.USB_EPSetStall    stm32f4xx_ll_usb.o
    0x0800e688   0x0800e688   0x000003c0   Code   RO         2726    i.USB_EPStartXfer   stm32f4xx_ll_usb.o
    0x0800ea48   0x0800ea48   0x000000ec   Code   RO         2727    i.USB_EPStopXfer    stm32f4xx_ll_usb.o
    0x0800eb34   0x0800eb34   0x00000054   Code   RO         2730    i.USB_FlushTxFifo   stm32f4xx_ll_usb.o
    0x0800eb88   0x0800eb88   0x00000026   Code   RO         2732    i.USB_GetDevSpeed   stm32f4xx_ll_usb.o
    0x0800ebae   0x0800ebae   0x0000000a   Code   RO         2734    i.USB_GetMode       stm32f4xx_ll_usb.o
    0x0800ebb8   0x0800ebb8   0x00000014   Code   RO         2742    i.USB_ReadDevAllInEpInterrupt  stm32f4xx_ll_usb.o
    0x0800ebcc   0x0800ebcc   0x00000014   Code   RO         2743    i.USB_ReadDevAllOutEpInterrupt  stm32f4xx_ll_usb.o
    0x0800ebe0   0x0800ebe0   0x00000032   Code   RO         2744    i.USB_ReadDevInEPInterrupt  stm32f4xx_ll_usb.o
    0x0800ec12   0x0800ec12   0x0000001a   Code   RO         2745    i.USB_ReadDevOutEPInterrupt  stm32f4xx_ll_usb.o
    0x0800ec2c   0x0800ec2c   0x0000000a   Code   RO         2746    i.USB_ReadInterrupts  stm32f4xx_ll_usb.o
    0x0800ec36   0x0800ec36   0x00000060   Code   RO         2747    i.USB_ReadPacket    stm32f4xx_ll_usb.o
    0x0800ec96   0x0800ec96   0x0000002a   Code   RO         2750    i.USB_SetDevAddress  stm32f4xx_ll_usb.o
    0x0800ecc0   0x0800ecc0   0x000000e8   Code   RO         2752    i.USB_SetTurnaroundTime  stm32f4xx_ll_usb.o
    0x0800eda8   0x0800eda8   0x00000044   Code   RO         2755    i.USB_WritePacket   stm32f4xx_ll_usb.o
    0x0800edec   0x0800edec   0x00000004   Code   RO         1230    i.UsageFault_Handler  stm32f4xx_it.o
    0x0800edf0   0x0800edf0   0x00000030   Code   RO        11256    i.__ARM_fpclassify  m_wm.l(fpclassify.o)
    0x0800ee20   0x0800ee20   0x00000026   Code   RO        11258    i.__ARM_fpclassifyf  m_wm.l(fpclassifyf.o)
    0x0800ee46   0x0800ee46   0x00000002   PAD
    0x0800ee48   0x0800ee48   0x00000010   Code   RO         3823    i.__NVIC_GetPriorityGrouping  stm32f4xx_hal_cortex.o
    0x0800ee58   0x0800ee58   0x00000028   Code   RO         3824    i.__NVIC_SetPriority  stm32f4xx_hal_cortex.o
    0x0800ee80   0x0800ee80   0x00000006   Code   RO         8467    i.__get_PRIMASK     fifo.o
    0x0800ee86   0x0800ee86   0x00000002   PAD
    0x0800ee88   0x0800ee88   0x00000118   Code   RO        11004    i.__hardfp_acosf    m_wm.l(acosf.o)
    0x0800efa0   0x0800efa0   0x0000012c   Code   RO        11016    i.__hardfp_asinf    m_wm.l(asinf.o)
    0x0800f0cc   0x0800f0cc   0x000002ac   Code   RO        11028    i.__hardfp_atan2f   m_wm.l(atan2f.o)
    0x0800f378   0x0800f378   0x000000c8   Code   RO        11040    i.__hardfp_cos      m_wm.l(cos.o)
    0x0800f440   0x0800f440   0x00000014   Code   RO        11052    i.__hardfp_fabs     m_wm.l(fabs.o)
    0x0800f454   0x0800f454   0x00000004   PAD
    0x0800f458   0x0800f458   0x000000c8   Code   RO        11086    i.__hardfp_sin      m_wm.l(sin.o)
    0x0800f520   0x0800f520   0x0000007a   Code   RO        11098    i.__hardfp_sqrt     m_wm.l(sqrt_full.o)
    0x0800f59a   0x0800f59a   0x0000003a   Code   RO        11104    i.__hardfp_sqrtf    m_wm.l(sqrtf_full.o)
    0x0800f5d4   0x0800f5d4   0x00000004   PAD
    0x0800f5d8   0x0800f5d8   0x00000438   Code   RO        11277    i.__ieee754_rem_pio2  m_wm.l(rred.o)
    0x0800fa10   0x0800fa10   0x00000170   Code   RO        11239    i.__kernel_cos      m_wm.l(cos_i.o)
    0x0800fb80   0x0800fb80   0x000000f8   Code   RO        11274    i.__kernel_poly     m_wm.l(poly.o)
    0x0800fc78   0x0800fc78   0x00000130   Code   RO        11282    i.__kernel_sin      m_wm.l(sin_i.o)
    0x0800fda8   0x0800fda8   0x00000014   Code   RO        11243    i.__mathlib_dbl_infnan  m_wm.l(dunder.o)
    0x0800fdbc   0x0800fdbc   0x00000004   PAD
    0x0800fdc0   0x0800fdc0   0x00000020   Code   RO        11245    i.__mathlib_dbl_invalid  m_wm.l(dunder.o)
    0x0800fde0   0x0800fde0   0x00000020   Code   RO        11248    i.__mathlib_dbl_underflow  m_wm.l(dunder.o)
    0x0800fe00   0x0800fe00   0x00000006   Code   RO        11261    i.__mathlib_flt_infnan  m_wm.l(funder.o)
    0x0800fe06   0x0800fe06   0x00000006   Code   RO        11262    i.__mathlib_flt_infnan2  m_wm.l(funder.o)
    0x0800fe0c   0x0800fe0c   0x00000010   Code   RO        11263    i.__mathlib_flt_invalid  m_wm.l(funder.o)
    0x0800fe1c   0x0800fe1c   0x00000010   Code   RO        11266    i.__mathlib_flt_underflow  m_wm.l(funder.o)
    0x0800fe2c   0x0800fe2c   0x00000006   Code   RO         8468    i.__set_PRIMASK     fifo.o
    0x0800fe32   0x0800fe32   0x00000002   PAD
    0x0800fe34   0x0800fe34   0x00000030   Code   RO         8406    i.append_CRC16_check_sum  crc8_crc16.o
    0x0800fe64   0x0800fe64   0x00000024   Code   RO         8407    i.append_CRC8_check_sum  crc8_crc16.o
    0x0800fe88   0x0800fe88   0x0000016c   Code   RO         7445    i.bmi088_accel_init  bmi088driver.o
    0x0800fff4   0x0800fff4   0x00000130   Code   RO         7446    i.bmi088_gyro_init  bmi088driver.o
    0x08010124   0x08010124   0x00000278   Code   RO         8877    i.cal_powerSet      chassis_power.o
    0x0801039c   0x0801039c   0x00000040   Code   RO         7614    i.can1_user_init    bsp_can.o
    0x080103dc   0x080103dc   0x00000044   Code   RO         7615    i.can2_user_init    bsp_can.o
    0x08010420   0x08010420   0x00000058   Code   RO         9354    i.chassis_ctrl_current  send_current_task.o
    0x08010478   0x08010478   0x000000cc   Code   RO         9116    i.chassis_current_calc  chassis_task.o
    0x08010544   0x08010544   0x00000030   Code   RO         9117    i.chassis_if_blackout  chassis_task.o
    0x08010574   0x08010574   0x00000138   Code   RO         9118    i.chassis_init      chassis_task.o
    0x080106ac   0x080106ac   0x00000020   Code   RO         8878    i.chassis_power_control_xj  chassis_power.o
    0x080106cc   0x080106cc   0x0000032c   Code   RO         9119    i.chassis_speed_calc  chassis_task.o
    0x080109f8   0x080109f8   0x00000060   Code   RO         9120    i.chassis_task      chassis_task.o
    0x08010a58   0x08010a58   0x00000118   Code   RO         7617    i.ctrl_motor        bsp_can.o
    0x08010b70   0x08010b70   0x000000c0   Code   RO         7805    i.damiao_4310_data_handle  can_receive.o
    0x08010c30   0x08010c30   0x00000050   Code   RO         7619    i.damiao_exit       bsp_can.o
    0x08010c80   0x08010c80   0x00000050   Code   RO         7620    i.damiao_init       bsp_can.o
    0x08010cd0   0x08010cd0   0x00000054   Code   RO         9355    i.enable_disable_DM4310  send_current_task.o
    0x08010d24   0x08010d24   0x00000082   Code   RO         7806    i.encoder_data_handle  can_receive.o
    0x08010da6   0x08010da6   0x00000002   PAD
    0x08010da8   0x08010da8   0x000000f0   Code   RO         7313    i.f_Changing_Integration_Rate  controller.o
    0x08010e98   0x08010e98   0x00000056   Code   RO         7314    i.f_Derivative_Filter  controller.o
    0x08010eee   0x08010eee   0x000000f4   Code   RO         7315    i.f_Derivative_On_Measurement  controller.o
    0x08010fe2   0x08010fe2   0x00000002   PAD
    0x08010fe4   0x08010fe4   0x000000f0   Code   RO         7316    i.f_Integral_Limit  controller.o
    0x080110d4   0x080110d4   0x00000056   Code   RO         7317    i.f_Output_Filter   controller.o
    0x0801112a   0x0801112a   0x00000046   Code   RO         7318    i.f_Output_Limit    controller.o
    0x08011170   0x08011170   0x000000b4   Code   RO         7319    i.f_PID_ErrorHandle  controller.o
    0x08011224   0x08011224   0x00000046   Code   RO         7320    i.f_Proportion_Limit  controller.o
    0x0801126a   0x0801126a   0x00000080   Code   RO         7321    i.f_Trapezoid_Intergral  controller.o
    0x080112ea   0x080112ea   0x00000018   Code   RO        11054    i.fabs              m_wm.l(fabs.o)
    0x08011302   0x08011302   0x0000003a   Code   RO         8486    i.fifo_s_get        fifo.o
    0x0801133c   0x0801133c   0x00000016   Code   RO         8489    i.fifo_s_init       fifo.o
    0x08011352   0x08011352   0x000000a0   Code   RO         8495    i.fifo_s_puts       fifo.o
    0x080113f2   0x080113f2   0x00000006   Code   RO         8497    i.fifo_s_used       fifo.o
    0x080113f8   0x080113f8   0x00000024   Code   RO         7985    i.first_order_filter_init  lowpass.o
    0x0801141c   0x0801141c   0x0000002a   Code   RO         7101    i.float_constrain   user_lib.o
    0x08011446   0x08011446   0x00000002   PAD
    0x08011448   0x08011448   0x00000048   Code   RO         7103    i.float_rounding    user_lib.o
    0x08011490   0x08011490   0x00000032   Code   RO         7807    i.float_to_uint     can_receive.o
    0x080114c2   0x080114c2   0x00000002   PAD
    0x080114c4   0x080114c4   0x00000034   Code   RO         8408    i.get_CRC16_check_sum  crc8_crc16.o
    0x080114f8   0x080114f8   0x00000024   Code   RO         8409    i.get_CRC8_check_sum  crc8_crc16.o
    0x0801151c   0x0801151c   0x00000012   Code   RO         7808    i.get_moto_offset   can_receive.o
    0x0801152e   0x0801152e   0x00000002   PAD
    0x08011530   0x08011530   0x000001f0   Code   RO         9470    i.gimbal_init       big_gimbal_task.o
    0x08011720   0x08011720   0x00000018   Code   RO         9471    i.gimbal_mode_idle  big_gimbal_task.o
    0x08011738   0x08011738   0x00000388   Code   RO         9472    i.gimbal_pid_calc   big_gimbal_task.o
    0x08011ac0   0x08011ac0   0x0000008c   Code   RO         9473    i.gimbal_task       big_gimbal_task.o
    0x08011b4c   0x08011b4c   0x00000198   Code   RO         9121    i.infantry_chassis_assignment  chassis_task.o
    0x08011ce4   0x08011ce4   0x0000023c   Code   RO         9122    i.infantry_chassis_ecdz  chassis_task.o
    0x08011f20   0x08011f20   0x00000040   Code   RO         9474    i.infantry_gimbal_mode_key_ctrl  big_gimbal_task.o
    0x08011f60   0x08011f60   0x00000044   Code   RO         9475    i.infantry_gimbal_mode_key_fold  big_gimbal_task.o
    0x08011fa4   0x08011fa4   0x0000009c   Code   RO         9476    i.infantry_gimbal_mode_key_normal  big_gimbal_task.o
    0x08012040   0x08012040   0x00000084   Code   RO         9477    i.infantry_gimbal_mode_key_vision  big_gimbal_task.o
    0x080120c4   0x080120c4   0x0000003c   Code   RO         9478    i.infantry_gimbal_mode_rc_ctrl  big_gimbal_task.o
    0x08012100   0x08012100   0x00000044   Code   RO         9479    i.infantry_gimbal_mode_rc_fold  big_gimbal_task.o
    0x08012144   0x08012144   0x00000098   Code   RO         9480    i.infantry_gimbal_mode_rc_normal  big_gimbal_task.o
    0x080121dc   0x080121dc   0x000000bc   Code   RO         9481    i.infantry_gimbal_mode_rc_vision  big_gimbal_task.o
    0x08012298   0x08012298   0x00000144   Code   RO         8688    i.init_referee_struct_data  referee.o
    0x080123dc   0x080123dc   0x0000003c   Code   RO         7241    i.invSqrt           quaternionekf.o
    0x08012418   0x08012418   0x0000008a   Code   RO         9123    i.limit_add_speed   chassis_task.o
    0x080124a2   0x080124a2   0x00000002   PAD
    0x080124a4   0x080124a4   0x0000006c   Code   RO           16    i.main              main.o
    0x08012510   0x08012510   0x0000000e   Code   RO         6499    i.makeFreeRtosPriority  cmsis_os.o
    0x0801251e   0x0801251e   0x00000002   PAD
    0x08012520   0x08012520   0x0000004c   Code   RO         9124    i.motor_current_up  chassis_task.o
    0x0801256c   0x0801256c   0x00000018   Code   RO         6501    i.osDelay           cmsis_os.o
    0x08012584   0x08012584   0x0000000a   Code   RO         6504    i.osKernelStart     cmsis_os.o
    0x0801258e   0x0801258e   0x0000005e   Code   RO         6538    i.osThreadCreate    cmsis_os.o
    0x080125ec   0x080125ec   0x000004dc   Code   RO         8879    i.powerlimit_control_xj  chassis_power.o
    0x08012ac8   0x08012ac8   0x00000098   Code   RO         6110    i.prvAddCurrentTaskToDelayedList  tasks.o
    0x08012b60   0x08012b60   0x000000b8   Code   RO         6111    i.prvAddNewTaskToReadyList  tasks.o
    0x08012c18   0x08012c18   0x00000048   Code   RO         6112    i.prvCheckTasksWaitingTermination  tasks.o
    0x08012c60   0x08012c60   0x00000050   Code   RO         6113    i.prvDeleteTCB      tasks.o
    0x08012cb0   0x08012cb0   0x0000007c   Code   RO         6866    i.prvHeapInit       heap_4.o
    0x08012d2c   0x08012d2c   0x00000028   Code   RO         6114    i.prvIdleTask       tasks.o
    0x08012d54   0x08012d54   0x000000be   Code   RO         6115    i.prvInitialiseNewTask  tasks.o
    0x08012e12   0x08012e12   0x00000002   PAD
    0x08012e14   0x08012e14   0x00000068   Code   RO         6116    i.prvInitialiseTaskLists  tasks.o
    0x08012e7c   0x08012e7c   0x00000068   Code   RO         6867    i.prvInsertBlockIntoFreeList  heap_4.o
    0x08012ee4   0x08012ee4   0x00000034   Code   RO         6118    i.prvResetNextTaskUnblockTime  tasks.o
    0x08012f18   0x08012f18   0x00000040   Code   RO         6935    i.prvTaskExitError  port.o
    0x08012f58   0x08012f58   0x0000014c   Code   RO         6868    i.pvPortMalloc      heap_4.o
    0x080130a4   0x080130a4   0x0000002c   Code   RO         6936    i.pxPortInitialiseStack  port.o
    0x080130d0   0x080130d0   0x000002ac   Code   RO         8689    i.referee_data_solve  referee.o
    0x0801337c   0x0801337c   0x0000014c   Code   RO         8771    i.referee_unpack_fifo_data  referee_usart_task.o
    0x080134c8   0x080134c8   0x00000034   Code   RO         9356    i.send_current_task  send_current_task.o
    0x080134fc   0x080134fc   0x0000012c   Code   RO         9125    i.sentry_chassis_assignment  chassis_task.o
    0x08013628   0x08013628   0x000001c8   Code   RO         9126    i.sentry_chassis_ecdz  chassis_task.o
    0x080137f0   0x080137f0   0x0000002c   Code   RO         9482    i.sentry_gimbal_mode_cruise  big_gimbal_task.o
    0x0801381c   0x0801381c   0x00000002   Code   RO         9483    i.sentry_gimbal_mode_fold  big_gimbal_task.o
    0x0801381e   0x0801381e   0x00000002   PAD
    0x08013820   0x08013820   0x0000008c   Code   RO         9484    i.sentry_gimbal_mode_vision  big_gimbal_task.o
    0x080138ac   0x080138ac   0x0000006c   Code   RO         7622    i.set_motor_current  bsp_can.o
    0x08013918   0x08013918   0x00000050   Code   RO         9485    i.shortestAngleDiff  big_gimbal_task.o
    0x08013968   0x08013968   0x00000054   Code   RO         9127    i.speed_limit       chassis_task.o
    0x080139bc   0x080139bc   0x00000178   Code   RO         9128    i.speed_limit_key   chassis_task.o
    0x08013b34   0x08013b34   0x00000148   Code   RO         9129    i.speed_limit_top   chassis_task.o
    0x08013c7c   0x08013c7c   0x0000003e   Code   RO        11106    i.sqrtf             m_wm.l(sqrtf_full.o)
    0x08013cba   0x08013cba   0x0000000c   Code   RO          319    i.tirgger_task      freertos.o
    0x08013cc6   0x08013cc6   0x00000002   PAD
    0x08013cc8   0x08013cc8   0x000000a4   Code   RO         9487    i.turn_round        big_gimbal_task.o
    0x08013d6c   0x08013d6c   0x00000034   Code   RO         7809    i.uint_to_float     can_receive.o
    0x08013da0   0x08013da0   0x00000138   Code   RO         8287    i.usart6_init       bsp_usart.o
    0x08013ed8   0x08013ed8   0x00000028   Code   RO         5699    i.uxListRemove      list.o
    0x08013f00   0x08013f00   0x00000018   Code   RO          320    i.vApplicationGetIdleTaskMemory  freertos.o
    0x08013f18   0x08013f18   0x0000001a   Code   RO         5700    i.vListInitialise   list.o
    0x08013f32   0x08013f32   0x00000006   Code   RO         5701    i.vListInitialiseItem  list.o
    0x08013f38   0x08013f38   0x00000034   Code   RO         5702    i.vListInsert       list.o
    0x08013f6c   0x08013f6c   0x00000018   Code   RO         5703    i.vListInsertEnd    list.o
    0x08013f84   0x08013f84   0x00000054   Code   RO         6938    i.vPortEnterCritical  port.o
    0x08013fd8   0x08013fd8   0x0000003c   Code   RO         6939    i.vPortExitCritical  port.o
    0x08014014   0x08014014   0x000000a4   Code   RO         6869    i.vPortFree         heap_4.o
    0x080140b8   0x080140b8   0x00000028   Code   RO         6940    i.vPortSetupTimerInterrupt  port.o
    0x080140e0   0x080140e0   0x0000005c   Code   RO         6132    i.vTaskDelay        tasks.o
    0x0801413c   0x0801413c   0x000000b0   Code   RO         6148    i.vTaskStartScheduler  tasks.o
    0x080141ec   0x080141ec   0x00000010   Code   RO         6150    i.vTaskSuspendAll   tasks.o
    0x080141fc   0x080141fc   0x0000008c   Code   RO         6151    i.vTaskSwitchContext  tasks.o
    0x08014288   0x08014288   0x00000040   Code   RO         8410    i.verify_CRC16_check_sum  crc8_crc16.o
    0x080142c8   0x080142c8   0x0000002e   Code   RO         8411    i.verify_CRC8_check_sum  crc8_crc16.o
    0x080142f6   0x080142f6   0x00000002   PAD
    0x080142f8   0x080142f8   0x00000168   Code   RO         6942    i.xPortStartScheduler  port.o
    0x08014460   0x08014460   0x00000064   Code   RO         6154    i.xTaskCreate       tasks.o
    0x080144c4   0x080144c4   0x000000ba   Code   RO         6155    i.xTaskCreateStatic  tasks.o
    0x0801457e   0x0801457e   0x00000002   PAD
    0x08014580   0x08014580   0x00000148   Code   RO         6162    i.xTaskIncrementTick  tasks.o
    0x080146c8   0x080146c8   0x00000104   Code   RO         6168    i.xTaskResumeAll    tasks.o
    0x080147cc   0x080147cc   0x00000060   Code   RO         9358    i.yaw_ctrl_current  send_current_task.o
    0x0801482c   0x0801482c   0x00000044   Code   RO         9488    i.zero_180          big_gimbal_task.o
    0x08014870   0x08014870   0x00000018   Code   RO        10976    x$fpl$basic         g_wm.l(basic.o)
    0x08014888   0x08014888   0x000002c4   Code   RO        10978    x$fpl$d2f           g_wm.l(d2f_clz.o)
    0x08014b4c   0x08014b4c   0x0000024c   Code   RO        10980    x$fpl$dadd          g_wm.l(daddsub_clz.o)
    0x08014d98   0x08014d98   0x00000018   Code   RO        11212    x$fpl$dcmpinf       g_wm.l(dcmpi.o)
    0x08014db0   0x08014db0   0x0000037c   Code   RO        10987    x$fpl$ddiv          g_wm.l(ddiv_clz.o)
    0x0801512c   0x0801512c   0x000000c8   Code   RO        11338    x$fpl$dfix          g_wm.l(dfix.o)
    0x080151f4   0x080151f4   0x0000002e   Code   RO        10991    x$fpl$dflt          g_wm.l(dflt_clz.o)
    0x08015222   0x08015222   0x0000001a   Code   RO        10992    x$fpl$dfltn         g_wm.l(dflt_clz.o)
    0x0801523c   0x0801523c   0x00000026   Code   RO        10990    x$fpl$dfltu         g_wm.l(dflt_clz.o)
    0x08015262   0x08015262   0x00000002   PAD
    0x08015264   0x08015264   0x00000078   Code   RO        10996    x$fpl$dleqf         g_wm.l(dleqf.o)
    0x080152dc   0x080152dc   0x000001c0   Code   RO        10998    x$fpl$dmul          g_wm.l(dmul_clz.o)
    0x0801549c   0x0801549c   0x00000102   Code   RO        11216    x$fpl$dnaninf       g_wm.l(dnaninf.o)
    0x0801559e   0x0801559e   0x00000070   Code   RO        11218    x$fpl$drenorm       g_wm.l(drenorm_clz.o)
    0x0801560e   0x0801560e   0x0000000c   Code   RO        11220    x$fpl$dretinf       g_wm.l(dretinf.o)
    0x0801561a   0x0801561a   0x00000062   Code   RO        11000    x$fpl$drleqf        g_wm.l(drleqf.o)
    0x0801567c   0x0801567c   0x00000050   Code   RO        10981    x$fpl$drsb          g_wm.l(daddsub_clz.o)
    0x080156cc   0x080156cc   0x00000208   Code   RO        11222    x$fpl$dsqrt         g_wm.l(dsqrt_umaalclz.o)
    0x080158d4   0x080158d4   0x0000029c   Code   RO        10982    x$fpl$dsub          g_wm.l(daddsub_clz.o)
    0x08015b70   0x08015b70   0x0000017a   Code   RO        11224    x$fpl$dunder        g_wm.l(dunder_clz.o)
    0x08015cea   0x08015cea   0x00000002   PAD
    0x08015cec   0x08015cec   0x000001ec   Code   RO        11226    x$fpl$exception     g_wm.l(except.o)
    0x08015ed8   0x08015ed8   0x0000007a   Code   RO        11002    x$fpl$f2d           g_wm.l(f2d.o)
    0x08015f52   0x08015f52   0x000000f2   Code   RO        11228    x$fpl$fnaninf       g_wm.l(fnaninf.o)
    0x08016044   0x08016044   0x0000000a   Code   RO        11342    x$fpl$fpinit        g_wm.l(fpinit.o)
    0x0801604e   0x0801604e   0x0000000a   Code   RO        11230    x$fpl$fretinf       g_wm.l(fretinf.o)
    0x08016058   0x08016058   0x0000013c   Code   RO        11232    x$fpl$funder        g_wm.l(funder_clz.o)
    0x08016194   0x08016194   0x000000b2   Code   RO        11344    x$fpl$retnan        g_wm.l(retnan.o)
    0x08016246   0x08016246   0x0000007e   Code   RO        11236    x$fpl$trapveneer    g_wm.l(trapv.o)
    0x080162c4   0x080162c4   0x00000000   Code   RO        11238    x$fpl$usenofp       g_wm.l(usenofp.o)
    0x080162c4   0x080162c4   0x00000118   Data   RO          322    .constdata          freertos.o
    0x080163dc   0x080163dc   0x00000008   Data   RO         3537    .constdata          stm32f4xx_hal_dma.o
    0x080163e4   0x080163e4   0x00000018   Data   RO         5551    .constdata          system_stm32f4xx.o
    0x080163fc   0x080163fc   0x00000090   Data   RO         7243    .constdata          quaternionekf.o
    0x0801648c   0x0801648c   0x00000302   Data   RO         8412    .constdata          crc8_crc16.o
    0x0801678e   0x0801678e   0x00000002   PAD
    0x08016790   0x08016790   0x00000030   Data   RO         9256    .constdata          ins_task.o
    0x080167c0   0x080167c0   0x00000804   Data   RO        10829    .constdata          arm_cortexM4lf_math.lib(arm_common_tables.o)
    0x08016fc4   0x08016fc4   0x00000004   PAD
    0x08016fc8   0x08016fc8   0x00000030   Data   RO        11240    .constdata          m_wm.l(cos_i.o)
    0x08016ff8   0x08016ff8   0x000000c8   Data   RO        11279    .constdata          m_wm.l(rred.o)
    0x080170c0   0x080170c0   0x00000028   Data   RO        11283    .constdata          m_wm.l(sin_i.o)
    0x080170e8   0x080170e8   0x00000074   Data   RO          323    .conststring        freertos.o
    0x0801715c   0x0801715c   0x00000012   Data   RO         9940    .conststring        steering_ui.o
    0x0801716e   0x0801716e   0x00000002   PAD
    0x08017170   0x08017170   0x00000020   Data   RO        11435    Region$$Table       anon$$obj.o


    Execution Region RW_IRAM1 (Exec base: 0x20000000, Load base: 0x08017190, Size: 0x0000e6f0, Max: 0x0001c000, ABSOLUTE, COMPRESSED[0x00000104])

    Exec Addr    Load Addr    Size         Type   Attr      Idx    E Section Name        Object

    0x20000000   COMPRESSED   0x00000028   Data   RW          324    .data               freertos.o
    0x20000028   COMPRESSED   0x00000004   Data   RW          434    .data               can.o
    0x2000002c   COMPRESSED   0x00000006   Data   RW         1231    .data               stm32f4xx_it.o
    0x20000032   COMPRESSED   0x00000002   PAD
    0x20000034   COMPRESSED   0x00000009   Data   RW         3987    .data               stm32f4xx_hal.o
    0x2000003d   COMPRESSED   0x00000003   PAD
    0x20000040   COMPRESSED   0x00000004   Data   RW         5552    .data               system_stm32f4xx.o
    0x20000044   COMPRESSED   0x0000003c   Data   RW         6171    .data               tasks.o
    0x20000080   COMPRESSED   0x00000020   Data   RW         6875    .data               heap_4.o
    0x200000a0   COMPRESSED   0x0000000c   Data   RW         6943    .data               port.o
    0x200000ac   COMPRESSED   0x00000004   Data   RW         7022    .data               kalman_filter.o
    0x200000b0   COMPRESSED   0x00000018   Data   RW         7111    .data               user_lib.o
    0x200000c8   COMPRESSED   0x000000d4   Data   RW         7244    .data               quaternionekf.o
    0x2000019c   COMPRESSED   0x00000270   Data   RW         7322    .data               controller.o
    0x2000040c   COMPRESSED   0x00000048   Data   RW         7448    .data               bmi088driver.o
    0x20000454   COMPRESSED   0x00000004   Data   RW         7525    .data               bmi088middleware.o
    0x20000458   COMPRESSED   0x0000000c   Data   RW         7623    .data               bsp_can.o
    0x20000464   COMPRESSED   0x00000004   PAD
    0x20000468   COMPRESSED   0x00000048   Data   RW         7708    .data               bsp_dwt.o
    0x200004b0   COMPRESSED   0x00000038   Data   RW         7811    .data               can_receive.o
    0x200004e8   COMPRESSED   0x00000012   Data   RW         8067    .data               bsp_transmit.o
    0x200004fa   COMPRESSED   0x00000002   Data   RW         8413    .data               crc8_crc16.o
    0x200004fc   COMPRESSED   0x0000007c   Data   RW         8691    .data               referee.o
    0x20000578   COMPRESSED   0x00000006   Data   RW         8773    .data               referee_usart_task.o
    0x2000057e   COMPRESSED   0x00000002   PAD
    0x20000580   COMPRESSED   0x000000a4   Data   RW         8880    .data               chassis_power.o
    0x20000624   COMPRESSED   0x00000018   Data   RW         9131    .data               chassis_task.o
    0x2000063c   COMPRESSED   0x00000060   Data   RW         9257    .data               ins_task.o
    0x2000069c   COMPRESSED   0x00000014   Data   RW         9491    .data               big_gimbal_task.o
    0x200006b0   COMPRESSED   0x00000016   Data   RW         9819    .data               nautilus_ui.o
    0x200006c6   COMPRESSED   0x00000002   PAD
    0x200006c8   COMPRESSED   0x00000050   Data   RW         9941    .data               steering_ui.o
    0x20000718   COMPRESSED   0x00000001   Data   RW        10305    .data               usbd_ctlreq.o
    0x20000719   COMPRESSED   0x00000003   PAD
    0x2000071c        -       0x0000025c   Zero   RW          321    .bss                freertos.o
    0x20000978        -       0x00000050   Zero   RW          433    .bss                can.o
    0x200009c8        -       0x00000020   Zero   RW          505    .bss                rtc.o
    0x200009e8        -       0x00000118   Zero   RW          547    .bss                spi.o
    0x20000b00        -       0x00000048   Zero   RW          590    .bss                tim.o
    0x20000b48        -       0x000002b8   Zero   RW          639    .bss                usart.o
    0x20000e00        -       0x00000704   Zero   RW          885    .bss                usbd_conf.o
    0x20001504        -       0x00000048   Zero   RW         1402    .bss                stm32f4xx_hal_timebase_tim.o
    0x2000154c        -       0x000000f0   Zero   RW         6170    .bss                tasks.o
    0x2000163c        -       0x00007148   Zero   RW         6874    .bss                heap_4.o
    0x20008784   COMPRESSED   0x00000004   PAD
    0x20008788        -       0x00000270   Zero   RW         7242    .bss                quaternionekf.o
    0x200089f8        -       0x00000040   Zero   RW         7447    .bss                bmi088driver.o
    0x20008a38        -       0x00000114   Zero   RW         7810    .bss                can_receive.o
    0x20008b4c        -       0x000000c0   Zero   RW         8066    .bss                bsp_transmit.o
    0x20008c0c        -       0x00000319   Zero   RW         8690    .bss                referee.o
    0x20008f25   COMPRESSED   0x00000003   PAD
    0x20008f28        -       0x000008a1   Zero   RW         8772    .bss                referee_usart_task.o
    0x200097c9   COMPRESSED   0x00000003   PAD
    0x200097cc        -       0x00000194   Zero   RW         9130    .bss                chassis_task.o
    0x20009960        -       0x00000178   Zero   RW         9255    .bss                ins_task.o
    0x20009ad8        -       0x000003a8   Zero   RW         9490    .bss                big_gimbal_task.o
    0x20009e80        -       0x000000da   Zero   RW         9653    .bss                navigation.o
    0x20009f5a   COMPRESSED   0x00000002   PAD
    0x20009f5c        -       0x000000f8   Zero   RW         9735    .bss                trigger_task.o
    0x2000a054        -       0x0000016c   Zero   RW         9818    .bss                nautilus_ui.o
    0x2000a1c0        -       0x000004ce   Zero   RW         9939    .bss                steering_ui.o
    0x2000a68e   COMPRESSED   0x00000002   PAD
    0x2000a690        -       0x00000060   Zero   RW        11291    .bss                c_w.l(libspace.o)
    0x2000a6f0        -       0x00002000   Zero   RW            2    HEAP                startup_stm32f407xx.o
    0x2000c6f0        -       0x00002000   Zero   RW            1    STACK               startup_stm32f407xx.o


    Execution Region RW_IRAM2 (Exec base: 0x2001c000, Load base: 0x08017294, Size: 0x00000000, Max: 0x00004000, ABSOLUTE)

    **** No section assigned to this execution region ****


==============================================================================

Image component sizes


      Code (inc. data)   RO Data    RW Data    ZI Data      Debug   Object Name

      2950        460          0         20        936      14717   big_gimbal_task.o
      2882        174          0         72         64      10313   bmi088driver.o
       116         30          0          4          0       3364   bmi088middleware.o
       680         40          0         12          0       5261   bsp_can.o
       592        114          0         72          0       4525   bsp_dwt.o
        58          0          0          0          0        874   bsp_pwm.o
       944         94          0         18        192       9621   bsp_transmit.o
       312         26          0          0          0     584161   bsp_usart.o
       528         44          0          4         80       2478   can.o
      1134         92          0         56        276     577733   can_receive.o
      2036        140          0        164          0       7662   chassis_power.o
      4210        352          0         24        404      11078   chassis_task.o
       142          0          0          0          0      23115   cmsis_os.o
      2252         38          0        624          0      12776   controller.o
       282         20        770          2          0       5054   crc8_crc16.o
       184          6          0          0          0        854   dma.o
         0          0          0          0          0      16936   event_groups.o
       258          0          0          0          0      10275   fifo.o
       358         56        396         40        604       4451   freertos.o
       652         30          0          0          0       1339   gpio.o
       724         74          0         32      29000       7495   heap_4.o
      2700        228         48         96        376      11776   ins_task.o
       198          6          0          0          0       1874   kalman.o
      3160         26          0          4          0       8919   kalman_filter.o
       148          0          0          0          0       3634   list.o
        36          4          0          0          0       1326   lowpass.o
       312         20          0          0          0     782656   main.o
      2030         80          0         22        364      13692   nautilus_ui.o
         0          0          0          0        218       3875   navigation.o
       516         10          0          0          0       2554   pid.o
       894         78          0         12          0      11272   port.o
      4156        234        144        212        624      10471   quaternionekf.o
      1080        270          0        124        793      17785   referee.o
       688         56          0          6       2209       2951   referee_usart_task.o
       116         22          0          0         32       1547   rtc.o
       360         56          0          0          0       2690   send_current_task.o
       126          0          0          0          0       2841   smc.o
       416         38          0          0        280       1943   spi.o
        64         26        392          0      16384        856   startup_stm32f407xx.o
      9312       1080         18         80       1230      19386   steering_ui.o
       136         24          0          9          0       8794   stm32f4xx_hal.o
      2142          4          0          0          0      13999   stm32f4xx_hal_can.o
       260         22          0          0          0      33626   stm32f4xx_hal_cortex.o
      1442         16          8          0          0       7749   stm32f4xx_hal_dma.o
       542         50          0          0          0       3376   stm32f4xx_hal_gpio.o
        84          6          0          0          0        858   stm32f4xx_hal_msp.o
      3008         16          0          0          0      10830   stm32f4xx_hal_pcd.o
         2          0          0          0          0       1005   stm32f4xx_hal_pcd_ex.o
      1888         94          0          0          0       6377   stm32f4xx_hal_rcc.o
       416         20          0          0          0       1432   stm32f4xx_hal_rcc_ex.o
       356         10          0          0          0       3343   stm32f4xx_hal_rtc.o
      1136         12          0          0          0       4709   stm32f4xx_hal_spi.o
      1972        142          0          0          0      12964   stm32f4xx_hal_tim.o
         4          0          0          0          0       1633   stm32f4xx_hal_tim_ex.o
       180         18          0          0         72       1483   stm32f4xx_hal_timebase_tim.o
      3014         40          0          0          0      18198   stm32f4xx_hal_uart.o
       428        100          0          6          0      12493   stm32f4xx_it.o
      2548         58          0          0          0      15171   stm32f4xx_ll_usb.o
         0          0          0          0          0        392   stream_buffer.o
        20          6         24          4          0       1143   system_stm32f4xx.o
      2172        268          0         60        240      20745   tasks.o
       260         30          0          0         72       2314   tim.o
         0          0          0          0        248       1467   trigger_task.o
      1040         96          0          0        696     644795   usart.o
       632          6          0          0       1796      13278   usbd_conf.o
       882          0          0          0          0      12955   usbd_core.o
      1822         28          0          1          0      16687   usbd_ctlreq.o
       104          0          0          0          0       3884   usbd_ioreq.o
       790         26          0         24          0       6675   user_lib.o
        10          0          0          0          0        484   vofa.o

    ----------------------------------------------------------------------
     74972       5116       1836       1820      57204    3098989   Object Totals
         0          0         32          0          0          0   (incl. Generated)
        76          0          4         16         14          0   (incl. Padding)

    ----------------------------------------------------------------------

      Code (inc. data)   RO Data    RW Data    ZI Data      Debug   Library Member Name

         0          0       2052          0          0       4704   arm_common_tables.o
       120         12          0          0          0      17170   arm_cos_f32.o
       264          0          0          0          0       1826   arm_mat_add_f32.o
         8          0          0          0          0        999   arm_mat_init_f32.o
      1328          4          0          0          0       4782   arm_mat_inverse_f32.o
       316          4          0          0          0       2375   arm_mat_mult_f32.o
       264          0          0          0          0       1826   arm_mat_sub_f32.o
       276          0          0          0          0       2240   arm_mat_trans_f32.o
       148         18          0          0          0        814   arm_sin_f32.o
        90          0          0          0          0          0   __dczerorl2.o
         8          0          0          0          0         68   __main.o
         0          0          0          0          0          0   __rtentry.o
        12          0          0          0          0          0   __rtentry2.o
         6          0          0          0          0          0   __rtentry4.o
        52          8          0          0          0          0   __scatter.o
        28          0          0          0          0          0   __scatter_zi.o
        48          4          0          0          0         84   _fptrap.o
        22          0          0          0          0        100   _rserrno.o
        16          0          0          0          0         68   aeabi_memset.o
        10          0          0          0          0         68   defsig_exit.o
       172        110          0          0          0         76   defsig_fpe_inner.o
        14          0          0          0          0         80   defsig_fpe_outer.o
        50          0          0          0          0         88   defsig_general.o
        80         58          0          0          0         76   defsig_rtmem_inner.o
        14          0          0          0          0         80   defsig_rtmem_outer.o
        18          0          0          0          0         80   exit.o
        94          0          0          0          0         80   h1_alloc.o
        52          0          0          0          0         68   h1_extend.o
        78          0          0          0          0         80   h1_free.o
        14          0          0          0          0         84   h1_init.o
         6          0          0          0          0        152   heapauxi.o
         4          0          0          0          0        136   hguard.o
         0          0          0          0          0          0   indicate_semi.o
       138          0          0          0          0        168   init_alloc.o
         2          0          0          0          0          0   libinit.o
        14          0          0          0          0          0   libinit2.o
         2          0          0          0          0          0   libshutdown.o
         2          0          0          0          0          0   libshutdown2.o
         8          4          0          0         96         68   libspace.o
       238          0          0          0          0        100   lludivv7m.o
         0          0          0          0          0          0   maybetermalloc1.o
         8          4          0          0          0         68   rt_errno_addr_intlibspace.o
         8          4          0          0          0         68   rt_heap_descriptor_intlibspace.o
        68          0          0          0          0         68   rt_memclr.o
        78          0          0          0          0         80   rt_memclr_w.o
       138          0          0          0          0         68   rt_memcpy_v6.o
       100          0          0          0          0         80   rt_memcpy_w.o
         2          0          0          0          0          0   rtexit.o
        10          0          0          0          0          0   rtexit2.o
        12          4          0          0          0         68   sys_exit.o
        74          0          0          0          0         80   sys_stackheap_outer.o
        14          0          0          0          0         76   sys_wrch.o
         2          0          0          0          0         68   use_no_semi.o
        24          0          0          0          0        164   basic.o
       708         16          0          0          0        140   d2f_clz.o
      1336         32          0          0          0        532   daddsub_clz.o
        24          0          0          0          0        116   dcmpi.o
       892        152          0          0          0        292   ddiv_clz.o
       200         16          0          0          0        184   dfix.o
       110          0          0          0          0        348   dflt_clz.o
       120          8          0          0          0        140   dleqf.o
       448         16          0          0          0        164   dmul_clz.o
       258          4          0          0          0        156   dnaninf.o
       112          0          0          0          0        160   drenorm_clz.o
        12          0          0          0          0        116   dretinf.o
        98          0          0          0          0        128   drleqf.o
       520         56          0          0          0        180   dsqrt_umaalclz.o
       378          0          0          0          0        168   dunder_clz.o
       492         36          0          0          0        148   except.o
       122          8          0          0          0        132   f2d.o
       242          4          0          0          0        144   fnaninf.o
        10          0          0          0          0        116   fpinit.o
        10          0          0          0          0        116   fretinf.o
       316          0          0          0          0        132   funder_clz.o
       178          0          0          0          0        116   retnan.o
       126          0          0          0          0        148   trapv.o
         0          0          0          0          0          0   usenofp.o
       280         46          0          0          0        176   acosf.o
       300         42          0          0          0        176   asinf.o
       684         90          0          0          0        208   atan2f.o
       200         20          0          0          0        164   cos.o
       368         46         48          0          0        200   cos_i.o
        84         16          0          0          0        372   dunder.o
        44          0          0          0          0        248   fabs.o
        48          0          0          0          0        124   fpclassify.o
        38          0          0          0          0        116   fpclassifyf.o
        44         12          0          0          0        464   funder.o
       248          0          0          0          0        152   poly.o
      1080        142        200          0          0        188   rred.o
       200         20          0          0          0        164   sin.o
       304         24         40          0          0        208   sin_i.o
       122          0          0          0          0        148   sqrt_full.o
       120          0          0          0          0        272   sqrtf_full.o

    ----------------------------------------------------------------------
     15456       1040       2344          0         96      46684   Library Totals
        26          0          4          0          0          0   (incl. Padding)

    ----------------------------------------------------------------------

      Code (inc. data)   RO Data    RW Data    ZI Data      Debug   Library Name

      2724         38       2052          0          0      36736   arm_cortexM4lf_math.lib
      1806        196          0          0         96       2528   c_w.l
      6736        348          0          0          0       4040   g_wm.l
      4164        458        288          0          0       3380   m_wm.l

    ----------------------------------------------------------------------
     15456       1040       2344          0         96      46684   Library Totals

    ----------------------------------------------------------------------

==============================================================================


      Code (inc. data)   RO Data    RW Data    ZI Data      Debug   

     90428       6156       4180       1820      57300    3096369   Grand Totals
     90428       6156       4180        260      57300    3096369   ELF Image Totals (compressed)
     90428       6156       4180        260          0          0   ROM Totals

==============================================================================

    Total RO  Size (Code + RO Data)                94608 (  92.39kB)
    Total RW  Size (RW Data + ZI Data)             59120 (  57.73kB)
    Total ROM Size (Code + RO Data + RW Data)      94868 (  92.64kB)

==============================================================================

