Component: ARM Compiler 5.06 update 7 (build 960) Tool: armlink [4d3601]

==============================================================================

Section Cross References

    startup_stm32f407xx.o(STACK) refers (Special) to heapauxi.o(.text) for __use_two_region_memory
    startup_stm32f407xx.o(HEAP) refers (Special) to heapauxi.o(.text) for __use_two_region_memory
    startup_stm32f407xx.o(RESET) refers (Special) to heapauxi.o(.text) for __use_two_region_memory
    startup_stm32f407xx.o(RESET) refers to startup_stm32f407xx.o(STACK) for __initial_sp
    startup_stm32f407xx.o(RESET) refers to startup_stm32f407xx.o(.text) for Reset_Handler
    startup_stm32f407xx.o(RESET) refers to stm32f4xx_it.o(i.NMI_Handler) for NMI_Handler
    startup_stm32f407xx.o(RESET) refers to stm32f4xx_it.o(i.HardFault_Handler) for HardFault_Handler
    startup_stm32f407xx.o(RESET) refers to stm32f4xx_it.o(i.MemManage_Handler) for MemManage_Handler
    startup_stm32f407xx.o(RESET) refers to stm32f4xx_it.o(i.BusFault_Handler) for BusFault_Handler
    startup_stm32f407xx.o(RESET) refers to stm32f4xx_it.o(i.UsageFault_Handler) for UsageFault_Handler
    startup_stm32f407xx.o(RESET) refers to port.o(.emb_text) for SVC_Handler
    startup_stm32f407xx.o(RESET) refers to stm32f4xx_it.o(i.DebugMon_Handler) for DebugMon_Handler
    startup_stm32f407xx.o(RESET) refers to port.o(i.SysTick_Handler) for SysTick_Handler
    startup_stm32f407xx.o(RESET) refers to stm32f4xx_it.o(i.EXTI3_IRQHandler) for EXTI3_IRQHandler
    startup_stm32f407xx.o(RESET) refers to stm32f4xx_it.o(i.EXTI4_IRQHandler) for EXTI4_IRQHandler
    startup_stm32f407xx.o(RESET) refers to stm32f4xx_it.o(i.DMA1_Stream1_IRQHandler) for DMA1_Stream1_IRQHandler
    startup_stm32f407xx.o(RESET) refers to stm32f4xx_it.o(i.CAN1_TX_IRQHandler) for CAN1_TX_IRQHandler
    startup_stm32f407xx.o(RESET) refers to stm32f4xx_it.o(i.CAN1_RX0_IRQHandler) for CAN1_RX0_IRQHandler
    startup_stm32f407xx.o(RESET) refers to stm32f4xx_it.o(i.EXTI9_5_IRQHandler) for EXTI9_5_IRQHandler
    startup_stm32f407xx.o(RESET) refers to stm32f4xx_it.o(i.TIM2_IRQHandler) for TIM2_IRQHandler
    startup_stm32f407xx.o(RESET) refers to referee_usart_task.o(i.USART1_IRQHandler) for USART1_IRQHandler
    startup_stm32f407xx.o(RESET) refers to stm32f4xx_it.o(i.DMA2_Stream0_IRQHandler) for DMA2_Stream0_IRQHandler
    startup_stm32f407xx.o(RESET) refers to stm32f4xx_it.o(i.DMA2_Stream1_IRQHandler) for DMA2_Stream1_IRQHandler
    startup_stm32f407xx.o(RESET) refers to stm32f4xx_it.o(i.DMA2_Stream2_IRQHandler) for DMA2_Stream2_IRQHandler
    startup_stm32f407xx.o(RESET) refers to stm32f4xx_it.o(i.DMA2_Stream3_IRQHandler) for DMA2_Stream3_IRQHandler
    startup_stm32f407xx.o(RESET) refers to stm32f4xx_it.o(i.CAN2_TX_IRQHandler) for CAN2_TX_IRQHandler
    startup_stm32f407xx.o(RESET) refers to stm32f4xx_it.o(i.CAN2_RX1_IRQHandler) for CAN2_RX1_IRQHandler
    startup_stm32f407xx.o(RESET) refers to stm32f4xx_it.o(i.OTG_FS_IRQHandler) for OTG_FS_IRQHandler
    startup_stm32f407xx.o(RESET) refers to stm32f4xx_it.o(i.DMA2_Stream6_IRQHandler) for DMA2_Stream6_IRQHandler
    startup_stm32f407xx.o(RESET) refers to stm32f4xx_it.o(i.DMA2_Stream7_IRQHandler) for DMA2_Stream7_IRQHandler
    startup_stm32f407xx.o(RESET) refers to stm32f4xx_it.o(i.USART6_IRQHandler) for USART6_IRQHandler
    startup_stm32f407xx.o(.text) refers (Special) to heapauxi.o(.text) for __use_two_region_memory
    startup_stm32f407xx.o(.text) refers to system_stm32f4xx.o(i.SystemInit) for SystemInit
    startup_stm32f407xx.o(.text) refers to __main.o(!!!main) for __main
    startup_stm32f407xx.o(.text) refers to startup_stm32f407xx.o(HEAP) for Heap_Mem
    startup_stm32f407xx.o(.text) refers to startup_stm32f407xx.o(STACK) for Stack_Mem
    main.o(i.HAL_TIM_PeriodElapsedCallback) refers to stm32f4xx_hal.o(i.HAL_IncTick) for HAL_IncTick
    main.o(i.SystemClock_Config) refers to rt_memclr_w.o(.text) for __aeabi_memclr4
    main.o(i.SystemClock_Config) refers to stm32f4xx_hal_rcc.o(i.HAL_RCC_OscConfig) for HAL_RCC_OscConfig
    main.o(i.SystemClock_Config) refers to main.o(i.Error_Handler) for Error_Handler
    main.o(i.SystemClock_Config) refers to stm32f4xx_hal_rcc.o(i.HAL_RCC_ClockConfig) for HAL_RCC_ClockConfig
    main.o(i.main) refers to stm32f4xx_hal.o(i.HAL_Init) for HAL_Init
    main.o(i.main) refers to main.o(i.SystemClock_Config) for SystemClock_Config
    main.o(i.main) refers to gpio.o(i.MX_GPIO_Init) for MX_GPIO_Init
    main.o(i.main) refers to dma.o(i.MX_DMA_Init) for MX_DMA_Init
    main.o(i.main) refers to spi.o(i.MX_SPI1_Init) for MX_SPI1_Init
    main.o(i.main) refers to tim.o(i.MX_TIM10_Init) for MX_TIM10_Init
    main.o(i.main) refers to can.o(i.MX_CAN1_Init) for MX_CAN1_Init
    main.o(i.main) refers to can.o(i.MX_CAN2_Init) for MX_CAN2_Init
    main.o(i.main) refers to usart.o(i.MX_USART3_UART_Init) for MX_USART3_UART_Init
    main.o(i.main) refers to usart.o(i.MX_USART6_UART_Init) for MX_USART6_UART_Init
[...]
    shoot_2                                  0x2000a609   Data          15  steering_ui.o(.bss)
    shoot_3                                  0x2000a618   Data          15  steering_ui.o(.bss)
    shoot_4                                  0x2000a627   Data          15  steering_ui.o(.bss)
    shoot_5                                  0x2000a636   Data          15  steering_ui.o(.bss)
    supercap_1                               0x2000a645   Data          15  steering_ui.o(.bss)
    supercap_2                               0x2000a654   Data          15  steering_ui.o(.bss)
    supercap_3                               0x2000a663   Data          15  steering_ui.o(.bss)
    supercap_4                               0x2000a672   Data          15  steering_ui.o(.bss)
    bullet_1                                 0x2000a681   Data          15  steering_ui.o(.bss)
    bullet_2                                 0x2000a690   Data          15  steering_ui.o(.bss)
    bullet_3                                 0x2000a69f   Data          15  steering_ui.o(.bss)
    bullet_4                                 0x2000a6ae   Data          15  steering_ui.o(.bss)
    target_1                                 0x2000a6bd   Data          15  steering_ui.o(.bss)
    target_2                                 0x2000a6cc   Data          15  steering_ui.o(.bss)
    target_3                                 0x2000a6db   Data          15  steering_ui.o(.bss)
    target_4                                 0x2000a6ea   Data          15  steering_ui.o(.bss)
    target_5                                 0x2000a6f9   Data          15  steering_ui.o(.bss)
    target_6                                 0x2000a708   Data          15  steering_ui.o(.bss)
    target_7                                 0x2000a717   Data          15  steering_ui.o(.bss)
    target_8                                 0x2000a726   Data          15  steering_ui.o(.bss)
    SC_Outline_Arc_1                         0x2000a735   Data          15  steering_ui.o(.bss)
    SC_Outline_Arc_2                         0x2000a744   Data          15  steering_ui.o(.bss)
    SC_Outline_Line_1                        0x2000a753   Data          15  steering_ui.o(.bss)
    SC_Outline_Line_2                        0x2000a762   Data          15  steering_ui.o(.bss)
    SC_Vol_Arc                               0x2000a771   Data          15  steering_ui.o(.bss)
    Pitch_Angle_1                            0x2000a780   Data          15  steering_ui.o(.bss)
    energy_1                                 0x2000a78f   Data          15  steering_ui.o(.bss)
    __libspace_start                         0x2000a7a0   Data          96  libspace.o(.bss)
    __temporary_stack_top$libspace           0x2000a800   Data           0  libspace.o(.bss)



==============================================================================

Memory Map of the image

  Image Entry point : 0x08000189

  Load Region LR_IROM1 (Base: 0x08000000, Size: 0x00018d1c, Max: 0x00100000, ABSOLUTE, COMPRESSED[0x000186a4])

    Execution Region ER_IROM1 (Exec base: 0x08000000, Load base: 0x08000000, Size: 0x00018588, Max: 0x00100000, ABSOLUTE)

    Exec Addr    Load Addr    Size         Type   Attr      Idx    E Section Name        Object

    0x08000000   0x08000000   0x00000188   Data   RO            3    RESET               startup_stm32f407xx.o
    0x08000188   0x08000188   0x00000008   Code   RO        10766  * !!!main             c_w.l(__main.o)
    0x08000190   0x08000190   0x00000034   Code   RO        11246    !!!scatter          c_w.l(__scatter.o)
    0x080001c4   0x080001c4   0x0000005a   Code   RO        11244    !!dczerorl2         c_w.l(__dczerorl2.o)
    0x0800021e   0x0800021e   0x00000002   PAD
    0x08000220   0x08000220   0x0000001c   Code   RO        11248    !!handler_zi        c_w.l(__scatter_zi.o)
    0x0800023c   0x0800023c   0x00000002   Code   RO        11181    .ARM.Collect$$libinit$$00000000  c_w.l(libinit.o)
    0x0800023e   0x0800023e   0x00000004   Code   RO        10971    .ARM.Collect$$libinit$$00000001  c_w.l(libinit2.o)
    0x08000242   0x08000242   0x00000000   Code   RO        10974    .ARM.Collect$$libinit$$00000004  c_w.l(libinit2.o)
    0x08000242   0x08000242   0x00000008   Code   RO        10975    .ARM.Collect$$libinit$$00000005  c_w.l(libinit2.o)
    0x0800024a   0x0800024a   0x00000000   Code   RO        10977    .ARM.Collect$$libinit$$0000000A  c_w.l(libinit2.o)
    0x0800024a   0x0800024a   0x00000000   Code   RO        10979    .ARM.Collect$$libinit$$0000000C  c_w.l(libinit2.o)
    0x0800024a   0x0800024a   0x00000000   Code   RO        10981    .ARM.Collect$$libinit$$0000000E  c_w.l(libinit2.o)
    0x0800024a   0x0800024a   0x00000000   Code   RO        10984    .ARM.Collect$$libinit$$00000011  c_w.l(libinit2.o)
    0x0800024a   0x0800024a   0x00000000   Code   RO        10986    .ARM.Collect$$libinit$$00000013  c_w.l(libinit2.o)
    0x0800024a   0x0800024a   0x00000000   Code   RO        10988    .ARM.Collect$$libinit$$00000015  c_w.l(libinit2.o)
    0x0800024a   0x0800024a   0x00000000   Code   RO        10990    .ARM.Collect$$libinit$$00000017  c_w.l(libinit2.o)
    0x0800024a   0x0800024a   0x00000000   Code   RO        10992    .ARM.Collect$$libinit$$00000019  c_w.l(libinit2.o)
    0x0800024a   0x0800024a   0x00000000   Code   RO        10994    .ARM.Collect$$libinit$$0000001B  c_w.l(libinit2.o)
    0x0800024a   0x0800024a   0x00000000   Code   RO        10996    .ARM.Collect$$libinit$$0000001D  c_w.l(libinit2.o)
    0x0800024a   0x0800024a   0x00000000   Code   RO        10998    .ARM.Collect$$libinit$$0000001F  c_w.l(libinit2.o)
    0x0800024a   0x0800024a   0x00000000   Code   RO        11000    .ARM.Collect$$libinit$$00000021  c_w.l(libinit2.o)
    0x0800024a   0x0800024a   0x00000000   Code   RO        11002    .ARM.Collect$$libinit$$00000023  c_w.l(libinit2.o)
    0x0800024a   0x0800024a   0x00000000   Code   RO        11004    .ARM.Collect$$libinit$$00000025  c_w.l(libinit2.o)
    0x0800024a   0x0800024a   0x00000000   Code   RO        11008    .ARM.Collect$$libinit$$0000002C  c_w.l(libinit2.o)
    0x0800024a   0x0800024a   0x00000000   Code   RO        11010    .ARM.Collect$$libinit$$0000002E  c_w.l(libinit2.o)
    0x0800024a   0x0800024a   0x00000000   Code   RO        11012    .ARM.Collect$$libinit$$00000030  c_w.l(libinit2.o)
    0x0800024a   0x0800024a   0x00000000   Code   RO        11014    .ARM.Collect$$libinit$$00000032  c_w.l(libinit2.o)
    0x0800024a   0x0800024a   0x00000002   Code   RO        11015    .ARM.Collect$$libinit$$00000033  c_w.l(libinit2.o)
    0x0800024c   0x0800024c   0x00000002   Code   RO        11241    .ARM.Collect$$libshutdown$$00000000  c_w.l(libshutdown.o)
    0x0800024e   0x0800024e   0x00000000   Code   RO        11197    .ARM.Collect$$libshutdown$$00000002  c_w.l(libshutdown2.o)
    0x0800024e   0x0800024e   0x00000000   Code   RO        11199    .ARM.Collect$$libshutdown$$00000004  c_w.l(libshutdown2.o)
    0x0800024e   0x0800024e   0x00000000   Code   RO        11201    .ARM.Collect$$libshutdown$$00000006  c_w.l(libshutdown2.o)
    0x0800024e   0x0800024e   0x00000000   Code   RO        11204    .ARM.Collect$$libshutdown$$00000009  c_w.l(libshutdown2.o)
    0x0800024e   0x0800024e   0x00000000   Code   RO        11207    .ARM.Collect$$libshutdown$$0000000C  c_w.l(libshutdown2.o)
    0x0800024e   0x0800024e   0x00000000   Code   RO        11209    .ARM.Collect$$libshutdown$$0000000E  c_w.l(libshutdown2.o)
    0x0800024e   0x0800024e   0x00000000   Code   RO        11212    .ARM.Collect$$libshutdown$$00000011  c_w.l(libshutdown2.o)
    0x0800024e   0x0800024e   0x00000002   Code   RO        11213    .ARM.Collect$$libshutdown$$00000012  c_w.l(libshutdown2.o)
    0x08000250   0x08000250   0x00000000   Code   RO        10928    .ARM.Collect$$rtentry$$00000000  c_w.l(__rtentry.o)
    0x08000250   0x08000250   0x00000000   Code   RO        11101    .ARM.Collect$$rtentry$$00000002  c_w.l(__rtentry2.o)
    0x08000250   0x08000250   0x00000006   Code   RO        11113    .ARM.Collect$$rtentry$$00000004  c_w.l(__rtentry4.o)
    0x08000256   0x08000256   0x00000000   Code   RO        11103    .ARM.Collect$$rtentry$$00000009  c_w.l(__rtentry2.o)
    0x08000256   0x08000256   0x00000004   Code   RO        11104    .ARM.Collect$$rtentry$$0000000A  c_w.l(__rtentry2.o)
    0x0800025a   0x0800025a   0x00000000   Code   RO        11106    .ARM.Collect$$rtentry$$0000000C  c_w.l(__rtentry2.o)
    0x0800025a   0x0800025a   0x00000008   Code   RO        11107    .ARM.Collect$$rtentry$$0000000D  c_w.l(__rtentry2.o)
    0x08000262   0x08000262   0x00000002   Code   RO        11184    .ARM.Collect$$rtexit$$00000000  c_w.l(rtexit.o)
    0x08000264   0x08000264   0x00000000   Code   RO        11217    .ARM.Collect$$rtexit$$00000002  c_w.l(rtexit2.o)
    0x08000264   0x08000264   0x00000004   Code   RO        11218    .ARM.Collect$$rtexit$$00000003  c_w.l(rtexit2.o)
    0x08000268   0x08000268   0x00000006   Code   RO        11219    .ARM.Collect$$rtexit$$00000004  c_w.l(rtexit2.o)
    0x0800026e   0x0800026e   0x00000002   PAD
    0x08000270   0x08000270   0x000000be   Code   RO         6818    .emb_text           port.o
    0x0800032e   0x0800032e   0x00000002   PAD
    0x08000330   0x08000330   0x00000000   Code   RO        11124    .emb_text           c_w.l(maybetermalloc1.o)
    0x08000330   0x08000330   0x00000040   Code   RO            4    .text               startup_stm32f407xx.o
    0x08000370   0x08000370   0x00000078   Code   RO        10347    .text               arm_cortexM4lf_math.lib(arm_cos_f32.o)
    0x080003e8   0x080003e8   0x00000094   Code   RO        10397    .text               arm_cortexM4lf_math.lib(arm_sin_f32.o)
    0x0800047c   0x0800047c   0x00000108   Code   RO        10421    .text               arm_cortexM4lf_math.lib(arm_mat_add_f32.o)
    0x08000584   0x08000584   0x00000008   Code   RO        10445    .text               arm_cortexM4lf_math.lib(arm_mat_init_f32.o)
    0x0800058c   0x0800058c   0x00000530   Code   RO        10469    .text               arm_cortexM4lf_math.lib(arm_mat_inverse_f32.o)
    0x08000abc   0x08000abc   0x0000013c   Code   RO        10493    .text               arm_cortexM4lf_math.lib(arm_mat_mult_f32.o)
    0x08000bf8   0x08000bf8   0x00000108   Code   RO        10517    .text               arm_cortexM4lf_math.lib(arm_mat_sub_f32.o)
    0x08000d00   0x08000d00   0x00000114   Code   RO        10541    .text               arm_cortexM4lf_math.lib(arm_mat_trans_f32.o)
    0x08000e14   0x08000e14   0x0000005e   Code   RO        10650    .text               c_w.l(h1_alloc.o)
    0x08000e72   0x08000e72   0x0000004e   Code   RO        10652    .text               c_w.l(h1_free.o)
    0x08000ec0   0x08000ec0   0x000000ee   Code   RO        10708    .text               c_w.l(lludivv7m.o)
    0x08000fae   0x08000fae   0x0000008a   Code   RO        10752    .text               c_w.l(rt_memcpy_v6.o)
    0x08001038   0x08001038   0x00000064   Code   RO        10754    .text               c_w.l(rt_memcpy_w.o)
    0x0800109c   0x0800109c   0x00000010   Code   RO        10758    .text               c_w.l(aeabi_memset.o)
    0x080010ac   0x080010ac   0x00000044   Code   RO        10760    .text               c_w.l(rt_memclr.o)
    0x080010f0   0x080010f0   0x0000004e   Code   RO        10762    .text               c_w.l(rt_memclr_w.o)
    0x0800113e   0x0800113e   0x00000006   Code   RO        10764    .text               c_w.l(heapauxi.o)
    0x08001144   0x08001144   0x00000008   Code   RO        10936    .text               c_w.l(rt_heap_descriptor_intlibspace.o)
    0x0800114c   0x0800114c   0x00000004   Code   RO        10938    .text               c_w.l(hguard.o)
    0x08001150   0x08001150   0x0000008a   Code   RO        10940    .text               c_w.l(init_alloc.o)
    0x080011da   0x080011da   0x0000000e   Code   RO        10944    .text               c_w.l(h1_init.o)
    0x080011e8   0x080011e8   0x00000016   Code   RO        10958    .text               c_w.l(_rserrno.o)
    0x080011fe   0x080011fe   0x00000002   PAD
    0x08001200   0x08001200   0x00000008   Code   RO        11097    .text               c_w.l(libspace.o)
    0x08001208   0x08001208   0x00000008   Code   RO        11120    .text               c_w.l(rt_errno_addr_intlibspace.o)
    0x08001210   0x08001210   0x00000034   Code   RO        11126    .text               c_w.l(h1_extend.o)
    0x08001244   0x08001244   0x00000030   Code   RO        11130    .text               c_w.l(_fptrap.o)
    0x08001274   0x08001274   0x0000000e   Code   RO        11134    .text               c_w.l(defsig_rtmem_outer.o)
    0x08001282   0x08001282   0x00000002   Code   RO        11153    .text               c_w.l(use_no_semi.o)
    0x08001284   0x08001284   0x00000000   Code   RO        11155    .text               c_w.l(indicate_semi.o)
    0x08001284   0x08001284   0x0000004a   Code   RO        11156    .text               c_w.l(sys_stackheap_outer.o)
    0x080012ce   0x080012ce   0x00000012   Code   RO        11162    .text               c_w.l(exit.o)
    0x080012e0   0x080012e0   0x0000000a   Code   RO        11164    .text               c_w.l(defsig_exit.o)
    0x080012ea   0x080012ea   0x0000000e   Code   RO        11166    .text               c_w.l(defsig_fpe_outer.o)
    0x080012f8   0x080012f8   0x00000050   Code   RO        11170    .text               c_w.l(defsig_rtmem_inner.o)
    0x08001348   0x08001348   0x0000000c   Code   RO        11182    .text               c_w.l(sys_exit.o)
    0x08001354   0x08001354   0x00000032   Code   RO        11192    .text               c_w.l(defsig_general.o)
    0x08001386   0x08001386   0x00000002   PAD
    0x08001388   0x08001388   0x000000ac   Code   RO        11194    .text               c_w.l(defsig_fpe_inner.o)
    0x08001434   0x08001434   0x0000000e   Code   RO        11214    .text               c_w.l(sys_wrch.o)
    0x08001442   0x08001442   0x000000cc   Code   RO         9611    i.Arc_Draw          nautilus_ui.o
    0x0800150e   0x0800150e   0x00000002   PAD
    0x08001510   0x08001510   0x00000014   Code   RO         7405    i.BMI088_ACCEL_NS_H  bmi088middleware.o
    0x08001524   0x08001524   0x00000014   Code   RO         7406    i.BMI088_ACCEL_NS_L  bmi088middleware.o
    0x08001538   0x08001538   0x00000014   Code   RO         7407    i.BMI088_GYRO_NS_H  bmi088middleware.o
    0x0800154c   0x0800154c   0x00000014   Code   RO         7408    i.BMI088_GYRO_NS_L  bmi088middleware.o
    0x08001560   0x08001560   0x0000027c   Code   RO         7324    i.BMI088_Read       bmi088driver.o
    0x080017dc   0x080017dc   0x00000098   Code   RO         7325    i.BMI088_init       bmi088driver.o
    0x08001874   0x08001874   0x00000026   Code   RO         7326    i.BMI088_read_muli_reg  bmi088driver.o
    0x0800189a   0x0800189a   0x00000018   Code   RO         7327    i.BMI088_read_single_reg  bmi088driver.o
    0x080018b2   0x080018b2   0x00000002   PAD
    0x080018b4   0x080018b4   0x00000024   Code   RO         7409    i.BMI088_read_write_byte  bmi088middleware.o
    0x080018d8   0x080018d8   0x00000014   Code   RO         7328    i.BMI088_write_single_reg  bmi088driver.o
    0x080018ec   0x080018ec   0x0000015a   Code   RO         9102    i.BodyFrameToEarthFrame  ins_task.o
    0x08001a46   0x08001a46   0x00000004   Code   RO         1097    i.BusFault_Handler  stm32f4xx_it.o
    0x08001a4a   0x08001a4a   0x00000002   PAD
    0x08001a4c   0x08001a4c   0x00000010   Code   RO         1098    i.CAN1_RX0_IRQHandler  stm32f4xx_it.o
    0x08001a5c   0x08001a5c   0x00000010   Code   RO         1099    i.CAN1_TX_IRQHandler  stm32f4xx_it.o
    0x08001a6c   0x08001a6c   0x00000010   Code   RO         1100    i.CAN2_RX1_IRQHandler  stm32f4xx_it.o
    0x08001a7c   0x08001a7c   0x00000010   Code   RO         1101    i.CAN2_TX_IRQHandler  stm32f4xx_it.o
    0x08001a8c   0x08001a8c   0x00000540   Code   RO         7329    i.Calibrate_MPU_Offset  bmi088driver.o
    0x08001fcc   0x08001fcc   0x000000c6   Code   RO         9612    i.Char_Draw         nautilus_ui.o
    0x08002092   0x08002092   0x0000000c   Code   RO          312    i.DETECT_task       freertos.o
    0x0800209e   0x0800209e   0x00000002   PAD
    0x080020a0   0x080020a0   0x00000010   Code   RO         1102    i.DMA1_Stream1_IRQHandler  stm32f4xx_it.o
    0x080020b0   0x080020b0   0x00000010   Code   RO         1103    i.DMA2_Stream0_IRQHandler  stm32f4xx_it.o
    0x080020c0   0x080020c0   0x00000010   Code   RO         1104    i.DMA2_Stream1_IRQHandler  stm32f4xx_it.o
    0x080020d0   0x080020d0   0x00000010   Code   RO         1105    i.DMA2_Stream2_IRQHandler  stm32f4xx_it.o
    0x080020e0   0x080020e0   0x00000010   Code   RO         1106    i.DMA2_Stream3_IRQHandler  stm32f4xx_it.o
    0x080020f0   0x080020f0   0x00000010   Code   RO         1107    i.DMA2_Stream6_IRQHandler  stm32f4xx_it.o
    0x08002100   0x08002100   0x00000010   Code   RO         1108    i.DMA2_Stream7_IRQHandler  stm32f4xx_it.o
    0x08002110   0x08002110   0x00000034   Code   RO         3407    i.DMA_CalcBaseAndBitshift  stm32f4xx_hal_dma.o
    0x08002144   0x08002144   0x000000aa   Code   RO         3408    i.DMA_CheckFifoParam  stm32f4xx_hal_dma.o
    0x080021ee   0x080021ee   0x0000002c   Code   RO         3409    i.DMA_SetConfig     stm32f4xx_hal_dma.o
    0x0800221a   0x0800221a   0x00000002   PAD
    0x0800221c   0x0800221c   0x00000030   Code   RO         7584    i.DWT_CNT_Update    bsp_dwt.o
    0x0800224c   0x0800224c   0x0000003c   Code   RO         7585    i.DWT_Delay         bsp_dwt.o
    0x08002288   0x08002288   0x0000004c   Code   RO         7586    i.DWT_GetDeltaT     bsp_dwt.o
    0x080022d4   0x080022d4   0x00000054   Code   RO         7589    i.DWT_GetTimeline_s  bsp_dwt.o
    0x08002328   0x08002328   0x00000074   Code   RO         7591    i.DWT_Init          bsp_dwt.o
    0x0800239c   0x0800239c   0x000000d0   Code   RO         7592    i.DWT_SysTimeUpdate  bsp_dwt.o
    0x0800246c   0x0800246c   0x00000002   Code   RO         1109    i.DebugMon_Handler  stm32f4xx_it.o
    0x0800246e   0x0800246e   0x0000000a   Code   RO         1110    i.EXTI3_IRQHandler  stm32f4xx_it.o
    0x08002478   0x08002478   0x0000000a   Code   RO         1111    i.EXTI4_IRQHandler  stm32f4xx_it.o
    0x08002482   0x08002482   0x0000000a   Code   RO         1112    i.EXTI9_5_IRQHandler  stm32f4xx_it.o
    0x0800248c   0x0800248c   0x0000015a   Code   RO         9103    i.EarthFrameToBodyFrame  ins_task.o
    0x080025e6   0x080025e6   0x00000006   Code   RO           13    i.Error_Handler     main.o
    0x080025ec   0x080025ec   0x00000028   Code   RO         9210    i.Error_Yaw         send_current_task.o
    0x08002614   0x08002614   0x0000007e   Code   RO         8079    i.FTSMC_init        smc.o
    0x08002692   0x08002692   0x00000002   PAD
    0x08002694   0x08002694   0x000000b8   Code   RO         9615    i.Float_Draw        nautilus_ui.o
    0x0800274c   0x0800274c   0x00000084   Code   RO         9105    i.Get_Angle_accel   ins_task.o
    0x080027d0   0x080027d0   0x0000002a   Code   RO         4104    i.HAL_CAN_ActivateNotification  stm32f4xx_hal_can.o
    0x080027fa   0x080027fa   0x0000014a   Code   RO         4105    i.HAL_CAN_AddTxMessage  stm32f4xx_hal_can.o
    0x08002944   0x08002944   0x00000120   Code   RO         4106    i.HAL_CAN_ConfigFilter  stm32f4xx_hal_can.o
    0x08002a64   0x08002a64   0x00000002   Code   RO         4109    i.HAL_CAN_ErrorCallback  stm32f4xx_hal_can.o
    0x08002a66   0x08002a66   0x00000194   Code   RO         4112    i.HAL_CAN_GetRxMessage  stm32f4xx_hal_can.o
    0x08002bfa   0x08002bfa   0x0000024e   Code   RO         4116    i.HAL_CAN_IRQHandler  stm32f4xx_hal_can.o
    0x08002e48   0x08002e48   0x00000174   Code   RO         4117    i.HAL_CAN_Init      stm32f4xx_hal_can.o
    0x08002fbc   0x08002fbc   0x00000180   Code   RO          433    i.HAL_CAN_MspInit   can.o
    0x0800313c   0x0800313c   0x00000002   Code   RO         4124    i.HAL_CAN_RxFifo0FullCallback  stm32f4xx_hal_can.o
    0x0800313e   0x0800313e   0x00000002   PAD
    0x08003140   0x08003140   0x0000022c   Code   RO         7688    i.HAL_CAN_RxFifo0MsgPendingCallback  can_receive.o
    0x0800336c   0x0800336c   0x00000002   Code   RO         4126    i.HAL_CAN_RxFifo1FullCallback  stm32f4xx_hal_can.o
    0x0800336e   0x0800336e   0x00000002   PAD
    0x08003370   0x08003370   0x0000004c   Code   RO         7689    i.HAL_CAN_RxFifo1MsgPendingCallback  can_receive.o
    0x080033bc   0x080033bc   0x00000002   Code   RO         4128    i.HAL_CAN_SleepCallback  stm32f4xx_hal_can.o
    0x080033be   0x080033be   0x0000005e   Code   RO         4129    i.HAL_CAN_Start     stm32f4xx_hal_can.o
    0x0800341c   0x0800341c   0x00000002   Code   RO         4131    i.HAL_CAN_TxMailbox0AbortCallback  stm32f4xx_hal_can.o
    0x0800341e   0x0800341e   0x00000002   Code   RO         4132    i.HAL_CAN_TxMailbox0CompleteCallback  stm32f4xx_hal_can.o
    0x08003420   0x08003420   0x00000002   Code   RO         4133    i.HAL_CAN_TxMailbox1AbortCallback  stm32f4xx_hal_can.o
    0x08003422   0x08003422   0x00000002   Code   RO         4134    i.HAL_CAN_TxMailbox1CompleteCallback  stm32f4xx_hal_can.o
    0x08003424   0x08003424   0x00000002   Code   RO         4135    i.HAL_CAN_TxMailbox2AbortCallback  stm32f4xx_hal_can.o
    0x08003426   0x08003426   0x00000002   Code   RO         4136    i.HAL_CAN_TxMailbox2CompleteCallback  stm32f4xx_hal_can.o
    0x08003428   0x08003428   0x00000002   Code   RO         4138    i.HAL_CAN_WakeUpFromRxMsgCallback  stm32f4xx_hal_can.o
    0x0800342a   0x0800342a   0x000000ac   Code   RO         3410    i.HAL_DMA_Abort     stm32f4xx_hal_dma.o
    0x080034d6   0x080034d6   0x00000028   Code   RO         3411    i.HAL_DMA_Abort_IT  stm32f4xx_hal_dma.o
    0x080034fe   0x080034fe   0x00000006   Code   RO         3413    i.HAL_DMA_GetError  stm32f4xx_hal_dma.o
    0x08003504   0x08003504   0x00000240   Code   RO         3415    i.HAL_DMA_IRQHandler  stm32f4xx_hal_dma.o
    0x08003744   0x08003744   0x000000ec   Code   RO         3416    i.HAL_DMA_Init      stm32f4xx_hal_dma.o
    0x08003830   0x08003830   0x00000092   Code   RO         3420    i.HAL_DMA_Start_IT  stm32f4xx_hal_dma.o
    0x080038c2   0x080038c2   0x00000002   PAD
    0x080038c4   0x080038c4   0x00000028   Code   RO         3852    i.HAL_Delay         stm32f4xx_hal.o
    0x080038ec   0x080038ec   0x00000002   Code   RO         3301    i.HAL_GPIO_EXTI_Callback  stm32f4xx_hal_gpio.o
    0x080038ee   0x080038ee   0x00000002   PAD
    0x080038f0   0x080038f0   0x0000001c   Code   RO         3302    i.HAL_GPIO_EXTI_IRQHandler  stm32f4xx_hal_gpio.o
    0x0800390c   0x0800390c   0x000001f4   Code   RO         3303    i.HAL_GPIO_Init     stm32f4xx_hal_gpio.o
    0x08003b00   0x08003b00   0x0000000c   Code   RO         3307    i.HAL_GPIO_WritePin  stm32f4xx_hal_gpio.o
    0x08003b0c   0x08003b0c   0x0000000c   Code   RO         3858    i.HAL_GetTick       stm32f4xx_hal.o
    0x08003b18   0x08003b18   0x00000018   Code   RO         3864    i.HAL_IncTick       stm32f4xx_hal.o
    0x08003b30   0x08003b30   0x0000003c   Code   RO         3865    i.HAL_Init          stm32f4xx_hal.o
    0x08003b6c   0x08003b6c   0x000000b4   Code   RO         1284    i.HAL_InitTick      stm32f4xx_hal_timebase_tim.o
    0x08003c20   0x08003c20   0x00000054   Code   RO         1260    i.HAL_MspInit       stm32f4xx_hal_msp.o
    0x08003c74   0x08003c74   0x00000028   Code   RO         3695    i.HAL_NVIC_EnableIRQ  stm32f4xx_hal_cortex.o
    0x08003c9c   0x08003c9c   0x0000007c   Code   RO         3701    i.HAL_NVIC_SetPriority  stm32f4xx_hal_cortex.o
    0x08003d18   0x08003d18   0x00000028   Code   RO         3702    i.HAL_NVIC_SetPriorityGrouping  stm32f4xx_hal_cortex.o
    0x08003d40   0x08003d40   0x00000002   Code   RO         2551    i.HAL_PCDEx_LPM_Callback  stm32f4xx_hal_pcd_ex.o
    0x08003d42   0x08003d42   0x0000000e   Code   RO          743    i.HAL_PCD_ConnectCallback  usbd_conf.o
    0x08003d50   0x08003d50   0x00000020   Code   RO          744    i.HAL_PCD_DataInStageCallback  usbd_conf.o
    0x08003d70   0x08003d70   0x00000020   Code   RO          745    i.HAL_PCD_DataOutStageCallback  usbd_conf.o
    0x08003d90   0x08003d90   0x0000000e   Code   RO          746    i.HAL_PCD_DisconnectCallback  usbd_conf.o
    0x08003d9e   0x08003d9e   0x00000042   Code   RO         2316    i.HAL_PCD_EP_Abort  stm32f4xx_hal_pcd.o
    0x08003de0   0x08003de0   0x0000007c   Code   RO         2318    i.HAL_PCD_EP_ClrStall  stm32f4xx_hal_pcd.o
    0x08003e5c   0x08003e5c   0x0000008e   Code   RO         2321    i.HAL_PCD_EP_Open   stm32f4xx_hal_pcd.o
    0x08003eea   0x08003eea   0x00000046   Code   RO         2322    i.HAL_PCD_EP_Receive  stm32f4xx_hal_pcd.o
    0x08003f30   0x08003f30   0x0000008a   Code   RO         2323    i.HAL_PCD_EP_SetStall  stm32f4xx_hal_pcd.o
    0x08003fba   0x08003fba   0x00000048   Code   RO         2324    i.HAL_PCD_EP_Transmit  stm32f4xx_hal_pcd.o
    0x08004002   0x08004002   0x000006ca   Code   RO         2326    i.HAL_PCD_IRQHandler  stm32f4xx_hal_pcd.o
    0x080046cc   0x080046cc   0x00000012   Code   RO          747    i.HAL_PCD_ISOINIncompleteCallback  usbd_conf.o
    0x080046de   0x080046de   0x00000012   Code   RO          748    i.HAL_PCD_ISOOUTIncompleteCallback  usbd_conf.o
    0x080046f0   0x080046f0   0x00000030   Code   RO          751    i.HAL_PCD_ResetCallback  usbd_conf.o
    0x08004720   0x08004720   0x0000000e   Code   RO          752    i.HAL_PCD_ResumeCallback  usbd_conf.o
    0x0800472e   0x0800472e   0x0000000e   Code   RO          753    i.HAL_PCD_SOFCallback  usbd_conf.o
    0x0800473c   0x0800473c   0x00000034   Code   RO         2335    i.HAL_PCD_SetAddress  stm32f4xx_hal_pcd.o
    0x08004770   0x08004770   0x00000012   Code   RO          754    i.HAL_PCD_SetupStageCallback  usbd_conf.o
    0x08004782   0x08004782   0x00000002   PAD
    0x08004784   0x08004784   0x00000034   Code   RO          755    i.HAL_PCD_SuspendCallback  usbd_conf.o
    0x080047b8   0x080047b8   0x000001a0   Code   RO         3009    i.HAL_RCCEx_PeriphCLKConfig  stm32f4xx_hal_rcc_ex.o
    0x08004958   0x08004958   0x00000184   Code   RO         2904    i.HAL_RCC_ClockConfig  stm32f4xx_hal_rcc.o
    0x08004adc   0x08004adc   0x00000044   Code   RO         2908    i.HAL_RCC_GetClockConfig  stm32f4xx_hal_rcc.o
    0x08004b20   0x08004b20   0x0000000c   Code   RO         2909    i.HAL_RCC_GetHCLKFreq  stm32f4xx_hal_rcc.o
    0x08004b2c   0x08004b2c   0x00000020   Code   RO         2911    i.HAL_RCC_GetPCLK1Freq  stm32f4xx_hal_rcc.o
    0x08004b4c   0x08004b4c   0x00000020   Code   RO         2912    i.HAL_RCC_GetPCLK2Freq  stm32f4xx_hal_rcc.o
    0x08004b6c   0x08004b6c   0x000000b0   Code   RO         2913    i.HAL_RCC_GetSysClockFreq  stm32f4xx_hal_rcc.o
    0x08004c1c   0x08004c1c   0x0000049c   Code   RO         2916    i.HAL_RCC_OscConfig  stm32f4xx_hal_rcc.o
    0x080050b8   0x080050b8   0x000000b4   Code   RO         4350    i.HAL_RTC_Init      stm32f4xx_hal_rtc.o
    0x0800516c   0x0800516c   0x00000040   Code   RO          506    i.HAL_RTC_MspInit   rtc.o
    0x080051ac   0x080051ac   0x00000038   Code   RO         4358    i.HAL_RTC_WaitForSynchro  stm32f4xx_hal_rtc.o
    0x080051e4   0x080051e4   0x000000c8   Code   RO         4750    i.HAL_SPI_Init      stm32f4xx_hal_spi.o
    0x080052ac   0x080052ac   0x00000158   Code   RO          548    i.HAL_SPI_MspInit   spi.o
    0x08005404   0x08005404   0x00000248   Code   RO         4759    i.HAL_SPI_TransmitReceive  stm32f4xx_hal_spi.o
    0x0800564c   0x0800564c   0x00000002   Code   RO         2040    i.HAL_TIMEx_BreakCallback  stm32f4xx_hal_tim_ex.o
    0x0800564e   0x0800564e   0x00000002   Code   RO         2041    i.HAL_TIMEx_CommutCallback  stm32f4xx_hal_tim_ex.o
    0x08005650   0x08005650   0x00000066   Code   RO         1325    i.HAL_TIM_Base_Init  stm32f4xx_hal_tim.o
    0x080056b6   0x080056b6   0x00000002   PAD
    0x080056b8   0x080056b8   0x00000034   Code   RO          590    i.HAL_TIM_Base_MspInit  tim.o
    0x080056ec   0x080056ec   0x000000a8   Code   RO         1330    i.HAL_TIM_Base_Start_IT  stm32f4xx_hal_tim.o
    0x08005794   0x08005794   0x00000002   Code   RO         1359    i.HAL_TIM_IC_CaptureCallback  stm32f4xx_hal_tim.o
    0x08005796   0x08005796   0x0000016c   Code   RO         1373    i.HAL_TIM_IRQHandler  stm32f4xx_hal_tim.o
    0x08005902   0x08005902   0x00000002   PAD
    0x08005904   0x08005904   0x00000064   Code   RO          591    i.HAL_TIM_MspPostInit  tim.o
    0x08005968   0x08005968   0x00000002   Code   RO         1376    i.HAL_TIM_OC_DelayElapsedCallback  stm32f4xx_hal_tim.o
    0x0800596a   0x0800596a   0x00000104   Code   RO         1397    i.HAL_TIM_PWM_ConfigChannel  stm32f4xx_hal_tim.o
    0x08005a6e   0x08005a6e   0x00000066   Code   RO         1400    i.HAL_TIM_PWM_Init  stm32f4xx_hal_tim.o
    0x08005ad4   0x08005ad4   0x00000002   Code   RO         1402    i.HAL_TIM_PWM_MspInit  stm32f4xx_hal_tim.o
    0x08005ad6   0x08005ad6   0x00000002   Code   RO         1403    i.HAL_TIM_PWM_PulseFinishedCallback  stm32f4xx_hal_tim.o
    0x08005ad8   0x08005ad8   0x0000010c   Code   RO         1405    i.HAL_TIM_PWM_Start  stm32f4xx_hal_tim.o
    0x08005be4   0x08005be4   0x00000012   Code   RO           14    i.HAL_TIM_PeriodElapsedCallback  main.o
    0x08005bf6   0x08005bf6   0x00000002   Code   RO         1416    i.HAL_TIM_TriggerCallback  stm32f4xx_hal_tim.o
    0x08005bf8   0x08005bf8   0x00000002   Code   RO         5073    i.HAL_UARTEx_RxEventCallback  stm32f4xx_hal_uart.o
    0x08005bfa   0x08005bfa   0x000000c4   Code   RO         5076    i.HAL_UART_AbortReceive  stm32f4xx_hal_uart.o
    0x08005cbe   0x08005cbe   0x00000002   Code   RO         5087    i.HAL_UART_ErrorCallback  stm32f4xx_hal_uart.o
    0x08005cc0   0x08005cc0   0x00000308   Code   RO         5090    i.HAL_UART_IRQHandler  stm32f4xx_hal_uart.o
    0x08005fc8   0x08005fc8   0x00000076   Code   RO         5091    i.HAL_UART_Init     stm32f4xx_hal_uart.o
    0x0800603e   0x0800603e   0x00000002   PAD
    0x08006040   0x08006040   0x00000348   Code   RO          638    i.HAL_UART_MspInit  usart.o
    0x08006388   0x08006388   0x0000002c   Code   RO         5095    i.HAL_UART_Receive_DMA  stm32f4xx_hal_uart.o
    0x080063b4   0x080063b4   0x00000002   Code   RO         5097    i.HAL_UART_RxCpltCallback  stm32f4xx_hal_uart.o
    0x080063b6   0x080063b6   0x00000002   Code   RO         5098    i.HAL_UART_RxHalfCpltCallback  stm32f4xx_hal_uart.o
    0x080063b8   0x080063b8   0x0000009c   Code   RO         5100    i.HAL_UART_Transmit_DMA  stm32f4xx_hal_uart.o
    0x08006454   0x08006454   0x00000018   Code   RO         9616    i.HAL_UART_TxCpltCallback  nautilus_ui.o
    0x0800646c   0x0800646c   0x00000002   Code   RO         5103    i.HAL_UART_TxHalfCpltCallback  stm32f4xx_hal_uart.o
    0x0800646e   0x0800646e   0x00000002   PAD
    0x08006470   0x08006470   0x00000130   Code   RO         6898    i.H_K_R_Adjustment  kalman_filter.o
    0x080065a0   0x080065a0   0x00000004   Code   RO         1113    i.HardFault_Handler  stm32f4xx_it.o
    0x080065a4   0x080065a4   0x0000012c   Code   RO         7943    i.Head1_data_Handle  bsp_transmit.o
    0x080066d0   0x080066d0   0x00000374   Code   RO         9106    i.IMU_Param_Correction  ins_task.o
    0x08006a44   0x08006a44   0x00000238   Code   RO         7120    i.IMU_QuaternionEKF_F_Linearization_P_Fading  quaternionekf.o
    0x08006c7c   0x08006c7c   0x00000130   Code   RO         7121    i.IMU_QuaternionEKF_Init  quaternionekf.o
    0x08006dac   0x08006dac   0x00000034   Code   RO         7122    i.IMU_QuaternionEKF_Observe  quaternionekf.o
    0x08006de0   0x08006de0   0x00000128   Code   RO         7123    i.IMU_QuaternionEKF_SetH  quaternionekf.o
    0x08006f08   0x08006f08   0x00000634   Code   RO         7124    i.IMU_QuaternionEKF_Update  quaternionekf.o
    0x0800753c   0x0800753c   0x00000508   Code   RO         7125    i.IMU_QuaternionEKF_xhatUpdate  quaternionekf.o
    0x08007a44   0x08007a44   0x00000074   Code   RO         9107    i.IMU_Temperature_Ctrl  ins_task.o
    0x08007ab8   0x08007ab8   0x000000d8   Code   RO         9108    i.INS_Init          ins_task.o
    0x08007b90   0x08007b90   0x00000294   Code   RO         9109    i.INS_Task          ins_task.o
    0x08007e24   0x08007e24   0x000000a8   Code   RO         9617    i.Int32_Draw        nautilus_ui.o
    0x08007ecc   0x08007ecc   0x00000040   Code   RO         7842    i.KalmanCreate      kalman.o
    0x08007f0c   0x08007f0c   0x00000086   Code   RO         7843    i.KalmanFilter      kalman.o
    0x08007f92   0x08007f92   0x00000002   PAD
    0x08007f94   0x08007f94   0x0000070c   Code   RO         6899    i.Kalman_Filter_Init  kalman_filter.o
    0x080086a0   0x080086a0   0x00000050   Code   RO         6900    i.Kalman_Filter_Measure  kalman_filter.o
    0x080086f0   0x080086f0   0x00000068   Code   RO         6901    i.Kalman_Filter_P_Update  kalman_filter.o
    0x08008758   0x08008758   0x00000068   Code   RO         6902    i.Kalman_Filter_PminusUpdate  kalman_filter.o
    0x080087c0   0x080087c0   0x000000d2   Code   RO         6903    i.Kalman_Filter_SetK  kalman_filter.o
    0x08008892   0x08008892   0x00000002   PAD
    0x08008894   0x08008894   0x00000128   Code   RO         6904    i.Kalman_Filter_Update  kalman_filter.o
    0x080089bc   0x080089bc   0x0000007c   Code   RO         6905    i.Kalman_Filter_xhatMinusUpdate  kalman_filter.o
    0x08008a38   0x08008a38   0x00000086   Code   RO         6906    i.Kalman_Filter_xhatUpdate  kalman_filter.o
    0x08008abe   0x08008abe   0x000000c4   Code   RO         9618    i.Line_Draw         nautilus_ui.o
    0x08008b82   0x08008b82   0x00000002   PAD
    0x08008b84   0x08008b84   0x00000048   Code   RO          434    i.MX_CAN1_Init      can.o
    0x08008bcc   0x08008bcc   0x00000048   Code   RO          435    i.MX_CAN2_Init      can.o
    0x08008c14   0x08008c14   0x000000b8   Code   RO          481    i.MX_DMA_Init       dma.o
    0x08008ccc   0x08008ccc   0x00000124   Code   RO          313    i.MX_FREERTOS_Init  freertos.o
    0x08008df0   0x08008df0   0x0000028c   Code   RO          288    i.MX_GPIO_Init      gpio.o
    0x0800907c   0x0800907c   0x00000034   Code   RO          507    i.MX_RTC_Init       rtc.o
    0x080090b0   0x080090b0   0x00000048   Code   RO          549    i.MX_SPI1_Init      spi.o
    0x080090f8   0x080090f8   0x0000006c   Code   RO          592    i.MX_TIM10_Init     tim.o
    0x08009164   0x08009164   0x00000038   Code   RO          639    i.MX_USART1_UART_Init  usart.o
    0x0800919c   0x0800919c   0x0000003c   Code   RO          640    i.MX_USART3_UART_Init  usart.o
    0x080091d8   0x080091d8   0x00000054   Code   RO          641    i.MX_USART6_UART_Init  usart.o
    0x0800922c   0x0800922c   0x00000004   Code   RO         1114    i.MemManage_Handler  stm32f4xx_it.o
    0x08009230   0x08009230   0x00000004   Code   RO         1115    i.NMI_Handler       stm32f4xx_it.o
    0x08009234   0x08009234   0x0000024c   Code   RO         6980    i.OLS_Derivative    user_lib.o
    0x08009480   0x08009480   0x00000058   Code   RO         6981    i.OLS_Init          user_lib.o
    0x080094d8   0x080094d8   0x00000010   Code   RO         1116    i.OTG_FS_IRQHandler  stm32f4xx_it.o
    0x080094e8   0x080094e8   0x00000064   Code   RO         2342    i.PCD_EP_OutSetupPacket_int  stm32f4xx_hal_pcd.o
    0x0800954c   0x0800954c   0x00000144   Code   RO         2343    i.PCD_EP_OutXfrComplete_int  stm32f4xx_hal_pcd.o
    0x08009690   0x08009690   0x000000b6   Code   RO         2344    i.PCD_WriteEmptyTxFifo  stm32f4xx_hal_pcd.o
    0x08009746   0x08009746   0x000002d0   Code   RO         7194    i.PID_Calculate     controller.o
    0x08009a16   0x08009a16   0x00000002   PAD
    0x08009a18   0x08009a18   0x000000bc   Code   RO         7195    i.PID_Init          controller.o
    0x08009ad4   0x08009ad4   0x000001c0   Code   RO         7898    i.PID_calc          pid.o
    0x08009c94   0x08009c94   0x00000044   Code   RO         7899    i.PID_init          pid.o
    0x08009cd8   0x08009cd8   0x00000080   Code   RO         8733    i.PowerState_up     chassis_power.o
    0x08009d58   0x08009d58   0x00000040   Code   RO         8626    i.REFEREE_Task      referee_usart_task.o
    0x08009d98   0x08009d98   0x0000004a   Code   RO         4361    i.RTC_EnterInitMode  stm32f4xx_hal_rtc.o
    0x08009de2   0x08009de2   0x0000002e   Code   RO         4362    i.RTC_ExitInitMode  stm32f4xx_hal_rtc.o
    0x08009e10   0x08009e10   0x000000c8   Code   RO         9619    i.Rectangle_Draw    nautilus_ui.o
    0x08009ed8   0x08009ed8   0x00000018   Code   RO         8539    i.Report_IF_ArmorBooster_work  referee.o
    0x08009ef0   0x08009ef0   0x00000018   Code   RO         8540    i.Report_IF_Chassis_work  referee.o
    0x08009f08   0x08009f08   0x00000018   Code   RO         8541    i.Report_IF_Gimbal_work  referee.o
    0x08009f20   0x08009f20   0x00000088   Code   RO         4788    i.SPI_EndRxTxTransaction  stm32f4xx_hal_spi.o
    0x08009fa8   0x08009fa8   0x000000d8   Code   RO         4793    i.SPI_WaitFlagStateUntilTimeout  stm32f4xx_hal_spi.o
    0x0800a080   0x0800a080   0x000000a8   Code   RO         8674    i.Send_SupPower     supercap.o
    0x0800a128   0x0800a128   0x00000012   Code   RO          315    i.StartINSTask      freertos.o
    0x0800a13a   0x0800a13a   0x0000000e   Code   RO         8896    i.StartVOFATask     vofa.o
    0x0800a148   0x0800a148   0x00000010   Code   RO         8675    i.SupPower_Mode_Change  supercap.o
    0x0800a158   0x0800a158   0x00000034   Code   RO         6819    i.SysTick_Handler   port.o
    0x0800a18c   0x0800a18c   0x000000b4   Code   RO           15    i.SystemClock_Config  main.o
    0x0800a240   0x0800a240   0x00000014   Code   RO         5435    i.SystemInit        system_stm32f4xx.o
    0x0800a254   0x0800a254   0x00000010   Code   RO         1117    i.TIM2_IRQHandler   stm32f4xx_it.o
    0x0800a264   0x0800a264   0x000000e0   Code   RO         1418    i.TIM_Base_SetConfig  stm32f4xx_hal_tim.o
    0x0800a344   0x0800a344   0x00000022   Code   RO         1419    i.TIM_CCxChannelCmd  stm32f4xx_hal_tim.o
    0x0800a366   0x0800a366   0x00000002   PAD
    0x0800a368   0x0800a368   0x00000070   Code   RO         1431    i.TIM_OC1_SetConfig  stm32f4xx_hal_tim.o
    0x0800a3d8   0x0800a3d8   0x0000007c   Code   RO         1432    i.TIM_OC2_SetConfig  stm32f4xx_hal_tim.o
    0x0800a454   0x0800a454   0x00000078   Code   RO         1433    i.TIM_OC3_SetConfig  stm32f4xx_hal_tim.o
    0x0800a4cc   0x0800a4cc   0x00000054   Code   RO         1434    i.TIM_OC4_SetConfig  stm32f4xx_hal_tim.o
    0x0800a520   0x0800a520   0x0000003a   Code   RO         7661    i.TIM_Set_PWM       bsp_pwm.o
    0x0800a55a   0x0800a55a   0x00000002   PAD
    0x0800a55c   0x0800a55c   0x00000040   Code   RO         7944    i.Transmit_Data_Task  bsp_transmit.o
    0x0800a59c   0x0800a59c   0x00000012   Code   RO         5104    i.UART_DMAAbortOnError  stm32f4xx_hal_uart.o
    0x0800a5ae   0x0800a5ae   0x00000050   Code   RO         5105    i.UART_DMAError     stm32f4xx_hal_uart.o
    0x0800a5fe   0x0800a5fe   0x000000b4   Code   RO         5106    i.UART_DMAReceiveCplt  stm32f4xx_hal_uart.o
    0x0800a6b2   0x0800a6b2   0x00000024   Code   RO         5108    i.UART_DMARxHalfCplt  stm32f4xx_hal_uart.o
    0x0800a6d6   0x0800a6d6   0x00000058   Code   RO         5110    i.UART_DMATransmitCplt  stm32f4xx_hal_uart.o
    0x0800a72e   0x0800a72e   0x0000000e   Code   RO         5112    i.UART_DMATxHalfCplt  stm32f4xx_hal_uart.o
    0x0800a73c   0x0800a73c   0x0000006c   Code   RO         5114    i.UART_EndRxTransfer  stm32f4xx_hal_uart.o
    0x0800a7a8   0x0800a7a8   0x00000020   Code   RO         5115    i.UART_EndTransmit_IT  stm32f4xx_hal_uart.o
    0x0800a7c8   0x0800a7c8   0x00000026   Code   RO         5116    i.UART_EndTxTransfer  stm32f4xx_hal_uart.o
    0x0800a7ee   0x0800a7ee   0x000000fc   Code   RO         5117    i.UART_Receive_IT   stm32f4xx_hal_uart.o
    0x0800a8ea   0x0800a8ea   0x00000002   PAD
    0x0800a8ec   0x0800a8ec   0x0000022c   Code   RO         5118    i.UART_SetConfig    stm32f4xx_hal_uart.o
    0x0800ab18   0x0800ab18   0x000000d8   Code   RO         5119    i.UART_Start_Receive_DMA  stm32f4xx_hal_uart.o
    0x0800abf0   0x0800abf0   0x00000060   Code   RO         5121    i.UART_Transmit_IT  stm32f4xx_hal_uart.o
    0x0800ac50   0x0800ac50   0x00000104   Code   RO         9720    i.UI_Cap_add        steering_ui.o
    0x0800ad54   0x0800ad54   0x000000f4   Code   RO         9721    i.UI_Cap_update     steering_ui.o
    0x0800ae48   0x0800ae48   0x00000024   Code   RO         9722    i.UI_ID_Set         steering_ui.o
    0x0800ae6c   0x0800ae6c   0x00000044   Code   RO         9723    i.UI_Pitch_add      steering_ui.o
    0x0800aeb0   0x0800aeb0   0x00000128   Code   RO         9724    i.UI_Pitch_update   steering_ui.o
    0x0800afd8   0x0800afd8   0x000000bc   Code   RO         9621    i.UI_SendChars      nautilus_ui.o
    0x0800b094   0x0800b094   0x0000029c   Code   RO         9622    i.UI_SendGraph      nautilus_ui.o
    0x0800b330   0x0800b330   0x00000594   Code   RO         9725    i.UI_Task           steering_ui.o
    0x0800b8c4   0x0800b8c4   0x000000c0   Code   RO         9726    i.UI_bullet_add     steering_ui.o
    0x0800b984   0x0800b984   0x00000138   Code   RO         9728    i.UI_chassis_add    steering_ui.o
    0x0800babc   0x0800babc   0x00000074   Code   RO         9729    i.UI_chassis_crash_add  steering_ui.o
    0x0800bb30   0x0800bb30   0x0000059c   Code   RO         9730    i.UI_chassis_update  steering_ui.o
    0x0800c0cc   0x0800c0cc   0x00000038   Code   RO         9731    i.UI_energy_add     steering_ui.o
    0x0800c104   0x0800c104   0x00000100   Code   RO         9733    i.UI_shoot_add      steering_ui.o
    0x0800c204   0x0800c204   0x00000150   Code   RO         9734    i.UI_shoot_update   steering_ui.o
    0x0800c354   0x0800c354   0x00000124   Code   RO         9735    i.UI_state_add      steering_ui.o
    0x0800c478   0x0800c478   0x00000288   Code   RO         9736    i.UI_state_update   steering_ui.o
    0x0800c700   0x0800c700   0x000000d4   Code   RO         9737    i.UI_supercap_add   steering_ui.o
    0x0800c7d4   0x0800c7d4   0x0000018c   Code   RO         9739    i.UI_target_add     steering_ui.o
    0x0800c960   0x0800c960   0x00000188   Code   RO         9741    i.UI_trajectory_add  steering_ui.o
    0x0800cae8   0x0800cae8   0x00000434   Code   RO         9742    i.UI_trajectory_update  steering_ui.o
    0x0800cf1c   0x0800cf1c   0x0000016c   Code   RO         9743    i.UI_vision_add     steering_ui.o
    0x0800d088   0x0800d088   0x0000038c   Code   RO         9744    i.UI_vision_update  steering_ui.o
    0x0800d414   0x0800d414   0x00000124   Code   RO         8627    i.USART1_IRQHandler  referee_usart_task.o
    0x0800d538   0x0800d538   0x000000a8   Code   RO         1118    i.USART6_IRQHandler  stm32f4xx_it.o
    0x0800d5e0   0x0800d5e0   0x00000150   Code   RO         7945    i.USART_Data_Handle  bsp_transmit.o
    0x0800d730   0x0800d730   0x0000006c   Code   RO         7946    i.USART_Data_Send   bsp_transmit.o
    0x0800d79c   0x0800d79c   0x00000054   Code   RO         7947    i.USART_Data_init   bsp_transmit.o
    0x0800d7f0   0x0800d7f0   0x00000014   Code   RO         9921    i.USBD_ClrClassConfig  usbd_core.o
    0x0800d804   0x0800d804   0x00000026   Code   RO        10083    i.USBD_ClrFeature   usbd_ctlreq.o
    0x0800d82a   0x0800d82a   0x00000004   Code   RO         9922    i.USBD_CoreFindEP   usbd_core.o
    0x0800d82e   0x0800d82e   0x00000004   Code   RO         9923    i.USBD_CoreFindIF   usbd_core.o
    0x0800d832   0x0800d832   0x00000010   Code   RO        10181    i.USBD_CtlContinueRx  usbd_ioreq.o
    0x0800d842   0x0800d842   0x00000010   Code   RO        10182    i.USBD_CtlContinueSendData  usbd_ioreq.o
    0x0800d852   0x0800d852   0x00000018   Code   RO        10084    i.USBD_CtlError     usbd_ctlreq.o
    0x0800d86a   0x0800d86a   0x00000016   Code   RO        10184    i.USBD_CtlReceiveStatus  usbd_ioreq.o
    0x0800d880   0x0800d880   0x0000001c   Code   RO        10185    i.USBD_CtlSendData  usbd_ioreq.o
    0x0800d89c   0x0800d89c   0x00000016   Code   RO        10186    i.USBD_CtlSendStatus  usbd_ioreq.o
    0x0800d8b2   0x0800d8b2   0x00000034   Code   RO        10085    i.USBD_GetConfig    usbd_ctlreq.o
    0x0800d8e6   0x0800d8e6   0x000001b4   Code   RO        10086    i.USBD_GetDescriptor  usbd_ctlreq.o
    0x0800da9a   0x0800da9a   0x00000036   Code   RO        10088    i.USBD_GetStatus    usbd_ctlreq.o
    0x0800dad0   0x0800dad0   0x0000002c   Code   RO          756    i.USBD_Get_USB_Status  usbd_conf.o
    0x0800dafc   0x0800dafc   0x00000026   Code   RO          757    i.USBD_LL_ClearStallEP  usbd_conf.o
    0x0800db22   0x0800db22   0x000000e2   Code   RO         9928    i.USBD_LL_DataInStage  usbd_core.o
    0x0800dc04   0x0800dc04   0x000000d0   Code   RO         9929    i.USBD_LL_DataOutStage  usbd_core.o
    0x0800dcd4   0x0800dcd4   0x00000004   Code   RO         9930    i.USBD_LL_DevConnected  usbd_core.o
    0x0800dcd8   0x0800dcd8   0x00000020   Code   RO         9931    i.USBD_LL_DevDisconnected  usbd_core.o
    0x0800dcf8   0x0800dcf8   0x00000038   Code   RO          764    i.USBD_LL_IsStallEP  usbd_conf.o
    0x0800dd30   0x0800dd30   0x0000002a   Code   RO         9932    i.USBD_LL_IsoINIncomplete  usbd_core.o
    0x0800dd5a   0x0800dd5a   0x0000002a   Code   RO         9933    i.USBD_LL_IsoOUTIncomplete  usbd_core.o
    0x0800dd84   0x0800dd84   0x00000030   Code   RO          765    i.USBD_LL_OpenEP    usbd_conf.o
    0x0800ddb4   0x0800ddb4   0x00000030   Code   RO          766    i.USBD_LL_PrepareReceive  usbd_conf.o
    0x0800dde4   0x0800dde4   0x00000062   Code   RO         9934    i.USBD_LL_Reset     usbd_core.o
    0x0800de46   0x0800de46   0x00000014   Code   RO         9935    i.USBD_LL_Resume    usbd_core.o
    0x0800de5a   0x0800de5a   0x0000001a   Code   RO         9936    i.USBD_LL_SOF       usbd_core.o
    0x0800de74   0x0800de74   0x00000006   Code   RO         9937    i.USBD_LL_SetSpeed  usbd_core.o
    0x0800de7a   0x0800de7a   0x00000026   Code   RO          767    i.USBD_LL_SetUSBAddress  usbd_conf.o
    0x0800dea0   0x0800dea0   0x00000064   Code   RO         9938    i.USBD_LL_SetupStage  usbd_core.o
    0x0800df04   0x0800df04   0x00000026   Code   RO          768    i.USBD_LL_StallEP   usbd_conf.o
    0x0800df2a   0x0800df2a   0x0000001a   Code   RO         9939    i.USBD_LL_Suspend   usbd_core.o
    0x0800df44   0x0800df44   0x00000030   Code   RO          771    i.USBD_LL_Transmit  usbd_conf.o
    0x0800df74   0x0800df74   0x00000032   Code   RO        10090    i.USBD_ParseSetupRequest  usbd_ctlreq.o
    0x0800dfa6   0x0800dfa6   0x00000004   Code   RO         9941    i.USBD_RunTestMode  usbd_core.o
    0x0800dfaa   0x0800dfaa   0x00000058   Code   RO        10091    i.USBD_SetAddress   usbd_ctlreq.o
    0x0800e002   0x0800e002   0x00000014   Code   RO         9942    i.USBD_SetClassConfig  usbd_core.o
    0x0800e016   0x0800e016   0x00000002   PAD
    0x0800e018   0x0800e018   0x000000dc   Code   RO        10092    i.USBD_SetConfig    usbd_ctlreq.o
    0x0800e0f4   0x0800e0f4   0x00000024   Code   RO        10093    i.USBD_SetFeature   usbd_ctlreq.o
    0x0800e118   0x0800e118   0x00000076   Code   RO        10094    i.USBD_StdDevReq    usbd_ctlreq.o
    0x0800e18e   0x0800e18e   0x00000234   Code   RO        10095    i.USBD_StdEPReq     usbd_ctlreq.o
    0x0800e3c2   0x0800e3c2   0x0000008e   Code   RO        10096    i.USBD_StdItfReq    usbd_ctlreq.o
    0x0800e450   0x0800e450   0x000000d0   Code   RO         2593    i.USB_ActivateEndpoint  stm32f4xx_ll_usb.o
    0x0800e520   0x0800e520   0x00000028   Code   RO         2595    i.USB_ActivateSetup  stm32f4xx_ll_usb.o
    0x0800e548   0x0800e548   0x00000070   Code   RO         2608    i.USB_EP0_OutStart  stm32f4xx_ll_usb.o
    0x0800e5b8   0x0800e5b8   0x0000008e   Code   RO         2609    i.USB_EPClearStall  stm32f4xx_ll_usb.o
    0x0800e646   0x0800e646   0x0000009a   Code   RO         2610    i.USB_EPSetStall    stm32f4xx_ll_usb.o
    0x0800e6e0   0x0800e6e0   0x000003c0   Code   RO         2611    i.USB_EPStartXfer   stm32f4xx_ll_usb.o
    0x0800eaa0   0x0800eaa0   0x000000ec   Code   RO         2612    i.USB_EPStopXfer    stm32f4xx_ll_usb.o
    0x0800eb8c   0x0800eb8c   0x00000054   Code   RO         2615    i.USB_FlushTxFifo   stm32f4xx_ll_usb.o
    0x0800ebe0   0x0800ebe0   0x00000026   Code   RO         2617    i.USB_GetDevSpeed   stm32f4xx_ll_usb.o
    0x0800ec06   0x0800ec06   0x0000000a   Code   RO         2619    i.USB_GetMode       stm32f4xx_ll_usb.o
    0x0800ec10   0x0800ec10   0x00000014   Code   RO         2627    i.USB_ReadDevAllInEpInterrupt  stm32f4xx_ll_usb.o
    0x0800ec24   0x0800ec24   0x00000014   Code   RO         2628    i.USB_ReadDevAllOutEpInterrupt  stm32f4xx_ll_usb.o
    0x0800ec38   0x0800ec38   0x00000032   Code   RO         2629    i.USB_ReadDevInEPInterrupt  stm32f4xx_ll_usb.o
    0x0800ec6a   0x0800ec6a   0x0000001a   Code   RO         2630    i.USB_ReadDevOutEPInterrupt  stm32f4xx_ll_usb.o
    0x0800ec84   0x0800ec84   0x0000000a   Code   RO         2631    i.USB_ReadInterrupts  stm32f4xx_ll_usb.o
    0x0800ec8e   0x0800ec8e   0x00000060   Code   RO         2632    i.USB_ReadPacket    stm32f4xx_ll_usb.o
    0x0800ecee   0x0800ecee   0x0000002a   Code   RO         2635    i.USB_SetDevAddress  stm32f4xx_ll_usb.o
    0x0800ed18   0x0800ed18   0x000000e8   Code   RO         2637    i.USB_SetTurnaroundTime  stm32f4xx_ll_usb.o
    0x0800ee00   0x0800ee00   0x00000044   Code   RO         2640    i.USB_WritePacket   stm32f4xx_ll_usb.o
    0x0800ee44   0x0800ee44   0x00000004   Code   RO         1119    i.UsageFault_Handler  stm32f4xx_it.o
    0x0800ee48   0x0800ee48   0x00000030   Code   RO        11060    i.__ARM_fpclassify  m_wm.l(fpclassify.o)
    0x0800ee78   0x0800ee78   0x00000026   Code   RO        11062    i.__ARM_fpclassifyf  m_wm.l(fpclassifyf.o)
    0x0800ee9e   0x0800ee9e   0x00000002   PAD
    0x0800eea0   0x0800eea0   0x00000010   Code   RO         3708    i.__NVIC_GetPriorityGrouping  stm32f4xx_hal_cortex.o
    0x0800eeb0   0x0800eeb0   0x00000028   Code   RO         3709    i.__NVIC_SetPriority  stm32f4xx_hal_cortex.o
    0x0800eed8   0x0800eed8   0x00000006   Code   RO         8324    i.__get_PRIMASK     fifo.o
    0x0800eede   0x0800eede   0x00000002   PAD
    0x0800eee0   0x0800eee0   0x00000118   Code   RO        10796    i.__hardfp_acosf    m_wm.l(acosf.o)
    0x0800eff8   0x0800eff8   0x0000012c   Code   RO        10808    i.__hardfp_asinf    m_wm.l(asinf.o)
    0x0800f124   0x0800f124   0x000002ac   Code   RO        10820    i.__hardfp_atan2f   m_wm.l(atan2f.o)
    0x0800f3d0   0x0800f3d0   0x000000c8   Code   RO        10832    i.__hardfp_cos      m_wm.l(cos.o)
    0x0800f498   0x0800f498   0x00000150   Code   RO        10844    i.__hardfp_cosf     m_wm.l(cosf.o)
    0x0800f5e8   0x0800f5e8   0x00000014   Code   RO        10856    i.__hardfp_fabs     m_wm.l(fabs.o)
    0x0800f5fc   0x0800f5fc   0x00000004   PAD
    0x0800f600   0x0800f600   0x000000c8   Code   RO        10890    i.__hardfp_sin      m_wm.l(sin.o)
    0x0800f6c8   0x0800f6c8   0x0000007a   Code   RO        10902    i.__hardfp_sqrt     m_wm.l(sqrt_full.o)
    0x0800f742   0x0800f742   0x0000003a   Code   RO        10908    i.__hardfp_sqrtf    m_wm.l(sqrtf_full.o)
    0x0800f77c   0x0800f77c   0x00000004   PAD
    0x0800f780   0x0800f780   0x00000438   Code   RO        11081    i.__ieee754_rem_pio2  m_wm.l(rred.o)
    0x0800fbb8   0x0800fbb8   0x00000170   Code   RO        11043    i.__kernel_cos      m_wm.l(cos_i.o)
    0x0800fd28   0x0800fd28   0x000000f8   Code   RO        11078    i.__kernel_poly     m_wm.l(poly.o)
    0x0800fe20   0x0800fe20   0x00000130   Code   RO        11089    i.__kernel_sin      m_wm.l(sin_i.o)
    0x0800ff50   0x0800ff50   0x00000014   Code   RO        11047    i.__mathlib_dbl_infnan  m_wm.l(dunder.o)
    0x0800ff64   0x0800ff64   0x00000004   PAD
    0x0800ff68   0x0800ff68   0x00000020   Code   RO        11049    i.__mathlib_dbl_invalid  m_wm.l(dunder.o)
    0x0800ff88   0x0800ff88   0x00000020   Code   RO        11052    i.__mathlib_dbl_underflow  m_wm.l(dunder.o)
    0x0800ffa8   0x0800ffa8   0x00000006   Code   RO        11065    i.__mathlib_flt_infnan  m_wm.l(funder.o)
    0x0800ffae   0x0800ffae   0x00000006   Code   RO        11066    i.__mathlib_flt_infnan2  m_wm.l(funder.o)
    0x0800ffb4   0x0800ffb4   0x00000010   Code   RO        11067    i.__mathlib_flt_invalid  m_wm.l(funder.o)
    0x0800ffc4   0x0800ffc4   0x00000010   Code   RO        11070    i.__mathlib_flt_underflow  m_wm.l(funder.o)
    0x0800ffd4   0x0800ffd4   0x00000154   Code   RO        11086    i.__mathlib_rredf2  m_wm.l(rredf.o)
    0x08010128   0x08010128   0x00000006   Code   RO         8325    i.__set_PRIMASK     fifo.o
    0x0801012e   0x0801012e   0x00000002   PAD
    0x08010130   0x08010130   0x00000030   Code   RO         8263    i.append_CRC16_check_sum  crc8_crc16.o
    0x08010160   0x08010160   0x00000024   Code   RO         8264    i.append_CRC8_check_sum  crc8_crc16.o
    0x08010184   0x08010184   0x00000050   Code   RO         9306    i.big_yaw_vision_control_judge  big_gimbal_task.o
    0x080101d4   0x080101d4   0x0000016c   Code   RO         7330    i.bmi088_accel_init  bmi088driver.o
    0x08010340   0x08010340   0x00000130   Code   RO         7331    i.bmi088_gyro_init  bmi088driver.o
    0x08010470   0x08010470   0x000002c0   Code   RO         8734    i.cal_powerSet      chassis_power.o
    0x08010730   0x08010730   0x00000040   Code   RO         7499    i.can1_user_init    bsp_can.o
    0x08010770   0x08010770   0x00000044   Code   RO         7500    i.can2_user_init    bsp_can.o
    0x080107b4   0x080107b4   0x00000058   Code   RO         9212    i.chassis_ctrl_current  send_current_task.o
    0x0801080c   0x0801080c   0x000000cc   Code   RO         8973    i.chassis_current_calc  chassis_task.o
    0x080108d8   0x080108d8   0x00000030   Code   RO         8974    i.chassis_if_blackout  chassis_task.o
    0x08010908   0x08010908   0x00000138   Code   RO         8975    i.chassis_init      chassis_task.o
    0x08010a40   0x08010a40   0x00000020   Code   RO         8735    i.chassis_power_control_xj  chassis_power.o
    0x08010a60   0x08010a60   0x0000032c   Code   RO         8976    i.chassis_speed_calc  chassis_task.o
    0x08010d8c   0x08010d8c   0x00000070   Code   RO         8977    i.chassis_task      chassis_task.o
    0x08010dfc   0x08010dfc   0x00000118   Code   RO         7502    i.ctrl_motor        bsp_can.o
    0x08010f14   0x08010f14   0x000000c0   Code   RO         7690    i.damiao_4310_data_handle  can_receive.o
    0x08010fd4   0x08010fd4   0x00000050   Code   RO         7504    i.damiao_exit       bsp_can.o
    0x08011024   0x08011024   0x00000050   Code   RO         7505    i.damiao_init       bsp_can.o
    0x08011074   0x08011074   0x00000054   Code   RO         9213    i.enable_disable_DM4310  send_current_task.o
    0x080110c8   0x080110c8   0x00000082   Code   RO         7691    i.encoder_data_handle  can_receive.o
    0x0801114a   0x0801114a   0x00000002   PAD
    0x0801114c   0x0801114c   0x000000f0   Code   RO         7198    i.f_Changing_Integration_Rate  controller.o
    0x0801123c   0x0801123c   0x00000056   Code   RO         7199    i.f_Derivative_Filter  controller.o
    0x08011292   0x08011292   0x000000f4   Code   RO         7200    i.f_Derivative_On_Measurement  controller.o
    0x08011386   0x08011386   0x00000002   PAD
    0x08011388   0x08011388   0x000000f0   Code   RO         7201    i.f_Integral_Limit  controller.o
    0x08011478   0x08011478   0x00000056   Code   RO         7202    i.f_Output_Filter   controller.o
    0x080114ce   0x080114ce   0x00000046   Code   RO         7203    i.f_Output_Limit    controller.o
    0x08011514   0x08011514   0x000000b4   Code   RO         7204    i.f_PID_ErrorHandle  controller.o
    0x080115c8   0x080115c8   0x00000046   Code   RO         7205    i.f_Proportion_Limit  controller.o
    0x0801160e   0x0801160e   0x00000080   Code   RO         7206    i.f_Trapezoid_Intergral  controller.o
    0x0801168e   0x0801168e   0x00000018   Code   RO        10858    i.fabs              m_wm.l(fabs.o)
    0x080116a6   0x080116a6   0x0000003a   Code   RO         8343    i.fifo_s_get        fifo.o
    0x080116e0   0x080116e0   0x00000016   Code   RO         8346    i.fifo_s_init       fifo.o
    0x080116f6   0x080116f6   0x000000a0   Code   RO         8352    i.fifo_s_puts       fifo.o
    0x08011796   0x08011796   0x00000006   Code   RO         8354    i.fifo_s_used       fifo.o
    0x0801179c   0x0801179c   0x00000024   Code   RO         7867    i.first_order_filter_init  lowpass.o
    0x080117c0   0x080117c0   0x0000002a   Code   RO         6986    i.float_constrain   user_lib.o
    0x080117ea   0x080117ea   0x00000002   PAD
    0x080117ec   0x080117ec   0x00000048   Code   RO         6988    i.float_rounding    user_lib.o
    0x08011834   0x08011834   0x00000032   Code   RO         7692    i.float_to_uint     can_receive.o
    0x08011866   0x08011866   0x00000002   PAD
    0x08011868   0x08011868   0x00000034   Code   RO         8265    i.get_CRC16_check_sum  crc8_crc16.o
    0x0801189c   0x0801189c   0x00000024   Code   RO         8266    i.get_CRC8_check_sum  crc8_crc16.o
    0x080118c0   0x080118c0   0x00000012   Code   RO         7693    i.get_moto_offset   can_receive.o
    0x080118d2   0x080118d2   0x00000002   PAD
    0x080118d4   0x080118d4   0x000001f8   Code   RO         9307    i.gimbal_init       big_gimbal_task.o
    0x08011acc   0x08011acc   0x00000018   Code   RO         9308    i.gimbal_mode_idle  big_gimbal_task.o
    0x08011ae4   0x08011ae4   0x0000038c   Code   RO         9309    i.gimbal_pid_calc   big_gimbal_task.o
    0x08011e70   0x08011e70   0x000000a8   Code   RO         9310    i.gimbal_task       big_gimbal_task.o
    0x08011f18   0x08011f18   0x00000198   Code   RO         8978    i.infantry_chassis_assignment  chassis_task.o
    0x080120b0   0x080120b0   0x00000218   Code   RO         8979    i.infantry_chassis_ecdz  chassis_task.o
    0x080122c8   0x080122c8   0x00000040   Code   RO         9311    i.infantry_gimbal_mode_key_ctrl  big_gimbal_task.o
    0x08012308   0x08012308   0x00000044   Code   RO         9312    i.infantry_gimbal_mode_key_fold  big_gimbal_task.o
    0x0801234c   0x0801234c   0x000000cc   Code   RO         9313    i.infantry_gimbal_mode_key_normal  big_gimbal_task.o
    0x08012418   0x08012418   0x0000010c   Code   RO         9314    i.infantry_gimbal_mode_key_vision  big_gimbal_task.o
    0x08012524   0x08012524   0x0000003c   Code   RO         9315    i.infantry_gimbal_mode_rc_ctrl  big_gimbal_task.o
    0x08012560   0x08012560   0x00000044   Code   RO         9316    i.infantry_gimbal_mode_rc_fold  big_gimbal_task.o
    0x080125a4   0x080125a4   0x000000d0   Code   RO         9317    i.infantry_gimbal_mode_rc_normal  big_gimbal_task.o
    0x08012674   0x08012674   0x000000d4   Code   RO         9318    i.infantry_gimbal_mode_rc_vision  big_gimbal_task.o
    0x08012748   0x08012748   0x000003bc   Code   RO         9532    i.infantry_trigger_state_ctrl  trigger_task.o
    0x08012b04   0x08012b04   0x00000144   Code   RO         8545    i.init_referee_struct_data  referee.o
    0x08012c48   0x08012c48   0x0000003c   Code   RO         7126    i.invSqrt           quaternionekf.o
    0x08012c84   0x08012c84   0x0000008a   Code   RO         8980    i.limit_add_speed   chassis_task.o
    0x08012d0e   0x08012d0e   0x00000002   PAD
    0x08012d10   0x08012d10   0x00000078   Code   RO           16    i.main              main.o
    0x08012d88   0x08012d88   0x0000000e   Code   RO         6384    i.makeFreeRtosPriority  cmsis_os.o
    0x08012d96   0x08012d96   0x00000002   PAD
    0x08012d98   0x08012d98   0x0000004c   Code   RO         8981    i.motor_current_up  chassis_task.o
    0x08012de4   0x08012de4   0x00000040   Code   RO         9533    i.next_heat_change  trigger_task.o
    0x08012e24   0x08012e24   0x00000018   Code   RO         6386    i.osDelay           cmsis_os.o
    0x08012e3c   0x08012e3c   0x0000000a   Code   RO         6389    i.osKernelStart     cmsis_os.o
    0x08012e46   0x08012e46   0x0000005e   Code   RO         6423    i.osThreadCreate    cmsis_os.o
    0x08012ea4   0x08012ea4   0x000004dc   Code   RO         8736    i.powerlimit_control_xj  chassis_power.o
    0x08013380   0x08013380   0x00000098   Code   RO         5995    i.prvAddCurrentTaskToDelayedList  tasks.o
    0x08013418   0x08013418   0x000000b8   Code   RO         5996    i.prvAddNewTaskToReadyList  tasks.o
    0x080134d0   0x080134d0   0x00000048   Code   RO         5997    i.prvCheckTasksWaitingTermination  tasks.o
    0x08013518   0x08013518   0x00000050   Code   RO         5998    i.prvDeleteTCB      tasks.o
    0x08013568   0x08013568   0x0000007c   Code   RO         6751    i.prvHeapInit       heap_4.o
    0x080135e4   0x080135e4   0x00000028   Code   RO         5999    i.prvIdleTask       tasks.o
    0x0801360c   0x0801360c   0x000000be   Code   RO         6000    i.prvInitialiseNewTask  tasks.o
    0x080136ca   0x080136ca   0x00000002   PAD
    0x080136cc   0x080136cc   0x00000068   Code   RO         6001    i.prvInitialiseTaskLists  tasks.o
    0x08013734   0x08013734   0x00000068   Code   RO         6752    i.prvInsertBlockIntoFreeList  heap_4.o
    0x0801379c   0x0801379c   0x00000034   Code   RO         6003    i.prvResetNextTaskUnblockTime  tasks.o
    0x080137d0   0x080137d0   0x00000040   Code   RO         6820    i.prvTaskExitError  port.o
    0x08013810   0x08013810   0x0000014c   Code   RO         6753    i.pvPortMalloc      heap_4.o
    0x0801395c   0x0801395c   0x0000002c   Code   RO         6821    i.pxPortInitialiseStack  port.o
    0x08013988   0x08013988   0x000002ac   Code   RO         8546    i.referee_data_solve  referee.o
    0x08013c34   0x08013c34   0x0000014c   Code   RO         8628    i.referee_unpack_fifo_data  referee_usart_task.o
    0x08013d80   0x08013d80   0x00000038   Code   RO         9214    i.send_current_task  send_current_task.o
    0x08013db8   0x08013db8   0x0000013c   Code   RO         8982    i.sentry_chassis_assignment  chassis_task.o
    0x08013ef4   0x08013ef4   0x000003cc   Code   RO         8983    i.sentry_chassis_ecdz  chassis_task.o
    0x080142c0   0x080142c0   0x00000030   Code   RO         9319    i.sentry_gimbal_mode_cruise  big_gimbal_task.o
    0x080142f0   0x080142f0   0x00000002   Code   RO         9320    i.sentry_gimbal_mode_fold  big_gimbal_task.o
    0x080142f2   0x080142f2   0x00000002   PAD
    0x080142f4   0x080142f4   0x00000020   Code   RO         9321    i.sentry_gimbal_mode_rc_ctrl  big_gimbal_task.o
    0x08014314   0x08014314   0x000000f4   Code   RO         9322    i.sentry_gimbal_mode_vision  big_gimbal_task.o
    0x08014408   0x08014408   0x00000184   Code   RO         9534    i.sentry_trigger_state_ctrl  trigger_task.o
    0x0801458c   0x0801458c   0x0000006c   Code   RO         7507    i.set_motor_current  bsp_can.o
    0x080145f8   0x080145f8   0x00000050   Code   RO         9323    i.shortestAngleDiff  big_gimbal_task.o
    0x08014648   0x08014648   0x00000054   Code   RO         8984    i.speed_limit       chassis_task.o
    0x0801469c   0x0801469c   0x00000180   Code   RO         8985    i.speed_limit_key   chassis_task.o
    0x0801481c   0x0801481c   0x00000154   Code   RO         8986    i.speed_limit_top   chassis_task.o
    0x08014970   0x08014970   0x0000003e   Code   RO        10910    i.sqrtf             m_wm.l(sqrtf_full.o)
    0x080149ae   0x080149ae   0x00000002   PAD
    0x080149b0   0x080149b0   0x0000003c   Code   RO         9535    i.tirgger_task      trigger_task.o
    0x080149ec   0x080149ec   0x00000054   Code   RO         9216    i.trigger_ctrl_current  send_current_task.o
    0x08014a40   0x08014a40   0x0000004c   Code   RO         9536    i.trigger_heat      trigger_task.o
    0x08014a8c   0x08014a8c   0x00000088   Code   RO         9537    i.trigger_init      trigger_task.o
    0x08014b14   0x08014b14   0x000002f0   Code   RO         9538    i.trigger_mode_choose  trigger_task.o
    0x08014e04   0x08014e04   0x00000100   Code   RO         9539    i.trigger_pid_calc  trigger_task.o
    0x08014f04   0x08014f04   0x000001a0   Code   RO         9540    i.trigger_retreat   trigger_task.o
    0x080150a4   0x080150a4   0x000000a4   Code   RO         9325    i.turn_round        big_gimbal_task.o
    0x08015148   0x08015148   0x00000034   Code   RO         7694    i.uint_to_float     can_receive.o
    0x0801517c   0x0801517c   0x00000138   Code   RO         8144    i.usart1_init       bsp_usart.o
    0x080152b4   0x080152b4   0x00000028   Code   RO         5584    i.uxListRemove      list.o
    0x080152dc   0x080152dc   0x00000018   Code   RO          323    i.vApplicationGetIdleTaskMemory  freertos.o
    0x080152f4   0x080152f4   0x0000001a   Code   RO         5585    i.vListInitialise   list.o
    0x0801530e   0x0801530e   0x00000006   Code   RO         5586    i.vListInitialiseItem  list.o
    0x08015314   0x08015314   0x00000034   Code   RO         5587    i.vListInsert       list.o
    0x08015348   0x08015348   0x00000018   Code   RO         5588    i.vListInsertEnd    list.o
    0x08015360   0x08015360   0x00000054   Code   RO         6823    i.vPortEnterCritical  port.o
    0x080153b4   0x080153b4   0x0000003c   Code   RO         6824    i.vPortExitCritical  port.o
    0x080153f0   0x080153f0   0x000000a4   Code   RO         6754    i.vPortFree         heap_4.o
    0x08015494   0x08015494   0x00000028   Code   RO         6825    i.vPortSetupTimerInterrupt  port.o
    0x080154bc   0x080154bc   0x0000005c   Code   RO         6017    i.vTaskDelay        tasks.o
    0x08015518   0x08015518   0x000000b0   Code   RO         6033    i.vTaskStartScheduler  tasks.o
    0x080155c8   0x080155c8   0x00000010   Code   RO         6035    i.vTaskSuspendAll   tasks.o
    0x080155d8   0x080155d8   0x0000008c   Code   RO         6036    i.vTaskSwitchContext  tasks.o
    0x08015664   0x08015664   0x00000040   Code   RO         8267    i.verify_CRC16_check_sum  crc8_crc16.o
    0x080156a4   0x080156a4   0x0000002e   Code   RO         8268    i.verify_CRC8_check_sum  crc8_crc16.o
    0x080156d2   0x080156d2   0x00000002   PAD
    0x080156d4   0x080156d4   0x00000168   Code   RO         6827    i.xPortStartScheduler  port.o
    0x0801583c   0x0801583c   0x00000064   Code   RO         6039    i.xTaskCreate       tasks.o
    0x080158a0   0x080158a0   0x000000ba   Code   RO         6040    i.xTaskCreateStatic  tasks.o
    0x0801595a   0x0801595a   0x00000002   PAD
    0x0801595c   0x0801595c   0x00000148   Code   RO         6047    i.xTaskIncrementTick  tasks.o
    0x08015aa4   0x08015aa4   0x00000104   Code   RO         6053    i.xTaskResumeAll    tasks.o
    0x08015ba8   0x08015ba8   0x00000060   Code   RO         9217    i.yaw_ctrl_current  send_current_task.o
    0x08015c08   0x08015c08   0x00000044   Code   RO         9326    i.zero_180          big_gimbal_task.o
    0x08015c4c   0x08015c4c   0x00000018   Code   RO        10768    x$fpl$basic         g_wm.l(basic.o)
    0x08015c64   0x08015c64   0x000002c4   Code   RO        10770    x$fpl$d2f           g_wm.l(d2f_clz.o)
    0x08015f28   0x08015f28   0x0000024c   Code   RO        10772    x$fpl$dadd          g_wm.l(daddsub_clz.o)
    0x08016174   0x08016174   0x00000018   Code   RO        11016    x$fpl$dcmpinf       g_wm.l(dcmpi.o)
    0x0801618c   0x0801618c   0x0000037c   Code   RO        10779    x$fpl$ddiv          g_wm.l(ddiv_clz.o)
    0x08016508   0x08016508   0x000000c8   Code   RO        11145    x$fpl$dfix          g_wm.l(dfix.o)
    0x080165d0   0x080165d0   0x0000002e   Code   RO        10783    x$fpl$dflt          g_wm.l(dflt_clz.o)
    0x080165fe   0x080165fe   0x0000001a   Code   RO        10784    x$fpl$dfltn         g_wm.l(dflt_clz.o)
    0x08016618   0x08016618   0x00000026   Code   RO        10782    x$fpl$dfltu         g_wm.l(dflt_clz.o)
    0x0801663e   0x0801663e   0x00000002   PAD
    0x08016640   0x08016640   0x00000078   Code   RO        10788    x$fpl$dleqf         g_wm.l(dleqf.o)
    0x080166b8   0x080166b8   0x000001c0   Code   RO        10790    x$fpl$dmul          g_wm.l(dmul_clz.o)
    0x08016878   0x08016878   0x00000102   Code   RO        11020    x$fpl$dnaninf       g_wm.l(dnaninf.o)
    0x0801697a   0x0801697a   0x00000070   Code   RO        11022    x$fpl$drenorm       g_wm.l(drenorm_clz.o)
    0x080169ea   0x080169ea   0x0000000c   Code   RO        11024    x$fpl$dretinf       g_wm.l(dretinf.o)
    0x080169f6   0x080169f6   0x00000062   Code   RO        10792    x$fpl$drleqf        g_wm.l(drleqf.o)
    0x08016a58   0x08016a58   0x00000050   Code   RO        10773    x$fpl$drsb          g_wm.l(daddsub_clz.o)
    0x08016aa8   0x08016aa8   0x00000208   Code   RO        11026    x$fpl$dsqrt         g_wm.l(dsqrt_umaalclz.o)
    0x08016cb0   0x08016cb0   0x0000029c   Code   RO        10774    x$fpl$dsub          g_wm.l(daddsub_clz.o)
    0x08016f4c   0x08016f4c   0x0000017a   Code   RO        11028    x$fpl$dunder        g_wm.l(dunder_clz.o)
    0x080170c6   0x080170c6   0x00000002   PAD
    0x080170c8   0x080170c8   0x000001ec   Code   RO        11030    x$fpl$exception     g_wm.l(except.o)
    0x080172b4   0x080172b4   0x0000007a   Code   RO        10794    x$fpl$f2d           g_wm.l(f2d.o)
    0x0801732e   0x0801732e   0x000000f2   Code   RO        11032    x$fpl$fnaninf       g_wm.l(fnaninf.o)
    0x08017420   0x08017420   0x0000000a   Code   RO        11149    x$fpl$fpinit        g_wm.l(fpinit.o)
    0x0801742a   0x0801742a   0x0000000a   Code   RO        11034    x$fpl$fretinf       g_wm.l(fretinf.o)
    0x08017434   0x08017434   0x0000013c   Code   RO        11036    x$fpl$funder        g_wm.l(funder_clz.o)
    0x08017570   0x08017570   0x000000b2   Code   RO        11151    x$fpl$retnan        g_wm.l(retnan.o)
    0x08017622   0x08017622   0x0000007e   Code   RO        11040    x$fpl$trapveneer    g_wm.l(trapv.o)
    0x080176a0   0x080176a0   0x00000000   Code   RO        11042    x$fpl$usenofp       g_wm.l(usenofp.o)
    0x080176a0   0x080176a0   0x00000118   Data   RO          325    .constdata          freertos.o
    0x080177b8   0x080177b8   0x00000008   Data   RO         3422    .constdata          stm32f4xx_hal_dma.o
    0x080177c0   0x080177c0   0x00000018   Data   RO         5436    .constdata          system_stm32f4xx.o
    0x080177d8   0x080177d8   0x00000090   Data   RO         7128    .constdata          quaternionekf.o
    0x08017868   0x08017868   0x00000302   Data   RO         8269    .constdata          crc8_crc16.o
    0x08017b6a   0x08017b6a   0x00000002   PAD
    0x08017b6c   0x08017b6c   0x00000030   Data   RO         9113    .constdata          ins_task.o
    0x08017b9c   0x08017b9c   0x00000804   Data   RO        10621    .constdata          arm_cortexM4lf_math.lib(arm_common_tables.o)
    0x080183a0   0x080183a0   0x00000030   Data   RO        11044    .constdata          m_wm.l(cos_i.o)
    0x080183d0   0x080183d0   0x000000c8   Data   RO        11083    .constdata          m_wm.l(rred.o)
    0x08018498   0x08018498   0x00000020   Data   RO        11087    .constdata          m_wm.l(rredf.o)
    0x080184b8   0x080184b8   0x00000028   Data   RO        11090    .constdata          m_wm.l(sin_i.o)
    0x080184e0   0x080184e0   0x00000074   Data   RO          326    .conststring        freertos.o
    0x08018554   0x08018554   0x00000012   Data   RO         9746    .conststring        steering_ui.o
    0x08018566   0x08018566   0x00000002   PAD
    0x08018568   0x08018568   0x00000020   Data   RO        11242    Region$$Table       anon$$obj.o


    Execution Region RW_IRAM1 (Exec base: 0x20000000, Load base: 0x08018588, Size: 0x0000e800, Max: 0x0001c000, ABSOLUTE, COMPRESSED[0x0000011c])

    Exec Addr    Load Addr    Size         Type   Attr      Idx    E Section Name        Object

    0x20000000   COMPRESSED   0x00000004   Data   RW           17    .data               main.o
    0x20000004   COMPRESSED   0x00000028   Data   RW          327    .data               freertos.o
    0x2000002c   COMPRESSED   0x00000004   Data   RW          437    .data               can.o
    0x20000030   COMPRESSED   0x00000006   Data   RW         1120    .data               stm32f4xx_it.o
    0x20000036   COMPRESSED   0x00000002   PAD
    0x20000038   COMPRESSED   0x00000009   Data   RW         3872    .data               stm32f4xx_hal.o
    0x20000041   COMPRESSED   0x00000003   PAD
    0x20000044   COMPRESSED   0x00000004   Data   RW         5437    .data               system_stm32f4xx.o
    0x20000048   COMPRESSED   0x0000003c   Data   RW         6056    .data               tasks.o
    0x20000084   COMPRESSED   0x00000020   Data   RW         6760    .data               heap_4.o
    0x200000a4   COMPRESSED   0x0000000c   Data   RW         6828    .data               port.o
    0x200000b0   COMPRESSED   0x00000004   Data   RW         6907    .data               kalman_filter.o
    0x200000b4   COMPRESSED   0x00000018   Data   RW         6996    .data               user_lib.o
    0x200000cc   COMPRESSED   0x000000d4   Data   RW         7129    .data               quaternionekf.o
    0x200001a0   COMPRESSED   0x00000270   Data   RW         7207    .data               controller.o
    0x20000410   COMPRESSED   0x00000048   Data   RW         7333    .data               bmi088driver.o
    0x20000458   COMPRESSED   0x00000004   Data   RW         7410    .data               bmi088middleware.o
    0x2000045c   COMPRESSED   0x0000000c   Data   RW         7508    .data               bsp_can.o
    0x20000468   COMPRESSED   0x00000048   Data   RW         7593    .data               bsp_dwt.o
    0x200004b0   COMPRESSED   0x00000038   Data   RW         7696    .data               can_receive.o
    0x200004e8   COMPRESSED   0x0000000e   Data   RW         7949    .data               bsp_transmit.o
    0x200004f6   COMPRESSED   0x00000002   Data   RW         8270    .data               crc8_crc16.o
    0x200004f8   COMPRESSED   0x0000007c   Data   RW         8548    .data               referee.o
    0x20000574   COMPRESSED   0x00000012   Data   RW         8630    .data               referee_usart_task.o
    0x20000586   COMPRESSED   0x00000002   PAD
    0x20000588   COMPRESSED   0x0000005e   Data   RW         8676    .data               supercap.o
    0x200005e6   COMPRESSED   0x00000002   PAD
    0x200005e8   COMPRESSED   0x000000a4   Data   RW         8737    .data               chassis_power.o
    0x2000068c   COMPRESSED   0x0000001c   Data   RW         8988    .data               chassis_task.o
    0x200006a8   COMPRESSED   0x00000060   Data   RW         9114    .data               ins_task.o
    0x20000708   COMPRESSED   0x00000014   Data   RW         9329    .data               big_gimbal_task.o
    0x2000071c   COMPRESSED   0x00000006   Data   RW         9542    .data               trigger_task.o
    0x20000722   COMPRESSED   0x00000002   PAD
    0x20000724   COMPRESSED   0x00000016   Data   RW         9625    .data               nautilus_ui.o
    0x2000073a   COMPRESSED   0x00000006   PAD
    0x20000740   COMPRESSED   0x00000050   Data   RW         9747    .data               steering_ui.o
    0x20000790   COMPRESSED   0x00000001   Data   RW        10097    .data               usbd_ctlreq.o
    0x20000791   COMPRESSED   0x00000003   PAD
    0x20000794        -       0x0000025c   Zero   RW          324    .bss                freertos.o
    0x200009f0        -       0x00000050   Zero   RW          436    .bss                can.o
    0x20000a40        -       0x00000020   Zero   RW          508    .bss                rtc.o
    0x20000a60        -       0x00000118   Zero   RW          550    .bss                spi.o
    0x20000b78        -       0x00000048   Zero   RW          593    .bss                tim.o
    0x20000bc0        -       0x000002b8   Zero   RW          642    .bss                usart.o
    0x20000e78        -       0x00000704   Zero   RW          774    .bss                usbd_conf.o
    0x2000157c        -       0x00000048   Zero   RW         1287    .bss                stm32f4xx_hal_timebase_tim.o
    0x200015c4        -       0x000000f0   Zero   RW         6055    .bss                tasks.o
    0x200016b4        -       0x00007148   Zero   RW         6759    .bss                heap_4.o
    0x200087fc   COMPRESSED   0x00000004   PAD
    0x20008800        -       0x00000270   Zero   RW         7127    .bss                quaternionekf.o
    0x20008a70        -       0x00000040   Zero   RW         7332    .bss                bmi088driver.o
    0x20008ab0        -       0x00000114   Zero   RW         7695    .bss                can_receive.o
    0x20008bc4        -       0x000000ab   Zero   RW         7948    .bss                bsp_transmit.o
    0x20008c6f        -       0x00000319   Zero   RW         8547    .bss                referee.o
    0x20008f88        -       0x000008a1   Zero   RW         8629    .bss                referee_usart_task.o
    0x20009829   COMPRESSED   0x00000003   PAD
    0x2000982c        -       0x00000194   Zero   RW         8987    .bss                chassis_task.o
    0x200099c0        -       0x00000178   Zero   RW         9112    .bss                ins_task.o
    0x20009b38        -       0x000003a8   Zero   RW         9328    .bss                big_gimbal_task.o
    0x20009ee0        -       0x0000018a   Zero   RW         9497    .bss                navigation.o
    0x2000a06a   COMPRESSED   0x00000002   PAD
    0x2000a06c        -       0x000000f8   Zero   RW         9541    .bss                trigger_task.o
    0x2000a164        -       0x0000016c   Zero   RW         9624    .bss                nautilus_ui.o
    0x2000a2d0        -       0x000004ce   Zero   RW         9745    .bss                steering_ui.o
    0x2000a79e   COMPRESSED   0x00000002   PAD
    0x2000a7a0        -       0x00000060   Zero   RW        11098    .bss                c_w.l(libspace.o)
    0x2000a800        -       0x00002000   Zero   RW            2    HEAP                startup_stm32f407xx.o
    0x2000c800        -       0x00002000   Zero   RW            1    STACK               startup_stm32f407xx.o


    Execution Region RW_IRAM2 (Exec base: 0x2001c000, Load base: 0x080186a4, Size: 0x00000000, Max: 0x00004000, ABSOLUTE)

    **** No section assigned to this execution region ****


==============================================================================

Image component sizes


      Code (inc. data)   RO Data    RW Data    ZI Data      Debug   Object Name

      3474        522          0         20        936      15937   big_gimbal_task.o
      2882        174          0         72         64      10313   bmi088driver.o
       116         30          0          4          0       3364   bmi088middleware.o
       680         40          0         12          0       5261   bsp_can.o
       592        114          0         72          0       4525   bsp_dwt.o
        58          0          0          0          0        874   bsp_pwm.o
       892         92          0         14        171       9414   bsp_transmit.o
       312         26          0          0          0     584161   bsp_usart.o
       528         44          0          4         80       2478   can.o
      1074         84          0         56        276     577701   can_receive.o
      2108        142          0        164          0       7694   chassis_power.o
      4742        402          0         28        404      11678   chassis_task.o
       142          0          0          0          0      23115   cmsis_os.o
      2252         38          0        624          0      12776   controller.o
       282         20        770          2          0       5054   crc8_crc16.o
       184          6          0          0          0        854   dma.o
         0          0          0          0          0      16936   event_groups.o
       258          0          0          0          0      10275   fifo.o
       346         56        396         40        604       3920   freertos.o
       652         30          0          0          0       1339   gpio.o
       724         74          0         32      29000       7495   heap_4.o
      2700        228         48         96        376      11776   ins_task.o
       198          6          0          0          0       1874   kalman.o
      3160         26          0          4          0       8919   kalman_filter.o
       148          0          0          0          0       3634   list.o
        36          4          0          0          0       1326   lowpass.o
       324         22          0          4          0     782862   main.o
      2030         80          0         22        364      13752   nautilus_ui.o
         0          0          0          0        394       4852   navigation.o
       516         10          0          0          0       2554   pid.o
       894         78          0         12          0      11272   port.o
      4156        234        144        212        624      10471   quaternionekf.o
      1080        270          0        124        793      17785   referee.o
       688         56          0         18       2209       3026   referee_usart_task.o
       116         22          0          0         32       1547   rtc.o
       448         70          0          0          0       3221   send_current_task.o
       126          0          0          0          0       1721   smc.o
       416         38          0          0        280       1943   spi.o
        64         26        392          0      16384        856   startup_stm32f407xx.o
      9324       1080         18         80       1230      19450   steering_ui.o
       136         24          0          9          0       8794   stm32f4xx_hal.o
      2142          4          0          0          0      13999   stm32f4xx_hal_can.o
       260         22          0          0          0      33626   stm32f4xx_hal_cortex.o
      1442         16          8          0          0       7749   stm32f4xx_hal_dma.o
       542         50          0          0          0       3376   stm32f4xx_hal_gpio.o
        84          6          0          0          0        858   stm32f4xx_hal_msp.o
      3008         16          0          0          0      10830   stm32f4xx_hal_pcd.o
         2          0          0          0          0       1005   stm32f4xx_hal_pcd_ex.o
      1888         94          0          0          0       6377   stm32f4xx_hal_rcc.o
       416         20          0          0          0       1432   stm32f4xx_hal_rcc_ex.o
       356         10          0          0          0       3343   stm32f4xx_hal_rtc.o
      1136         12          0          0          0       4709   stm32f4xx_hal_spi.o
      1972        142          0          0          0      12964   stm32f4xx_hal_tim.o
         4          0          0          0          0       1633   stm32f4xx_hal_tim_ex.o
       180         18          0          0         72       1483   stm32f4xx_hal_timebase_tim.o
      3014         40          0          0          0      18198   stm32f4xx_hal_uart.o
       428        100          0          6          0      12493   stm32f4xx_it.o
      2548         58          0          0          0      15171   stm32f4xx_ll_usb.o
         0          0          0          0          0        392   stream_buffer.o
       184         26          0         94          0       3085   supercap.o
        20          6         24          4          0       1143   system_stm32f4xx.o
      2172        268          0         60        240      20745   tasks.o
       260         30          0          0         72       2314   tim.o
      3104        222          0          6        248       7684   trigger_task.o
      1040         96          0          0        696       3639   usart.o
       632          6          0          0       1796      13278   usbd_conf.o
       882          0          0          0          0      12955   usbd_core.o
      1822         28          0          1          0      16687   usbd_ctlreq.o
       104          0          0          0          0       3884   usbd_ioreq.o
       790         26          0         24          0       6675   user_lib.o
        14          0          0          0          0        492   vofa.o

    ----------------------------------------------------------------------
     79378       5484       1836       1940      57356    2469018   Object Totals
         0          0         32          0          0          0   (incl. Generated)
        74          0          4         20         11          0   (incl. Padding)

    ----------------------------------------------------------------------

      Code (inc. data)   RO Data    RW Data    ZI Data      Debug   Library Member Name

         0          0       2052          0          0       4704   arm_common_tables.o
       120         12          0          0          0      17170   arm_cos_f32.o
       264          0          0          0          0       1826   arm_mat_add_f32.o
         8          0          0          0          0        999   arm_mat_init_f32.o
      1328          4          0          0          0       4782   arm_mat_inverse_f32.o
       316          4          0          0          0       2375   arm_mat_mult_f32.o
       264          0          0          0          0       1826   arm_mat_sub_f32.o
       276          0          0          0          0       2240   arm_mat_trans_f32.o
       148         18          0          0          0        814   arm_sin_f32.o
        90          0          0          0          0          0   __dczerorl2.o
         8          0          0          0          0         68   __main.o
         0          0          0          0          0          0   __rtentry.o
        12          0          0          0          0          0   __rtentry2.o
         6          0          0          0          0          0   __rtentry4.o
        52          8          0          0          0          0   __scatter.o
        28          0          0          0          0          0   __scatter_zi.o
        48          4          0          0          0         84   _fptrap.o
        22          0          0          0          0        100   _rserrno.o
        16          0          0          0          0         68   aeabi_memset.o
        10          0          0          0          0         68   defsig_exit.o
       172        110          0          0          0         76   defsig_fpe_inner.o
        14          0          0          0          0         80   defsig_fpe_outer.o
        50          0          0          0          0         88   defsig_general.o
        80         58          0          0          0         76   defsig_rtmem_inner.o
        14          0          0          0          0         80   defsig_rtmem_outer.o
        18          0          0          0          0         80   exit.o
        94          0          0          0          0         80   h1_alloc.o
        52          0          0          0          0         68   h1_extend.o
        78          0          0          0          0         80   h1_free.o
        14          0          0          0          0         84   h1_init.o
         6          0          0          0          0        152   heapauxi.o
         4          0          0          0          0        136   hguard.o
         0          0          0          0          0          0   indicate_semi.o
       138          0          0          0          0        168   init_alloc.o
         2          0          0          0          0          0   libinit.o
        14          0          0          0          0          0   libinit2.o
         2          0          0          0          0          0   libshutdown.o
         2          0          0          0          0          0   libshutdown2.o
         8          4          0          0         96         68   libspace.o
       238          0          0          0          0        100   lludivv7m.o
         0          0          0          0          0          0   maybetermalloc1.o
         8          4          0          0          0         68   rt_errno_addr_intlibspace.o
         8          4          0          0          0         68   rt_heap_descriptor_intlibspace.o
        68          0          0          0          0         68   rt_memclr.o
        78          0          0          0          0         80   rt_memclr_w.o
       138          0          0          0          0         68   rt_memcpy_v6.o
       100          0          0          0          0         80   rt_memcpy_w.o
         2          0          0          0          0          0   rtexit.o
        10          0          0          0          0          0   rtexit2.o
        12          4          0          0          0         68   sys_exit.o
        74          0          0          0          0         80   sys_stackheap_outer.o
        14          0          0          0          0         76   sys_wrch.o
         2          0          0          0          0         68   use_no_semi.o
        24          0          0          0          0        164   basic.o
       708         16          0          0          0        140   d2f_clz.o
      1336         32          0          0          0        532   daddsub_clz.o
        24          0          0          0          0        116   dcmpi.o
       892        152          0          0          0        292   ddiv_clz.o
       200         16          0          0          0        184   dfix.o
       110          0          0          0          0        348   dflt_clz.o
       120          8          0          0          0        140   dleqf.o
       448         16          0          0          0        164   dmul_clz.o
       258          4          0          0          0        156   dnaninf.o
       112          0          0          0          0        160   drenorm_clz.o
        12          0          0          0          0        116   dretinf.o
        98          0          0          0          0        128   drleqf.o
       520         56          0          0          0        180   dsqrt_umaalclz.o
       378          0          0          0          0        168   dunder_clz.o
       492         36          0          0          0        148   except.o
       122          8          0          0          0        132   f2d.o
       242          4          0          0          0        144   fnaninf.o
        10          0          0          0          0        116   fpinit.o
        10          0          0          0          0        116   fretinf.o
       316          0          0          0          0        132   funder_clz.o
       178          0          0          0          0        116   retnan.o
       126          0          0          0          0        148   trapv.o
         0          0          0          0          0          0   usenofp.o
       280         46          0          0          0        176   acosf.o
       300         42          0          0          0        176   asinf.o
       684         90          0          0          0        208   atan2f.o
       200         20          0          0          0        164   cos.o
       368         46         48          0          0        200   cos_i.o
       336         56          0          0          0        136   cosf.o
        84         16          0          0          0        372   dunder.o
        44          0          0          0          0        248   fabs.o
        48          0          0          0          0        124   fpclassify.o
        38          0          0          0          0        116   fpclassifyf.o
        44         12          0          0          0        464   funder.o
       248          0          0          0          0        152   poly.o
      1080        142        200          0          0        188   rred.o
       340         24         32          0          0        160   rredf.o
       200         20          0          0          0        164   sin.o
       304         24         40          0          0        208   sin_i.o
       122          0          0          0          0        148   sqrt_full.o
       120          0          0          0          0        272   sqrtf_full.o

    ----------------------------------------------------------------------
     16134       1120       2372          0         96      46980   Library Totals
        28          0          0          0          0          0   (incl. Padding)

    ----------------------------------------------------------------------

      Code (inc. data)   RO Data    RW Data    ZI Data      Debug   Library Name

      2724         38       2052          0          0      36736   arm_cortexM4lf_math.lib
      1806        196          0          0         96       2528   c_w.l
      6736        348          0          0          0       4040   g_wm.l
      4840        538        320          0          0       3676   m_wm.l

    ----------------------------------------------------------------------
     16134       1120       2372          0         96      46980   Library Totals

    ----------------------------------------------------------------------

==============================================================================


      Code (inc. data)   RO Data    RW Data    ZI Data      Debug   

     95512       6604       4208       1940      57452    2465194   Grand Totals
     95512       6604       4208        284      57452    2465194   ELF Image Totals (compressed)
     95512       6604       4208        284          0          0   ROM Totals

==============================================================================

    Total RO  Size (Code + RO Data)                99720 (  97.38kB)
    Total RW  Size (RW Data + ZI Data)             59392 (  58.00kB)
    Total ROM Size (Code + RO Data + RW Data)     100004 (  97.66kB)

==============================================================================

